Archive member included to satisfy reference by file (symbol)

app/libapp.a(main.c.obj)      (--whole-archive)
zephyr/libzephyr.a(cbprintf_packaged.c.obj)
                              (--whole-archive)
zephyr/libzephyr.a(dec.c.obj)
                              (--whole-archive)
zephyr/libzephyr.a(fdtable.c.obj)
                              (--whole-archive)
zephyr/libzephyr.a(hex.c.obj)
                              (--whole-archive)
zephyr/libzephyr.a(printk.c.obj)
                              (--whole-archive)
zephyr/libzephyr.a(rb.c.obj)  (--whole-archive)
zephyr/libzephyr.a(sem.c.obj)
                              (--whole-archive)
zephyr/libzephyr.a(thread_entry.c.obj)
                              (--whole-archive)
zephyr/libzephyr.a(timeutil.c.obj)
                              (--whole-archive)
zephyr/libzephyr.a(heap.c.obj)
                              (--whole-archive)
zephyr/libzephyr.a(heap-validate.c.obj)
                              (--whole-archive)
zephyr/libzephyr.a(bitarray.c.obj)
                              (--whole-archive)
zephyr/libzephyr.a(multi_heap.c.obj)
                              (--whole-archive)
zephyr/libzephyr.a(onoff.c.obj)
                              (--whole-archive)
zephyr/libzephyr.a(notify.c.obj)
                              (--whole-archive)
zephyr/libzephyr.a(crc32c_sw.c.obj)
                              (--whole-archive)
zephyr/libzephyr.a(crc32_sw.c.obj)
                              (--whole-archive)
zephyr/libzephyr.a(crc16_sw.c.obj)
                              (--whole-archive)
zephyr/libzephyr.a(crc8_sw.c.obj)
                              (--whole-archive)
zephyr/libzephyr.a(crc7_sw.c.obj)
                              (--whole-archive)
zephyr/libzephyr.a(cbprintf_complete.c.obj)
                              (--whole-archive)
zephyr/libzephyr.a(cbprintf.c.obj)
                              (--whole-archive)
zephyr/libzephyr.a(ring_buffer.c.obj)
                              (--whole-archive)
zephyr/libzephyr.a(assert.c.obj)
                              (--whole-archive)
zephyr/libzephyr.a(reboot.c.obj)
                              (--whole-archive)
zephyr/libzephyr.a(configs.c.obj)
                              (--whole-archive)
zephyr/libzephyr.a(soc.c.obj)
                              (--whole-archive)
zephyr/libzephyr.a(power.c.obj)
                              (--whole-archive)
zephyr/libzephyr.a(soc_nrf_common.S.obj)
                              (--whole-archive)
zephyr/libzephyr.a(soc_secure.c.obj)
                              (--whole-archive)
zephyr/libzephyr.a(validate_base_addresses.c.obj)
                              (--whole-archive)
zephyr/libzephyr.a(validate_enabled_instances.c.obj)
                              (--whole-archive)
zephyr/libzephyr.a(pm.c.obj)  (--whole-archive)
zephyr/libzephyr.a(policy.c.obj)
                              (--whole-archive)
zephyr/libzephyr.a(state.c.obj)
                              (--whole-archive)
zephyr/libzephyr.a(tracing_none.c.obj)
                              (--whole-archive)
zephyr/libzephyr.a(usb_device.c.obj)
                              (--whole-archive)
zephyr/libzephyr.a(usb_descriptor.c.obj)
                              (--whole-archive)
zephyr/libzephyr.a(usb_transfer.c.obj)
                              (--whole-archive)
zephyr/libzephyr.a(cdc_acm.c.obj)
                              (--whole-archive)
zephyr/libzephyr.a(usb_work_q.c.obj)
                              (--whole-archive)
zephyr/libzephyr.a(flash_map_partition_manager.c.obj)
                              (--whole-archive)
zephyr/arch/common/libarch__common.a(sw_isr_common.c.obj)
                              (--whole-archive)
zephyr/arch/arch/arm/core/aarch32/libarch__arm__core__aarch32.a(cpu_idle.S.obj)
                              (--whole-archive)
zephyr/arch/arch/arm/core/aarch32/libarch__arm__core__aarch32.a(fatal.c.obj)
                              (--whole-archive)
zephyr/arch/arch/arm/core/aarch32/libarch__arm__core__aarch32.a(irq_manage.c.obj)
                              (--whole-archive)
zephyr/arch/arch/arm/core/aarch32/libarch__arm__core__aarch32.a(nmi.c.obj)
                              (--whole-archive)
zephyr/arch/arch/arm/core/aarch32/libarch__arm__core__aarch32.a(nmi_on_reset.S.obj)
                              (--whole-archive)
zephyr/arch/arch/arm/core/aarch32/libarch__arm__core__aarch32.a(prep_c.c.obj)
                              (--whole-archive)
zephyr/arch/arch/arm/core/aarch32/libarch__arm__core__aarch32.a(swap.c.obj)
                              (--whole-archive)
zephyr/arch/arch/arm/core/aarch32/libarch__arm__core__aarch32.a(swap_helper.S.obj)
                              (--whole-archive)
zephyr/arch/arch/arm/core/aarch32/libarch__arm__core__aarch32.a(thread.c.obj)
                              (--whole-archive)
zephyr/arch/arch/arm/core/aarch32/libarch__arm__core__aarch32.a(isr_wrapper.S.obj)
                              (--whole-archive)
[...]
Memory Configuration

Name             Origin             Length             Attributes
FLASH            0x000000000001c000 0x00000000000d4000 xr
RAM              0x000000002000a000 0x0000000000076000 xw
IDT_LIST         0x00000000fffff7ff 0x0000000000000800 xw
*default*        0x0000000000000000 0xffffffffffffffff

Linker script and memory map

LOAD zephyr/CMakeFiles/zephyr_pre1.dir/misc/empty_file.c.obj
LOAD zephyr/CMakeFiles/zephyr_pre1.dir/dev_handles.c.obj
LOAD app/libapp.a
LOAD zephyr/libzephyr.a
LOAD zephyr/arch/common/libarch__common.a
LOAD zephyr/arch/arch/arm/core/aarch32/libarch__arm__core__aarch32.a
LOAD zephyr/arch/arch/arm/core/aarch32/cortex_m/libarch__arm__core__aarch32__cortex_m.a
LOAD zephyr/arch/arch/arm/core/aarch32/cortex_m/cmse/libarch__arm__core__aarch32__cortex_m__cmse.a
LOAD zephyr/arch/arch/arm/core/aarch32/mpu/libarch__arm__core__aarch32__mpu.a
LOAD zephyr/lib/libc/minimal/liblib__libc__minimal.a
LOAD zephyr/soc/arm/common/cortex_m/libsoc__arm__common__cortex_m.a
LOAD zephyr/boards/arm/thingy53_nrf5340/libboards__arm__thingy53_nrf5340.a
LOAD zephyr/subsys/random/libsubsys__random.a
LOAD zephyr/drivers/usb/device/libdrivers__usb__device.a
LOAD zephyr/drivers/clock_control/libdrivers__clock_control.a
LOAD zephyr/drivers/console/libdrivers__console.a
LOAD zephyr/drivers/entropy/libdrivers__entropy.a
LOAD zephyr/drivers/gpio/libdrivers__gpio.a
LOAD zephyr/drivers/hwinfo/libdrivers__hwinfo.a
LOAD zephyr/drivers/i2c/libdrivers__i2c.a
LOAD zephyr/drivers/pinctrl/libdrivers__pinctrl.a
LOAD zephyr/drivers/regulator/libdrivers__regulator.a
LOAD zephyr/drivers/serial/libdrivers__serial.a
LOAD zephyr/drivers/spi/libdrivers__spi.a
LOAD zephyr/drivers/timer/libdrivers__timer.a
LOAD modules/nrf/lib/fatal_error/lib..__nrf__lib__fatal_error.a
LOAD modules/nrf/modules/tfm/zephyr/libtfm_api_nrf.a
LOAD modules/trusted-firmware-m/libtfm_api.a
LOAD modules/hal_nordic/nrfx/libmodules__hal_nordic__nrfx.a
LOAD modules/nrfxlib/nrfxlib/nrf_security/src/zephyr/libmbedtls_zephyr.a
LOAD zephyr/kernel/libkernel.a
LOAD zephyr/CMakeFiles/offsets.dir/./arch/arm/core/offsets/offsets.c.obj
LOAD /home/siji/ncs/toolchains/1f9b40e71a/opt/zephyr-sdk/arm-zephyr-eabi/bin/../lib/gcc/arm-zephyr-eabi/12.2.0/thumb/v8-m.main/nofp/libgcc.a
LOAD zephyr/arch/common/libisr_tables.a
LOAD tfm/secure_fw/s_veneers.o
LOAD modules/nrfxlib/nrfxlib/nrf_security/src/libmbedcrypto.a
LOAD /home/siji/ncs/v2.4.2/nrfxlib/crypto/nrf_oberon/lib/cortex-m33/soft-float/liboberon_mbedtls_3.0.13.a
LOAD modules/nrfxlib/nrfxlib/nrf_security/src/libmbedcrypto_base.a
LOAD /home/siji/ncs/v2.4.2/nrfxlib/crypto/nrf_oberon/lib/cortex-m33/soft-float/liboberon_3.0.13.a
                0x0000000000000020                _region_min_align = 0x20

.rel.plt        0x000000000001c000        0x0
 *(SORT_BY_ALIGNMENT(.rel.plt))
                [!provide]                        PROVIDE (__rel_iplt_start = .)
 *(SORT_BY_ALIGNMENT(.rel.iplt))
 .rel.iplt      0x000000000001c000        0x0 app/libapp.a(main.c.obj)
                [!provide]                        PROVIDE (__rel_iplt_end = .)

.rela.plt       0x0000000000000000        0x0
 *(SORT_BY_ALIGNMENT(.rela.plt))
                [!provide]                        PROVIDE (__rela_iplt_start = .)
 *(SORT_BY_ALIGNMENT(.rela.iplt))
                [!provide]                        PROVIDE (__rela_iplt_end = .)

.rel.dyn
 *(SORT_BY_ALIGNMENT(.rel.*))

.rela.dyn
 *(SORT_BY_ALIGNMENT(.rela.*))

/DISCARD/
 *(SORT_BY_ALIGNMENT(.plt))

/DISCARD/
 *(SORT_BY_ALIGNMENT(.iplt))
                0x000000000001c000                __rom_region_start = 0x1c000

rom_start       0x000000000001c000      0x154
                0x0000000000000000                . = 0x0
                0x0000000000000000                . = ALIGN (0x4)
                0x0000000000000000                . = ALIGN (0x80)
                0x0000000000000000                . = ALIGN (0x200)
                0x000000000001c000                _vector_start = .
 *(SORT_BY_ALIGNMENT(.exc_vector_table))
 *(SORT_BY_ALIGNMENT(.exc_vector_table.*))
 .exc_vector_table._vector_table_section
                0x000000000001c000       0x40 zephyr/arch/arch/arm/core/aarch32/cortex_m/libarch__arm__core__aarch32__cortex_m.a(vector_table.S.obj)
                0x000000000001c000                _vector_table
 *(SORT_BY_ALIGNMENT(.vectors))
                0x000000000001c154                _vector_end = .
                0x000000000001c040                . = ALIGN (0x4)
 *(SORT_BY_ALIGNMENT(.gnu.linkonce.irq_vector_table*))
 .gnu.linkonce.irq_vector_table
                0x000000000001c040      0x114 zephyr/arch/common/libisr_tables.a(isr_tables.c.obj)
                0x000000000001c040                _irq_vector_table
                0x000000000001c154                _vector_end = .

text            0x000000000001c154     0xa00c
                0x000000000001c154                __text_region_start = .
 *(SORT_BY_ALIGNMENT(.text))
 .text          0x000000000001c154       0x30 /home/siji/ncs/toolchains/1f9b40e71a/opt/zephyr-sdk/arm-zephyr-eabi/bin/../lib/gcc/arm-zephyr-eabi/12.2.0/thumb/v8-m.main/nofp/libgcc.a(_aeabi_uldivmod.o)
                0x000000000001c154                __aeabi_uldivmod
 .text          0x000000000001c184        0x4 /home/siji/ncs/toolchains/1f9b40e71a/opt/zephyr-sdk/arm-zephyr-eabi/bin/../lib/gcc/arm-zephyr-eabi/12.2.0/thumb/v8-m.main/nofp/libgcc.a(_dvmd_tls.o)
                0x000000000001c184                __aeabi_ldiv0
                0x000000000001c184                __aeabi_idiv0
 .text          0x000000000001c188      0x29c /home/siji/ncs/toolchains/1f9b40e71a/opt/zephyr-sdk/arm-zephyr-eabi/bin/../lib/gcc/arm-zephyr-eabi/12.2.0/thumb/v8-m.main/nofp/libgcc.a(_udivmoddi4.o)
                0x000000000001c188                __udivmoddi4
 *(SORT_BY_ALIGNMENT(.text.*))
 .text.button_pressed_isr
                0x000000000001c424       0x10 app/libapp.a(main.c.obj)
                0x000000000001c424                button_pressed_isr
 .text.main     0x000000000001c434       0x90 app/libapp.a(main.c.obj)
                0x000000000001c434                main
 .text.char_out
                0x000000000001c4c4        0xc zephyr/libzephyr.a(printk.c.obj)
 .text.__printk_hook_install
                0x000000000001c4d0        0xc zephyr/libzephyr.a(printk.c.obj)
                0x000000000001c4d0                __printk_hook_install
 .text.vprintk  0x000000000001c4dc       0x1c zephyr/libzephyr.a(printk.c.obj)
                0x000000000001c4dc                vprintk
 .text.process_event
                0x000000000001c4f8      0x21c zephyr/libzephyr.a(onoff.c.obj)
 .text.z_cbvprintf_impl
                0x000000000001c714      0x764 zephyr/libzephyr.a(cbprintf_complete.c.obj)
                0x000000000001c714                z_cbvprintf_impl
 .text.z_arm_on_enter_cpu_idle
                0x000000000001ce78       0x68 zephyr/libzephyr.a(soc.c.obj)
                0x000000000001ce78                z_arm_on_enter_cpu_idle
 .text.arch_busy_wait
                0x000000000001cee0       0x24 zephyr/libzephyr.a(soc.c.obj)
                0x000000000001cee0                arch_busy_wait
 .text.z_arm_platform_init
                0x000000000001cf04        0x4 zephyr/libzephyr.a(soc_nrf_common.S.obj)
                0x000000000001cf04                z_arm_platform_init
 .text.pm_state_notify
                0x000000000001cf08       0x5c zephyr/libzephyr.a(pm.c.obj)
 .text.pm_system_resume
                0x000000000001cf64       0x70 zephyr/libzephyr.a(pm.c.obj)
                0x000000000001cf64                pm_system_resume
 .text.pm_system_suspend
                0x000000000001cfd4       0xec zephyr/libzephyr.a(pm.c.obj)
                0x000000000001cfd4                pm_system_suspend
 .text.pm_policy_next_state
                0x000000000001d0c0       0x94 zephyr/libzephyr.a(policy.c.obj)
                0x000000000001d0c0                pm_policy_next_state
 .text.pm_state_cpu_get_all
                0x000000000001d154       0x10 zephyr/libzephyr.a(state.c.obj)
                0x000000000001d154                pm_state_cpu_get_all
 .text.class_handler
                0x000000000001d164       0x40 zephyr/libzephyr.a(usb_device.c.obj)
 .text.custom_handler
                0x000000000001d1a4       0x60 zephyr/libzephyr.a(usb_device.c.obj)
 .text.vendor_handler
                0x000000000001d204       0x3c zephyr/libzephyr.a(usb_device.c.obj)
 .text.disable_endpoint
                0x000000000001d240       0x2c zephyr/libzephyr.a(usb_device.c.obj)
 .text.usb_reset_alt_setting
                0x000000000001d26c       0x10 zephyr/libzephyr.a(usb_device.c.obj)
 .text.is_ep_valid.part.0
                0x000000000001d27c       0x38 zephyr/libzephyr.a(usb_device.c.obj)
 .text.usb_handle_request.constprop.0
                0x000000000001d2b4       0x2c zephyr/libzephyr.a(usb_device.c.obj)
 .text.forward_status_cb
                0x000000000001d2e0       0xac zephyr/libzephyr.a(usb_device.c.obj)
 .text.usb_halt_endpoint_req.isra.0
                0x000000000001d38c       0x50 zephyr/libzephyr.a(usb_device.c.obj)
 .text.set_endpoint
                0x000000000001d3dc       0x84 zephyr/libzephyr.a(usb_device.c.obj)
 .text.usb_handle_standard_request
                0x000000000001d460      0x29c zephyr/libzephyr.a(usb_device.c.obj)
 .text.usb_data_to_host
                0x000000000001d6fc       0x54 zephyr/libzephyr.a(usb_device.c.obj)
 .text.usb_handle_control_transfer
                0x000000000001d750       0xdc zephyr/libzephyr.a(usb_device.c.obj)
 .text.usb_set_config
                0x000000000001d82c       0x2c zephyr/libzephyr.a(usb_device.c.obj)
                0x000000000001d82c                usb_set_config
 .text.usb_enable
                0x000000000001d858      0x10c zephyr/libzephyr.a(usb_device.c.obj)
                0x000000000001d858                usb_enable
 .text.usb_device_init
                0x000000000001d964       0x30 zephyr/libzephyr.a(usb_device.c.obj)
 .text.usb_update_sn_string_descriptor
                0x000000000001d994       0x88 zephyr/libzephyr.a(usb_descriptor.c.obj)
                0x000000000001d994                usb_update_sn_string_descriptor
 .text.usb_get_device_descriptor
                0x000000000001da1c      0x1a8 zephyr/libzephyr.a(usb_descriptor.c.obj)
                0x000000000001da1c                usb_get_device_descriptor
 .text.usb_ep_get_transfer
                0x000000000001dbc4       0x2c zephyr/libzephyr.a(usb_transfer.c.obj)
 .text.usb_transfer_work
                0x000000000001dbf0      0x108 zephyr/libzephyr.a(usb_transfer.c.obj)
 .text.usb_transfer_ep_callback
                0x000000000001dcf8       0x5c zephyr/libzephyr.a(usb_transfer.c.obj)
                0x000000000001dcf8                usb_transfer_ep_callback
 .text.usb_transfer
                0x000000000001dd54       0xe4 zephyr/libzephyr.a(usb_transfer.c.obj)
                0x000000000001dd54                usb_transfer
 .text.usb_cancel_transfer
                0x000000000001de38       0x3c zephyr/libzephyr.a(usb_transfer.c.obj)
                0x000000000001de38                usb_cancel_transfer
 .text.usb_cancel_transfers
                0x000000000001de74       0x48 zephyr/libzephyr.a(usb_transfer.c.obj)
                0x000000000001de74                usb_cancel_transfers
 .text.usb_transfer_init
                0x000000000001debc       0x34 zephyr/libzephyr.a(usb_transfer.c.obj)
                0x000000000001debc                usb_transfer_init
 .text.cdc_acm_class_handle_req
                0x000000000001def0       0x58 zephyr/libzephyr.a(cdc_acm.c.obj)
                0x000000000001def0                cdc_acm_class_handle_req
 .text.cdc_acm_int_in
                0x000000000001df48       0x18 zephyr/libzephyr.a(cdc_acm.c.obj)
 .text.cdc_acm_irq_rx_enable
                0x000000000001df60       0x20 zephyr/libzephyr.a(cdc_acm.c.obj)
 .text.cdc_acm_irq_tx_enable
                0x000000000001df80       0x20 zephyr/libzephyr.a(cdc_acm.c.obj)
 .text.cdc_acm_reset_port
                0x000000000001dfa0       0x3c zephyr/libzephyr.a(cdc_acm.c.obj)
 .text.cdc_acm_fifo_fill
                0x000000000001dfdc       0x38 zephyr/libzephyr.a(cdc_acm.c.obj)
 .text.cdc_acm_poll_out
                0x000000000001e014       0x64 zephyr/libzephyr.a(cdc_acm.c.obj)
 .text.tx_work_handler
                0x000000000001e078       0x5c zephyr/libzephyr.a(cdc_acm.c.obj)
 .text.cdc_acm_write_cb
                0x000000000001e0d4       0x44 zephyr/libzephyr.a(cdc_acm.c.obj)
 .text.cdc_acm_init
                0x000000000001e118       0x48 zephyr/libzephyr.a(cdc_acm.c.obj)
 .text.cdc_acm_read_cb
                0x000000000001e160       0x6c zephyr/libzephyr.a(cdc_acm.c.obj)
 .text.cdc_acm_dev_status_cb
                0x000000000001e1cc       0x88 zephyr/libzephyr.a(cdc_acm.c.obj)
 .text.z_usb_work_q_init
                0x000000000001e254       0x34 zephyr/libzephyr.a(usb_work_q.c.obj)
 .text.z_arm_cpu_idle_init
                0x000000000001e288        0xc zephyr/arch/arch/arm/core/aarch32/libarch__arm__core__aarch32.a(cpu_idle.S.obj)
                0x000000000001e288                z_arm_cpu_idle_init
 .text.arch_cpu_idle
                0x000000000001e294       0x28 zephyr/arch/arch/arm/core/aarch32/libarch__arm__core__aarch32.a(cpu_idle.S.obj)
                0x000000000001e294                arch_cpu_idle
 .text.arch_cpu_atomic_idle
                0x000000000001e2bc       0x24 zephyr/arch/arch/arm/core/aarch32/libarch__arm__core__aarch32.a(cpu_idle.S.obj)
                0x000000000001e2bc                arch_cpu_atomic_idle
 .text.arch_irq_enable
                0x000000000001e2e0       0x1c zephyr/arch/arch/arm/core/aarch32/libarch__arm__core__aarch32.a(irq_manage.c.obj)
                0x000000000001e2e0                arch_irq_enable
 .text.arch_irq_disable
                0x000000000001e2fc       0x28 zephyr/arch/arch/arm/core/aarch32/libarch__arm__core__aarch32.a(irq_manage.c.obj)
                0x000000000001e2fc                arch_irq_disable
 .text.arch_irq_is_enabled
                0x000000000001e324       0x1c zephyr/arch/arch/arm/core/aarch32/libarch__arm__core__aarch32.a(irq_manage.c.obj)
                0x000000000001e324                arch_irq_is_enabled
 .text.z_arm_irq_priority_set
                0x000000000001e340       0x2c zephyr/arch/arch/arm/core/aarch32/libarch__arm__core__aarch32.a(irq_manage.c.obj)
                0x000000000001e340                z_arm_irq_priority_set
 .text.z_SysNmiOnReset
                0x000000000001e36c        0x8 zephyr/arch/arch/arm/core/aarch32/libarch__arm__core__aarch32.a(nmi_on_reset.S.obj)
                0x000000000001e36c                z_SysNmiOnReset
 .text.z_arm_prep_c
                0x000000000001e374       0x38 zephyr/arch/arch/arm/core/aarch32/libarch__arm__core__aarch32.a(prep_c.c.obj)
                0x000000000001e374                z_arm_prep_c
 .text.arch_swap
                0x000000000001e3ac       0x34 zephyr/arch/arch/arm/core/aarch32/libarch__arm__core__aarch32.a(swap.c.obj)
                0x000000000001e3ac                arch_swap
 .text.z_arm_pendsv
                0x000000000001e3e0       0x60 zephyr/arch/arch/arm/core/aarch32/libarch__arm__core__aarch32.a(swap_helper.S.obj)
                0x000000000001e3e0                z_arm_pendsv
 .text.z_arm_svc
                0x000000000001e440       0x20 zephyr/arch/arch/arm/core/aarch32/libarch__arm__core__aarch32.a(swap_helper.S.obj)
                0x000000000001e440                z_arm_svc
 .text.arch_new_thread
                0x000000000001e460       0x3c zephyr/arch/arch/arm/core/aarch32/libarch__arm__core__aarch32.a(thread.c.obj)
                0x000000000001e460                arch_new_thread
 .text.arch_switch_to_main_thread
                0x000000000001e49c       0x28 zephyr/arch/arch/arm/core/aarch32/libarch__arm__core__aarch32.a(thread.c.obj)
                0x000000000001e49c                arch_switch_to_main_thread
 .text._isr_wrapper
                0x000000000001e4c4       0x40 zephyr/arch/arch/arm/core/aarch32/libarch__arm__core__aarch32.a(isr_wrapper.S.obj)
                0x000000000001e4c4                _isr_wrapper
 .text._HandlerModeExit
                0x000000000001e504       0x1c zephyr/arch/arch/arm/core/aarch32/cortex_m/libarch__arm__core__aarch32__cortex_m.a(exc_exit.S.obj)
                0x000000000001e504                z_arm_exc_exit
                0x000000000001e504                z_arm_int_exit
 .text.usage_fault.constprop.0
                0x000000000001e520       0x5c zephyr/arch/arch/arm/core/aarch32/cortex_m/libarch__arm__core__aarch32__cortex_m.a(fault.c.obj)
 .text.bus_fault.constprop.0
                0x000000000001e57c       0x6c zephyr/arch/arch/arm/core/aarch32/cortex_m/libarch__arm__core__aarch32__cortex_m.a(fault.c.obj)
 .text.mem_manage_fault.constprop.0
                0x000000000001e5e8       0x78 zephyr/arch/arch/arm/core/aarch32/cortex_m/libarch__arm__core__aarch32__cortex_m.a(fault.c.obj)
 .text.z_arm_fault
                0x000000000001e660      0x124 zephyr/arch/arch/arm/core/aarch32/cortex_m/libarch__arm__core__aarch32__cortex_m.a(fault.c.obj)
                0x000000000001e660                z_arm_fault
 .text.z_arm_fault_init
                0x000000000001e784       0x18 zephyr/arch/arch/arm/core/aarch32/cortex_m/libarch__arm__core__aarch32__cortex_m.a(fault.c.obj)
                0x000000000001e784                z_arm_fault_init
 .text.__fault  0x000000000001e79c       0x14 zephyr/arch/arch/arm/core/aarch32/cortex_m/libarch__arm__core__aarch32__cortex_m.a(fault_s.S.obj)
                0x000000000001e79c                z_arm_bus_fault
                0x000000000001e79c                z_arm_usage_fault
                0x000000000001e79c                z_arm_mpu_fault
                0x000000000001e79c                z_arm_exc_spurious
                0x000000000001e79c                z_arm_debug_monitor
                0x000000000001e79c                z_arm_hard_fault
 .text.z_arm_interrupt_init
                0x000000000001e7b0       0x18 zephyr/arch/arch/arm/core/aarch32/cortex_m/libarch__arm__core__aarch32__cortex_m.a(irq_init.c.obj)
                0x000000000001e7b0                z_arm_interrupt_init
 .text._reset_section
                0x000000000001e7c8       0x60 zephyr/arch/arch/arm/core/aarch32/cortex_m/libarch__arm__core__aarch32__cortex_m.a(reset.S.obj)
                0x000000000001e7c8                z_arm_reset
                0x000000000001e7c8                __start
 .text.sys_arch_reboot
                0x000000000001e828       0x24 zephyr/arch/arch/arm/core/aarch32/cortex_m/libarch__arm__core__aarch32__cortex_m.a(scb.c.obj)
                0x000000000001e828                sys_arch_reboot
 .text.z_arm_clear_arm_mpu_config
                0x000000000001e84c       0x24 zephyr/arch/arch/arm/core/aarch32/cortex_m/libarch__arm__core__aarch32__cortex_m.a(scb.c.obj)
                0x000000000001e84c                z_arm_clear_arm_mpu_config
 .text.z_arm_init_arch_hw_at_boot
                0x000000000001e870       0x4c zephyr/arch/arch/arm/core/aarch32/cortex_m/libarch__arm__core__aarch32__cortex_m.a(scb.c.obj)
                0x000000000001e870                z_arm_init_arch_hw_at_boot
 .text.z_impl_k_thread_abort
                0x000000000001e8bc       0x2c zephyr/arch/arch/arm/core/aarch32/cortex_m/libarch__arm__core__aarch32__cortex_m.a(thread_abort.c.obj)
                0x000000000001e8bc                z_impl_k_thread_abort
 .text.z_arm_configure_static_mpu_regions
                0x000000000001e8e8       0x38 zephyr/arch/arch/arm/core/aarch32/mpu/libarch__arm__core__aarch32__mpu.a(arm_core_mpu.c.obj)
                0x000000000001e8e8                z_arm_configure_static_mpu_regions
 .text.region_init
                0x000000000001e920       0x34 zephyr/arch/arch/arm/core/aarch32/mpu/libarch__arm__core__aarch32__mpu.a(arm_mpu.c.obj)
 .text.mpu_configure_regions_and_partition.constprop.0
                0x000000000001e954      0x14c zephyr/arch/arch/arm/core/aarch32/mpu/libarch__arm__core__aarch32__mpu.a(arm_mpu.c.obj)
 .text.arm_core_mpu_enable
                0x000000000001eaa0       0x18 zephyr/arch/arch/arm/core/aarch32/mpu/libarch__arm__core__aarch32__mpu.a(arm_mpu.c.obj)
                0x000000000001eaa0                arm_core_mpu_enable
 .text.arm_core_mpu_disable
                0x000000000001eab8       0x14 zephyr/arch/arch/arm/core/aarch32/mpu/libarch__arm__core__aarch32__mpu.a(arm_mpu.c.obj)
                0x000000000001eab8                arm_core_mpu_disable
 .text.arm_core_mpu_configure_static_mpu_regions
                0x000000000001eacc       0x14 zephyr/arch/arch/arm/core/aarch32/mpu/libarch__arm__core__aarch32__mpu.a(arm_mpu.c.obj)
                0x000000000001eacc                arm_core_mpu_configure_static_mpu_regions
 .text.arm_core_mpu_mark_areas_for_dynamic_regions
                0x000000000001eae0       0xb8 zephyr/arch/arch/arm/core/aarch32/mpu/libarch__arm__core__aarch32__mpu.a(arm_mpu.c.obj)
                0x000000000001eae0                arm_core_mpu_mark_areas_for_dynamic_regions
 .text.z_arm_mpu_init
                0x000000000001eb98       0x4c zephyr/arch/arch/arm/core/aarch32/mpu/libarch__arm__core__aarch32__mpu.a(arm_mpu.c.obj)
                0x000000000001eb98                z_arm_mpu_init
 .text.__stdout_hook_install
                0x000000000001ebe4        0xc zephyr/lib/libc/minimal/liblib__libc__minimal.a(stdout_console.c.obj)
                0x000000000001ebe4                __stdout_hook_install
 .text.setup    0x000000000001ebf0       0x10 zephyr/boards/arm/thingy53_nrf5340/libboards__arm__thingy53_nrf5340.a(board.c.obj)
 .text.usbd_evt_put
                0x000000000001ec00        0xc zephyr/drivers/usb/device/libdrivers__usb__device.a(usb_dc_nrfx.c.obj)
 .text.usbd_work_schedule
                0x000000000001ec0c       0x10 zephyr/drivers/usb/device/libdrivers__usb__device.a(usb_dc_nrfx.c.obj)
 .text.endpoint_ctx
                0x000000000001ec1c       0x60 zephyr/drivers/usb/device/libdrivers__usb__device.a(usb_dc_nrfx.c.obj)
 .text.usbd_evt_get
                0x000000000001ec7c       0x10 zephyr/drivers/usb/device/libdrivers__usb__device.a(usb_dc_nrfx.c.obj)
 .text.usbd_evt_flush
                0x000000000001ec8c       0x1c zephyr/drivers/usb/device/libdrivers__usb__device.a(usb_dc_nrfx.c.obj)
 .text.usbd_evt_alloc
                0x000000000001eca8       0x44 zephyr/drivers/usb/device/libdrivers__usb__device.a(usb_dc_nrfx.c.obj)
 .text.submit_dc_power_event
                0x000000000001ecec       0x2c zephyr/drivers/usb/device/libdrivers__usb__device.a(usb_dc_nrfx.c.obj)
 .text.usbd_event_transfer_data
                0x000000000001ed18       0xa8 zephyr/drivers/usb/device/libdrivers__usb__device.a(usb_dc_nrfx.c.obj)
 .text.usb_dc_power_event_handler
                0x000000000001edc0       0x38 zephyr/drivers/usb/device/libdrivers__usb__device.a(usb_dc_nrfx.c.obj)
 .text.usb_init
                0x000000000001edf8       0x80 zephyr/drivers/usb/device/libdrivers__usb__device.a(usb_dc_nrfx.c.obj)
 .text.hfxo_stop.constprop.0.isra.0
                0x000000000001ee78       0x38 zephyr/drivers/usb/device/libdrivers__usb__device.a(usb_dc_nrfx.c.obj)
 .text.usbd_event_handler
                0x000000000001eeb0      0x11c zephyr/drivers/usb/device/libdrivers__usb__device.a(usb_dc_nrfx.c.obj)
 .text.eps_ctx_init
                0x000000000001efcc       0x68 zephyr/drivers/usb/device/libdrivers__usb__device.a(usb_dc_nrfx.c.obj)
 .text.usbd_work_handler
                0x000000000001f034      0x2dc zephyr/drivers/usb/device/libdrivers__usb__device.a(usb_dc_nrfx.c.obj)
 .text.usb_dc_attach
                0x000000000001f310       0x64 zephyr/drivers/usb/device/libdrivers__usb__device.a(usb_dc_nrfx.c.obj)
                0x000000000001f310                usb_dc_attach
 .text.usb_dc_set_address
                0x000000000001f374       0x24 zephyr/drivers/usb/device/libdrivers__usb__device.a(usb_dc_nrfx.c.obj)
                0x000000000001f374                usb_dc_set_address
 .text.usb_dc_ep_configure
                0x000000000001f398       0x48 zephyr/drivers/usb/device/libdrivers__usb__device.a(usb_dc_nrfx.c.obj)
                0x000000000001f398                usb_dc_ep_configure
 .text.usb_dc_ep_set_stall
                0x000000000001f3e0       0x50 zephyr/drivers/usb/device/libdrivers__usb__device.a(usb_dc_nrfx.c.obj)
                0x000000000001f3e0                usb_dc_ep_set_stall
 .text.usb_dc_ep_clear_stall
                0x000000000001f430       0x40 zephyr/drivers/usb/device/libdrivers__usb__device.a(usb_dc_nrfx.c.obj)
                0x000000000001f430                usb_dc_ep_clear_stall
 .text.usb_dc_ep_is_stalled
                0x000000000001f470       0x38 zephyr/drivers/usb/device/libdrivers__usb__device.a(usb_dc_nrfx.c.obj)
                0x000000000001f470                usb_dc_ep_is_stalled
 .text.usb_dc_ep_enable
                0x000000000001f4a8       0x54 zephyr/drivers/usb/device/libdrivers__usb__device.a(usb_dc_nrfx.c.obj)
                0x000000000001f4a8                usb_dc_ep_enable
 .text.usb_dc_ep_write
                0x000000000001f4fc       0xf8 zephyr/drivers/usb/device/libdrivers__usb__device.a(usb_dc_nrfx.c.obj)
                0x000000000001f4fc                usb_dc_ep_write
 .text.usb_dc_ep_read_wait
                0x000000000001f5f4       0x90 zephyr/drivers/usb/device/libdrivers__usb__device.a(usb_dc_nrfx.c.obj)
                0x000000000001f5f4                usb_dc_ep_read_wait
 .text.usb_dc_ep_read_continue
                0x000000000001f684       0x84 zephyr/drivers/usb/device/libdrivers__usb__device.a(usb_dc_nrfx.c.obj)
                0x000000000001f684                usb_dc_ep_read_continue
 .text.usb_dc_ep_set_callback
                0x000000000001f708       0x28 zephyr/drivers/usb/device/libdrivers__usb__device.a(usb_dc_nrfx.c.obj)
                0x000000000001f708                usb_dc_ep_set_callback
 .text.usb_dc_set_status_callback
                0x000000000001f730        0xc zephyr/drivers/usb/device/libdrivers__usb__device.a(usb_dc_nrfx.c.obj)
                0x000000000001f730                usb_dc_set_status_callback
 .text.usb_dc_ep_mps
                0x000000000001f73c       0x24 zephyr/drivers/usb/device/libdrivers__usb__device.a(usb_dc_nrfx.c.obj)
                0x000000000001f73c                usb_dc_ep_mps
 .text.onoff_stop
                0x000000000001f760       0x30 zephyr/drivers/clock_control/libdrivers__clock_control.a(clock_control_nrf.c.obj)
 .text.onoff_start
                0x000000000001f790       0x44 zephyr/drivers/clock_control/libdrivers__clock_control.a(clock_control_nrf.c.obj)
 .text.clk_init
                0x000000000001f7d4       0x64 zephyr/drivers/clock_control/libdrivers__clock_control.a(clock_control_nrf.c.obj)
 .text.clkstarted_handle.constprop.0
                0x000000000001f838       0x34 zephyr/drivers/clock_control/libdrivers__clock_control.a(clock_control_nrf.c.obj)
 .text.clock_event_handler
                0x000000000001f86c       0x30 zephyr/drivers/clock_control/libdrivers__clock_control.a(clock_control_nrf.c.obj)
 .text.generic_hfclk_start
                0x000000000001f89c       0x64 zephyr/drivers/clock_control/libdrivers__clock_control.a(clock_control_nrf.c.obj)
 .text.api_blocking_start
                0x000000000001f900       0x34 zephyr/drivers/clock_control/libdrivers__clock_control.a(clock_control_nrf.c.obj)
 .text.generic_hfclk_stop
                0x000000000001f934       0x34 zephyr/drivers/clock_control/libdrivers__clock_control.a(clock_control_nrf.c.obj)
 .text.z_nrf_clock_control_get_onoff
                0x000000000001f968       0x10 zephyr/drivers/clock_control/libdrivers__clock_control.a(clock_control_nrf.c.obj)
                0x000000000001f968                z_nrf_clock_control_get_onoff
 .text.z_nrf_clock_control_lf_on
                0x000000000001f978       0xf8 zephyr/drivers/clock_control/libdrivers__clock_control.a(clock_control_nrf.c.obj)
                0x000000000001f978                z_nrf_clock_control_lf_on
 .text.uart_console_init
                0x000000000001fa70       0x28 zephyr/drivers/console/libdrivers__console.a(uart_console.c.obj)
 .text.console_out
                0x000000000001fa98       0x28 zephyr/drivers/console/libdrivers__console.a(uart_console.c.obj)
 .text.gpio_nrfx_pin_interrupt_configure
                0x000000000001fac0       0xd8 zephyr/drivers/gpio/libdrivers__gpio.a(gpio_nrfx.c.obj)
 .text.gpio_nrfx_init
                0x000000000001fb98       0x38 zephyr/drivers/gpio/libdrivers__gpio.a(gpio_nrfx.c.obj)
 .text.nrfx_gpio_handler
                0x000000000001fbd0       0x4c zephyr/drivers/gpio/libdrivers__gpio.a(gpio_nrfx.c.obj)
 .text.gpio_nrfx_pin_configure
                0x000000000001fc1c      0x124 zephyr/drivers/gpio/libdrivers__gpio.a(gpio_nrfx.c.obj)
 .text.z_impl_hwinfo_get_device_id
                0x000000000001fd40       0x3c zephyr/drivers/hwinfo/libdrivers__hwinfo.a(hwinfo_nrf.c.obj)
                0x000000000001fd40                z_impl_hwinfo_get_device_id
 .text.i2c_nrfx_twim_init
                0x000000000001fd7c       0x40 zephyr/drivers/i2c/libdrivers__i2c.a(i2c_nrfx_twim.c.obj)
 .text.i2c_nrfx_twim_recover_bus
                0x000000000001fdbc       0x3c zephyr/drivers/i2c/libdrivers__i2c.a(i2c_nrfx_twim.c.obj)
 .text.event_handler
                0x000000000001fdf8       0x34 zephyr/drivers/i2c/libdrivers__i2c.a(i2c_nrfx_twim.c.obj)
 .text.i2c_nrfx_twim_transfer
                0x000000000001fe2c      0x18c zephyr/drivers/i2c/libdrivers__i2c.a(i2c_nrfx_twim.c.obj)
 .text.pinctrl_configure_pins
                0x000000000001ffb8      0x16c zephyr/drivers/pinctrl/libdrivers__pinctrl.a(pinctrl_nrf.c.obj)
                0x000000000001ffb8                pinctrl_configure_pins
 .text.regulator_fixed_enable
                0x0000000000020124       0x40 zephyr/drivers/regulator/libdrivers__regulator.a(regulator_fixed.c.obj)
 .text.transfer_next_chunk
                0x0000000000020164       0x98 zephyr/drivers/spi/libdrivers__spi.a(spi_nrfx_spim.c.obj)
 .text.spi_nrfx_transceive
                0x00000000000201fc      0x308 zephyr/drivers/spi/libdrivers__spi.a(spi_nrfx_spim.c.obj)
 .text.compare_int_lock
                0x0000000000020504       0x40 zephyr/drivers/timer/libdrivers__timer.a(nrf_rtc_timer.c.obj)
 .text.sys_clock_timeout_handler
                0x0000000000020544       0x48 zephyr/drivers/timer/libdrivers__timer.a(nrf_rtc_timer.c.obj)
 .text.compare_int_unlock
                0x000000000002058c       0x4c zephyr/drivers/timer/libdrivers__timer.a(nrf_rtc_timer.c.obj)
 .text.z_nrf_rtc_timer_read
                0x00000000000205d8       0x44 zephyr/drivers/timer/libdrivers__timer.a(nrf_rtc_timer.c.obj)
                0x00000000000205d8                z_nrf_rtc_timer_read
 .text.compare_set
                0x000000000002061c      0x114 zephyr/drivers/timer/libdrivers__timer.a(nrf_rtc_timer.c.obj)
 .text.sys_clock_driver_init
                0x0000000000020730       0x8c zephyr/drivers/timer/libdrivers__timer.a(nrf_rtc_timer.c.obj)
 .text.rtc_nrf_isr
                0x00000000000207bc       0xd0 zephyr/drivers/timer/libdrivers__timer.a(nrf_rtc_timer.c.obj)
                0x00000000000207bc                rtc_nrf_isr
 .text.sys_clock_set_timeout
                0x000000000002088c       0x64 zephyr/drivers/timer/libdrivers__timer.a(nrf_rtc_timer.c.obj)
                0x000000000002088c                sys_clock_set_timeout
 .text.sys_clock_elapsed
                0x00000000000208f0       0x14 zephyr/drivers/timer/libdrivers__timer.a(nrf_rtc_timer.c.obj)
                0x00000000000208f0                sys_clock_elapsed
 .text.tfm_ns_interface_dispatch
                0x0000000000020904       0x64 modules/trusted-firmware-m/libtfm_api.a(interface.c.obj)
                0x0000000000020904                tfm_ns_interface_dispatch
 .text.tfm_platform_ioctl
                0x0000000000020968       0x4c modules/trusted-firmware-m/libtfm_api.a(tfm_platform_api.c.obj)
                0x0000000000020968                tfm_platform_ioctl
 .text.psa_generate_random
                0x00000000000209b4       0x40 modules/trusted-firmware-m/libtfm_api.a(tfm_crypto_api.c.obj)
                0x00000000000209b4                psa_generate_random
 .text.psa_call
                0x00000000000209f4       0x38 modules/trusted-firmware-m/libtfm_api.a(tfm_psa_ns_api.c.obj)
                0x00000000000209f4                psa_call
 .text.nrfx_flag32_alloc
                0x0000000000020a2c       0x38 modules/hal_nordic/nrfx/libmodules__hal_nordic__nrfx.a(nrfx_flag32_allocator.c.obj)
                0x0000000000020a2c                nrfx_flag32_alloc
 .text.nrfx_flag32_free
                0x0000000000020a64       0x38 modules/hal_nordic/nrfx/libmodules__hal_nordic__nrfx.a(nrfx_flag32_allocator.c.obj)
                0x0000000000020a64                nrfx_flag32_free
 .text.clock_stop
                0x0000000000020a9c      0x17c modules/hal_nordic/nrfx/libmodules__hal_nordic__nrfx.a(nrfx_clock.c.obj)
 .text.nrfx_clock_init
                0x0000000000020c18       0x20 modules/hal_nordic/nrfx/libmodules__hal_nordic__nrfx.a(nrfx_clock.c.obj)
                0x0000000000020c18                nrfx_clock_init
 .text.nrfx_clock_enable
                0x0000000000020c38       0x30 modules/hal_nordic/nrfx/libmodules__hal_nordic__nrfx.a(nrfx_clock.c.obj)
                0x0000000000020c38                nrfx_clock_enable
 .text.nrfx_clock_start
                0x0000000000020c68       0xb8 modules/hal_nordic/nrfx/libmodules__hal_nordic__nrfx.a(nrfx_clock.c.obj)
                0x0000000000020c68                nrfx_clock_start
 .text.nrfx_clock_irq_handler
                0x0000000000020d20       0xac modules/hal_nordic/nrfx/libmodules__hal_nordic__nrfx.a(nrfx_clock.c.obj)
                0x0000000000020d20                nrfx_clock_irq_handler
 .text.nrf_gpio_pin_port_decode
                0x0000000000020dcc       0x20 modules/hal_nordic/nrfx/libmodules__hal_nordic__nrfx.a(nrfx_gpiote.c.obj)
 .text.pin_in_use_by_te
                0x0000000000020dec       0x14 modules/hal_nordic/nrfx/libmodules__hal_nordic__nrfx.a(nrfx_gpiote.c.obj)
 .text.call_handler
                0x0000000000020e00       0x3c modules/hal_nordic/nrfx/libmodules__hal_nordic__nrfx.a(nrfx_gpiote.c.obj)
 .text.release_handler
                0x0000000000020e3c       0x54 modules/hal_nordic/nrfx/libmodules__hal_nordic__nrfx.a(nrfx_gpiote.c.obj)
 .text.pin_handler_trigger_uninit
                0x0000000000020e90       0x3c modules/hal_nordic/nrfx/libmodules__hal_nordic__nrfx.a(nrfx_gpiote.c.obj)
 .text.nrfx_gpiote_input_configure
                0x0000000000020ecc      0x15c modules/hal_nordic/nrfx/libmodules__hal_nordic__nrfx.a(nrfx_gpiote.c.obj)
                0x0000000000020ecc                nrfx_gpiote_input_configure
 .text.nrfx_gpiote_output_configure
                0x0000000000021028       0xe8 modules/hal_nordic/nrfx/libmodules__hal_nordic__nrfx.a(nrfx_gpiote.c.obj)
                0x0000000000021028                nrfx_gpiote_output_configure
 .text.nrfx_gpiote_global_callback_set
                0x0000000000021110        0xc modules/hal_nordic/nrfx/libmodules__hal_nordic__nrfx.a(nrfx_gpiote.c.obj)
                0x0000000000021110                nrfx_gpiote_global_callback_set
 .text.nrfx_gpiote_channel_get
                0x000000000002111c       0x2c modules/hal_nordic/nrfx/libmodules__hal_nordic__nrfx.a(nrfx_gpiote.c.obj)
                0x000000000002111c                nrfx_gpiote_channel_get
 .text.nrfx_gpiote_init
                0x0000000000021148       0x50 modules/hal_nordic/nrfx/libmodules__hal_nordic__nrfx.a(nrfx_gpiote.c.obj)
                0x0000000000021148                nrfx_gpiote_init
 .text.nrfx_gpiote_is_init
                0x0000000000021198       0x14 modules/hal_nordic/nrfx/libmodules__hal_nordic__nrfx.a(nrfx_gpiote.c.obj)
                0x0000000000021198                nrfx_gpiote_is_init
 .text.nrfx_gpiote_channel_free
                0x00000000000211ac        0xc modules/hal_nordic/nrfx/libmodules__hal_nordic__nrfx.a(nrfx_gpiote.c.obj)
                0x00000000000211ac                nrfx_gpiote_channel_free
 .text.nrfx_gpiote_channel_alloc
                0x00000000000211b8        0xc modules/hal_nordic/nrfx/libmodules__hal_nordic__nrfx.a(nrfx_gpiote.c.obj)
                0x00000000000211b8                nrfx_gpiote_channel_alloc
 .text.nrfx_gpiote_trigger_enable
                0x00000000000211c4       0x8c modules/hal_nordic/nrfx/libmodules__hal_nordic__nrfx.a(nrfx_gpiote.c.obj)
                0x00000000000211c4                nrfx_gpiote_trigger_enable
 .text.nrfx_gpiote_trigger_disable
                0x0000000000021250       0x50 modules/hal_nordic/nrfx/libmodules__hal_nordic__nrfx.a(nrfx_gpiote.c.obj)
                0x0000000000021250                nrfx_gpiote_trigger_disable
 .text.nrfx_gpiote_pin_uninit
                0x00000000000212a0       0x50 modules/hal_nordic/nrfx/libmodules__hal_nordic__nrfx.a(nrfx_gpiote.c.obj)
                0x00000000000212a0                nrfx_gpiote_pin_uninit
 .text.nrfx_gpiote_irq_handler
                0x00000000000212f0      0x1b0 modules/hal_nordic/nrfx/libmodules__hal_nordic__nrfx.a(nrfx_gpiote.c.obj)
                0x00000000000212f0                nrfx_gpiote_irq_handler
 .text.nrfx_power_init
                0x00000000000214a0       0x48 modules/hal_nordic/nrfx/libmodules__hal_nordic__nrfx.a(nrfx_power.c.obj)
                0x00000000000214a0                nrfx_power_init
 .text.nrfx_power_irq_handler
                0x00000000000214e8       0x70 modules/hal_nordic/nrfx/libmodules__hal_nordic__nrfx.a(nrfx_power.c.obj)
                0x00000000000214e8                nrfx_power_irq_handler
 .text.nrf_gpio_pin_clear
                0x0000000000021558       0x20 modules/hal_nordic/nrfx/libmodules__hal_nordic__nrfx.a(nrfx_spim.c.obj)
 .text.nrf_gpio_cfg.constprop.0
                0x0000000000021578       0x40 modules/hal_nordic/nrfx/libmodules__hal_nordic__nrfx.a(nrfx_spim.c.obj)
 .text.nrf_gpio_pin_set
                0x00000000000215b8       0x20 modules/hal_nordic/nrfx/libmodules__hal_nordic__nrfx.a(nrfx_spim.c.obj)
 .text.nrfx_spim_init
                0x00000000000215d8      0x270 modules/hal_nordic/nrfx/libmodules__hal_nordic__nrfx.a(nrfx_spim.c.obj)
                0x00000000000215d8                nrfx_spim_init
 .text.nrfx_spim_uninit
                0x0000000000021848       0xa8 modules/hal_nordic/nrfx/libmodules__hal_nordic__nrfx.a(nrfx_spim.c.obj)
                0x0000000000021848                nrfx_spim_uninit
 .text.nrfx_spim_xfer
                0x00000000000218f0       0xf8 modules/hal_nordic/nrfx/libmodules__hal_nordic__nrfx.a(nrfx_spim.c.obj)
                0x00000000000218f0                nrfx_spim_xfer
 .text.nrfx_spim_3_irq_handler
                0x00000000000219e8       0x24 modules/hal_nordic/nrfx/libmodules__hal_nordic__nrfx.a(nrfx_spim.c.obj)
                0x00000000000219e8                nrfx_spim_3_irq_handler
 .text.nrfx_spim_4_irq_handler
                0x0000000000021a0c       0x24 modules/hal_nordic/nrfx/libmodules__hal_nordic__nrfx.a(nrfx_spim.c.obj)
                0x0000000000021a0c                nrfx_spim_4_irq_handler
 .text.nrfx_twim_init
                0x0000000000021a30      0x13c modules/hal_nordic/nrfx/libmodules__hal_nordic__nrfx.a(nrfx_twim.c.obj)
                0x0000000000021a30                nrfx_twim_init
 .text.nrfx_twim_enable
                0x0000000000021b6c       0x20 modules/hal_nordic/nrfx/libmodules__hal_nordic__nrfx.a(nrfx_twim.c.obj)
                0x0000000000021b6c                nrfx_twim_enable
 .text.nrfx_twim_disable
                0x0000000000021b8c       0x3c modules/hal_nordic/nrfx/libmodules__hal_nordic__nrfx.a(nrfx_twim.c.obj)
                0x0000000000021b8c                nrfx_twim_disable
 .text.nrfx_twim_xfer
                0x0000000000021bc8      0x318 modules/hal_nordic/nrfx/libmodules__hal_nordic__nrfx.a(nrfx_twim.c.obj)
                0x0000000000021bc8                nrfx_twim_xfer
 .text.nrfx_twim_1_irq_handler
                0x0000000000021ee0      0x180 modules/hal_nordic/nrfx/libmodules__hal_nordic__nrfx.a(nrfx_twim.c.obj)
                0x0000000000021ee0                nrfx_twim_1_irq_handler
 .text.ep_state_access
                0x0000000000022060       0x1c modules/hal_nordic/nrfx/libmodules__hal_nordic__nrfx.a(nrfx_usbd.c.obj)
 .text.ev_usbreset_handler
                0x000000000002207c       0x2c modules/hal_nordic/nrfx/libmodules__hal_nordic__nrfx.a(nrfx_usbd.c.obj)
 .text.ev_usbevent_handler
                0x00000000000220a8       0x74 modules/hal_nordic/nrfx/libmodules__hal_nordic__nrfx.a(nrfx_usbd.c.obj)
 .text.nrfx_usbd_feeder_flash
                0x000000000002211c       0x38 modules/hal_nordic/nrfx/libmodules__hal_nordic__nrfx.a(nrfx_usbd.c.obj)
                0x000000000002211c                nrfx_usbd_feeder_flash
 .text.nrfx_usbd_feeder_flash_zlp
                0x0000000000022154       0x40 modules/hal_nordic/nrfx/libmodules__hal_nordic__nrfx.a(nrfx_usbd.c.obj)
                0x0000000000022154                nrfx_usbd_feeder_flash_zlp
 .text.ev_sof_handler
                0x0000000000022194       0x44 modules/hal_nordic/nrfx/libmodules__hal_nordic__nrfx.a(nrfx_usbd.c.obj)
 .text.atomic_and.constprop.0.isra.0
                0x00000000000221d8       0x18 modules/hal_nordic/nrfx/libmodules__hal_nordic__nrfx.a(nrfx_usbd.c.obj)
 .text.nrf_usbd_epin_dma_handler
                0x00000000000221f0       0x38 modules/hal_nordic/nrfx/libmodules__hal_nordic__nrfx.a(nrfx_usbd.c.obj)
 .text.nrf_usbd_ep0in_dma_handler
                0x0000000000022228       0x2c modules/hal_nordic/nrfx/libmodules__hal_nordic__nrfx.a(nrfx_usbd.c.obj)
 .text.usbd_ep_data_handler
                0x0000000000022254       0x8c modules/hal_nordic/nrfx/libmodules__hal_nordic__nrfx.a(nrfx_usbd.c.obj)
 .text.ev_setup_data_handler
                0x00000000000222e0       0x1c modules/hal_nordic/nrfx/libmodules__hal_nordic__nrfx.a(nrfx_usbd.c.obj)
 .text.ev_dma_epout8_handler
                0x00000000000222fc       0x48 modules/hal_nordic/nrfx/libmodules__hal_nordic__nrfx.a(nrfx_usbd.c.obj)
 .text.ev_dma_epin8_handler
                0x0000000000022344       0x54 modules/hal_nordic/nrfx/libmodules__hal_nordic__nrfx.a(nrfx_usbd.c.obj)
 .text.nrfx_usbd_uninit
                0x0000000000022398       0x14 modules/hal_nordic/nrfx/libmodules__hal_nordic__nrfx.a(nrfx_usbd.c.obj)
                0x0000000000022398                nrfx_usbd_uninit
 .text.nrfx_usbd_enable
                0x00000000000223ac       0x6c modules/hal_nordic/nrfx/libmodules__hal_nordic__nrfx.a(nrfx_usbd.c.obj)
                0x00000000000223ac                nrfx_usbd_enable
 .text.nrfx_usbd_start
                0x0000000000022418       0x3c modules/hal_nordic/nrfx/libmodules__hal_nordic__nrfx.a(nrfx_usbd.c.obj)
                0x0000000000022418                nrfx_usbd_start
 .text.nrfx_usbd_is_enabled
                0x0000000000022454       0x14 modules/hal_nordic/nrfx/libmodules__hal_nordic__nrfx.a(nrfx_usbd.c.obj)
                0x0000000000022454                nrfx_usbd_is_enabled
 .text.nrfx_usbd_suspend
                0x0000000000022468       0x58 modules/hal_nordic/nrfx/libmodules__hal_nordic__nrfx.a(nrfx_usbd.c.obj)
                0x0000000000022468                nrfx_usbd_suspend
 .text.nrfx_usbd_init
                0x00000000000224c0       0x84 modules/hal_nordic/nrfx/libmodules__hal_nordic__nrfx.a(nrfx_usbd.c.obj)
                0x00000000000224c0                nrfx_usbd_init
 .text.nrfx_usbd_ep_transfer
                0x0000000000022544       0xf8 modules/hal_nordic/nrfx/libmodules__hal_nordic__nrfx.a(nrfx_usbd.c.obj)
                0x0000000000022544                nrfx_usbd_ep_transfer
 .text.nrfx_usbd_epout_size_get
                0x000000000002263c       0x28 modules/hal_nordic/nrfx/libmodules__hal_nordic__nrfx.a(nrfx_usbd.c.obj)
                0x000000000002263c                nrfx_usbd_epout_size_get
 .text.usbd_dmareq_process
                0x0000000000022664      0x174 modules/hal_nordic/nrfx/libmodules__hal_nordic__nrfx.a(nrfx_usbd.c.obj)
 .text.ev_epdata_handler
                0x00000000000227d8       0x44 modules/hal_nordic/nrfx/libmodules__hal_nordic__nrfx.a(nrfx_usbd.c.obj)
 .text.nrf_usbd_epout_dma_handler
                0x000000000002281c       0x68 modules/hal_nordic/nrfx/libmodules__hal_nordic__nrfx.a(nrfx_usbd.c.obj)
 .text.nrfx_usbd_ep_stall
                0x0000000000022884       0x10 modules/hal_nordic/nrfx/libmodules__hal_nordic__nrfx.a(nrfx_usbd.c.obj)
                0x0000000000022884                nrfx_usbd_ep_stall
 .text.nrfx_usbd_ep_stall_check
                0x0000000000022894       0x34 modules/hal_nordic/nrfx/libmodules__hal_nordic__nrfx.a(nrfx_usbd.c.obj)
                0x0000000000022894                nrfx_usbd_ep_stall_check
 .text.nrfx_usbd_ep_dtoggle_clear
                0x00000000000228c8       0x18 modules/hal_nordic/nrfx/libmodules__hal_nordic__nrfx.a(nrfx_usbd.c.obj)
                0x00000000000228c8                nrfx_usbd_ep_dtoggle_clear
 .text.nrfx_usbd_setup_get
                0x00000000000228e0       0x4c modules/hal_nordic/nrfx/libmodules__hal_nordic__nrfx.a(nrfx_usbd.c.obj)
                0x00000000000228e0                nrfx_usbd_setup_get
 .text.nrfx_usbd_setup_data_clear
                0x000000000002292c       0x10 modules/hal_nordic/nrfx/libmodules__hal_nordic__nrfx.a(nrfx_usbd.c.obj)
                0x000000000002292c                nrfx_usbd_setup_data_clear
 .text.ev_dma_epout0_handler
                0x000000000002293c       0x58 modules/hal_nordic/nrfx/libmodules__hal_nordic__nrfx.a(nrfx_usbd.c.obj)
 .text.nrfx_usbd_setup_clear
                0x0000000000022994       0x10 modules/hal_nordic/nrfx/libmodules__hal_nordic__nrfx.a(nrfx_usbd.c.obj)
                0x0000000000022994                nrfx_usbd_setup_clear
 .text.nrfx_usbd_setup_stall
                0x00000000000229a4       0x10 modules/hal_nordic/nrfx/libmodules__hal_nordic__nrfx.a(nrfx_usbd.c.obj)
                0x00000000000229a4                nrfx_usbd_setup_stall
 .text.nrfx_usbd_last_setup_dir_get
                0x00000000000229b4        0xc modules/hal_nordic/nrfx/libmodules__hal_nordic__nrfx.a(nrfx_usbd.c.obj)
                0x00000000000229b4                nrfx_usbd_last_setup_dir_get
 .text.nrfx_usbd_transfer_out_drop
                0x00000000000229c0       0x54 modules/hal_nordic/nrfx/libmodules__hal_nordic__nrfx.a(nrfx_usbd.c.obj)
                0x00000000000229c0                nrfx_usbd_transfer_out_drop
 .text.usbd_ep_abort
                0x0000000000022a14       0xf4 modules/hal_nordic/nrfx/libmodules__hal_nordic__nrfx.a(nrfx_usbd.c.obj)
 .text.ev_setup_handler
                0x0000000000022b08       0x68 modules/hal_nordic/nrfx/libmodules__hal_nordic__nrfx.a(nrfx_usbd.c.obj)
 .text.nrfx_usbd_irq_handler
                0x0000000000022b70       0x7c modules/hal_nordic/nrfx/libmodules__hal_nordic__nrfx.a(nrfx_usbd.c.obj)
                0x0000000000022b70                nrfx_usbd_irq_handler
 .text.nrfx_usbd_stop
                0x0000000000022bec       0x80 modules/hal_nordic/nrfx/libmodules__hal_nordic__nrfx.a(nrfx_usbd.c.obj)
                0x0000000000022bec                nrfx_usbd_stop
 .text.nrfx_usbd_disable
                0x0000000000022c6c       0x34 modules/hal_nordic/nrfx/libmodules__hal_nordic__nrfx.a(nrfx_usbd.c.obj)
                0x0000000000022c6c                nrfx_usbd_disable
 .text.nrfx_usbd_ep_disable
                0x0000000000022ca0       0x50 modules/hal_nordic/nrfx/libmodules__hal_nordic__nrfx.a(nrfx_usbd.c.obj)
                0x0000000000022ca0                nrfx_usbd_ep_disable
 .text.nrfx_usbd_ep_enable
                0x0000000000022cf0       0xa8 modules/hal_nordic/nrfx/libmodules__hal_nordic__nrfx.a(nrfx_usbd.c.obj)
                0x0000000000022cf0                nrfx_usbd_ep_enable
 .text.nrfx_usbd_ep_stall_clear
                0x0000000000022d98       0x20 modules/hal_nordic/nrfx/libmodules__hal_nordic__nrfx.a(nrfx_usbd.c.obj)
                0x0000000000022d98                nrfx_usbd_ep_stall_clear
 .text.nrfx_usbreg_enable
                0x0000000000022db8       0x10 modules/hal_nordic/nrfx/libmodules__hal_nordic__nrfx.a(nrfx_usbreg.c.obj)
                0x0000000000022db8                nrfx_usbreg_enable
 .text.nrfx_usbreg_disable
                0x0000000000022dc8       0x10 modules/hal_nordic/nrfx/libmodules__hal_nordic__nrfx.a(nrfx_usbreg.c.obj)
                0x0000000000022dc8                nrfx_usbreg_disable
 .text.nrfx_usbreg_uninit
                0x0000000000022dd8       0x20 modules/hal_nordic/nrfx/libmodules__hal_nordic__nrfx.a(nrfx_usbreg.c.obj)
                0x0000000000022dd8                nrfx_usbreg_uninit
 .text.nrfx_usbreg_init
                0x0000000000022df8       0x30 modules/hal_nordic/nrfx/libmodules__hal_nordic__nrfx.a(nrfx_usbreg.c.obj)
                0x0000000000022df8                nrfx_usbreg_init
 .text.nrfx_usbreg_irq_handler
                0x0000000000022e28       0x50 modules/hal_nordic/nrfx/libmodules__hal_nordic__nrfx.a(nrfx_usbreg.c.obj)
                0x0000000000022e28                nrfx_usbreg_irq_handler
 .text.nrf_gpio_pin_port_decode
                0x0000000000022e78       0x20 modules/hal_nordic/nrfx/libmodules__hal_nordic__nrfx.a(nrfx_twi_twim.c.obj)
 .text.nrfx_twi_twim_bus_recover
                0x0000000000022e98       0xd4 modules/hal_nordic/nrfx/libmodules__hal_nordic__nrfx.a(nrfx_twi_twim.c.obj)
                0x0000000000022e98                nrfx_twi_twim_bus_recover
 .text.z_sys_init_run_level
                0x0000000000022f6c       0x48 zephyr/kernel/libkernel.a(init.c.obj)
 .text.bg_thread_main
                0x0000000000022fb4       0x34 zephyr/kernel/libkernel.a(init.c.obj)
 .text.z_bss_zero
                0x0000000000022fe8       0x18 zephyr/kernel/libkernel.a(init.c.obj)
                0x0000000000022fe8                z_bss_zero
 .text.z_init_cpu
                0x0000000000023000       0x68 zephyr/kernel/libkernel.a(init.c.obj)
                0x0000000000023000                z_init_cpu
 .text.z_cstart
                0x0000000000023068       0xdc zephyr/kernel/libkernel.a(init.c.obj)
                0x0000000000023068                z_cstart
 .text.init_mem_slab_module
                0x0000000000023144       0x24 zephyr/kernel/libkernel.a(mem_slab.c.obj)
 .text.k_mem_slab_alloc
                0x0000000000023168       0x5c zephyr/kernel/libkernel.a(mem_slab.c.obj)
                0x0000000000023168                k_mem_slab_alloc
 .text.z_setup_new_thread
                0x00000000000231c4       0x60 zephyr/kernel/libkernel.a(thread.c.obj)
                0x00000000000231c4                z_setup_new_thread
 .text.z_impl_k_thread_create
                0x0000000000023224       0x58 zephyr/kernel/libkernel.a(thread.c.obj)
                0x0000000000023224                z_impl_k_thread_create
 .text.z_init_static_threads
                0x000000000002327c       0xb8 zephyr/kernel/libkernel.a(thread.c.obj)
                0x000000000002327c                z_init_static_threads
 .text.idle     0x0000000000023334       0x38 zephyr/kernel/libkernel.a(idle.c.obj)
                0x0000000000023334                idle
 .text.z_impl_k_mutex_lock
                0x000000000002336c       0xf4 zephyr/kernel/libkernel.a(mutex.c.obj)
                0x000000000002336c                z_impl_k_mutex_lock
 .text.z_impl_k_mutex_unlock
                0x0000000000023460       0x78 zephyr/kernel/libkernel.a(mutex.c.obj)
                0x0000000000023460                z_impl_k_mutex_unlock
 .text.z_impl_k_queue_get
                0x00000000000234d8       0x68 zephyr/kernel/libkernel.a(queue.c.obj)
                0x00000000000234d8                z_impl_k_queue_get
 .text.z_impl_k_sem_give
                0x0000000000023540       0x40 zephyr/kernel/libkernel.a(sem.c.obj)
                0x0000000000023540                z_impl_k_sem_give
 .text.z_impl_k_sem_take
                0x0000000000023580       0x50 zephyr/kernel/libkernel.a(sem.c.obj)
                0x0000000000023580                z_impl_k_sem_take
 .text.z_impl_k_sem_reset
                0x00000000000235d0       0x3c zephyr/kernel/libkernel.a(sem.c.obj)
                0x00000000000235d0                z_impl_k_sem_reset
 .text.work_queue_main
                0x000000000002360c      0x138 zephyr/kernel/libkernel.a(work.c.obj)
 .text.submit_to_queue_locked
                0x0000000000023744       0xb4 zephyr/kernel/libkernel.a(work.c.obj)
 .text.k_work_queue_start
                0x00000000000237f8       0x70 zephyr/kernel/libkernel.a(work.c.obj)
                0x00000000000237f8                k_work_queue_start
 .text.k_work_schedule_for_queue
                0x0000000000023868       0x54 zephyr/kernel/libkernel.a(work.c.obj)
                0x0000000000023868                k_work_schedule_for_queue
 .text.sliceable
                0x00000000000238bc       0x3c zephyr/kernel/libkernel.a(sched.c.obj)
 .text.slice_timeout
                0x00000000000238f8       0x20 zephyr/kernel/libkernel.a(sched.c.obj)
 .text.z_reset_time_slice
                0x0000000000023918       0x50 zephyr/kernel/libkernel.a(sched.c.obj)
                0x0000000000023918                z_reset_time_slice
 .text.update_cache
                0x0000000000023968       0x3c zephyr/kernel/libkernel.a(sched.c.obj)
 .text.move_thread_to_end_of_prio_q
                0x00000000000239a4       0x74 zephyr/kernel/libkernel.a(sched.c.obj)
 .text.ready_thread
                0x0000000000023a18       0x68 zephyr/kernel/libkernel.a(sched.c.obj)
 .text.unready_thread
                0x0000000000023a80       0x30 zephyr/kernel/libkernel.a(sched.c.obj)
 .text.pend_locked
                0x0000000000023ab0       0x30 zephyr/kernel/libkernel.a(sched.c.obj)
 .text.z_time_slice
                0x0000000000023ae0       0x60 zephyr/kernel/libkernel.a(sched.c.obj)
                0x0000000000023ae0                z_time_slice
 .text.z_pend_curr
                0x0000000000023b40       0x3c zephyr/kernel/libkernel.a(sched.c.obj)
                0x0000000000023b40                z_pend_curr
 .text.z_set_prio
                0x0000000000023b7c       0x8c zephyr/kernel/libkernel.a(sched.c.obj)
                0x0000000000023b7c                z_set_prio
 .text.z_reschedule
                0x0000000000023c08       0x24 zephyr/kernel/libkernel.a(sched.c.obj)
                0x0000000000023c08                z_reschedule
 .text.z_sched_start
                0x0000000000023c2c       0x3c zephyr/kernel/libkernel.a(sched.c.obj)
                0x0000000000023c2c                z_sched_start
 .text.z_impl_k_thread_suspend
                0x0000000000023c68       0x64 zephyr/kernel/libkernel.a(sched.c.obj)
                0x0000000000023c68                z_impl_k_thread_suspend
 .text.k_sched_lock
                0x0000000000023ccc       0x28 zephyr/kernel/libkernel.a(sched.c.obj)
                0x0000000000023ccc                k_sched_lock
 .text.k_sched_unlock
                0x0000000000023cf4       0x38 zephyr/kernel/libkernel.a(sched.c.obj)
                0x0000000000023cf4                k_sched_unlock
 .text.z_sched_init
                0x0000000000023d2c       0x10 zephyr/kernel/libkernel.a(sched.c.obj)
                0x0000000000023d2c                z_sched_init
 .text.z_impl_k_yield
                0x0000000000023d3c       0x7c zephyr/kernel/libkernel.a(sched.c.obj)
                0x0000000000023d3c                z_impl_k_yield
 .text.z_tick_sleep
                0x0000000000023db8       0x88 zephyr/kernel/libkernel.a(sched.c.obj)
 .text.z_impl_k_sleep
                0x0000000000023e40       0x34 zephyr/kernel/libkernel.a(sched.c.obj)
                0x0000000000023e40                z_impl_k_sleep
 .text.z_impl_k_usleep
                0x0000000000023e74       0x34 zephyr/kernel/libkernel.a(sched.c.obj)
                0x0000000000023e74                z_impl_k_usleep
 .text.z_impl_z_current_get
                0x0000000000023ea8        0xc zephyr/kernel/libkernel.a(sched.c.obj)
                0x0000000000023ea8                z_impl_z_current_get
 .text.z_thread_abort
                0x0000000000023eb4       0xc0 zephyr/kernel/libkernel.a(sched.c.obj)
                0x0000000000023eb4                z_thread_abort
 .text.z_sched_wait
                0x0000000000023f74       0x24 zephyr/kernel/libkernel.a(sched.c.obj)
                0x0000000000023f74                z_sched_wait
 .text.z_data_copy
                0x0000000000023f98       0x34 zephyr/kernel/libkernel.a(xip.c.obj)
                0x0000000000023f98                z_data_copy
 .text.elapsed  0x0000000000023fcc       0x14 zephyr/kernel/libkernel.a(timeout.c.obj)
 .text.next_timeout
                0x0000000000023fe0       0x40 zephyr/kernel/libkernel.a(timeout.c.obj)
 .text.remove_timeout
                0x0000000000024020       0x38 zephyr/kernel/libkernel.a(timeout.c.obj)
 .text.z_add_timeout
                0x0000000000024058       0xec zephyr/kernel/libkernel.a(timeout.c.obj)
                0x0000000000024058                z_add_timeout
 .text.sys_clock_announce
                0x0000000000024144       0xd4 zephyr/kernel/libkernel.a(timeout.c.obj)
                0x0000000000024144                sys_clock_announce
 .text.sys_clock_tick_get
                0x0000000000024218       0x34 zephyr/kernel/libkernel.a(timeout.c.obj)
                0x0000000000024218                sys_clock_tick_get
 .text.z_timer_expiration_handler
                0x000000000002424c       0xe4 zephyr/kernel/libkernel.a(timer.c.obj)
                0x000000000002424c                z_timer_expiration_handler
 .text.z_impl_k_timer_start
                0x0000000000024330       0x60 zephyr/kernel/libkernel.a(timer.c.obj)
                0x0000000000024330                z_impl_k_timer_start
 .text.z_thread_aligned_alloc
                0x0000000000024390       0x40 zephyr/kernel/libkernel.a(mempool.c.obj)
                0x0000000000024390                z_thread_aligned_alloc
 .text.boot_banner
                0x00000000000243d0        0xc zephyr/kernel/libkernel.a(banner.c.obj)
                0x00000000000243d0                boot_banner
 .text.statics_init
                0x00000000000243dc       0x24 zephyr/kernel/libkernel.a(kheap.c.obj)
 .text.k_sys_work_q_init
                0x0000000000024400       0x34 zephyr/kernel/libkernel.a(system_work_q.c.obj)
 .text.gpio_pin_configure_dt
                0x0000000000024434       0x3e app/libapp.a(main.c.obj)
 .text.arch_printk_char_out
                0x0000000000024472        0x4 zephyr/libzephyr.a(printk.c.obj)
                0x0000000000024472                arch_printk_char_out
 .text.printk   0x0000000000024476       0x1a zephyr/libzephyr.a(printk.c.obj)
                0x0000000000024476                printk
 .text.z_thread_entry
                0x0000000000024490       0x14 zephyr/libzephyr.a(thread_entry.c.obj)
                0x0000000000024490                z_thread_entry
 .text.chunk_size
                0x00000000000244a4        0xa zephyr/libzephyr.a(heap.c.obj)
 .text.free_list_add
                0x00000000000244ae       0x4e zephyr/libzephyr.a(heap.c.obj)
 .text.free_list_remove_bidx
                0x00000000000244fc       0x3a zephyr/libzephyr.a(heap.c.obj)
 .text.free_list_remove
                0x0000000000024536       0x1a zephyr/libzephyr.a(heap.c.obj)
 .text.alloc_chunk
                0x0000000000024550       0x6e zephyr/libzephyr.a(heap.c.obj)
 .text.merge_chunks
                0x00000000000245be       0x2c zephyr/libzephyr.a(heap.c.obj)
 .text.split_chunks
                0x00000000000245ea       0x34 zephyr/libzephyr.a(heap.c.obj)
 .text.free_chunk
                0x000000000002461e       0x62 zephyr/libzephyr.a(heap.c.obj)
 .text.sys_heap_free
                0x0000000000024680       0x1e zephyr/libzephyr.a(heap.c.obj)
                0x0000000000024680                sys_heap_free
 .text.sys_heap_alloc
                0x000000000002469e       0x52 zephyr/libzephyr.a(heap.c.obj)
                0x000000000002469e                sys_heap_alloc
 .text.sys_heap_aligned_alloc
                0x00000000000246f0       0xce zephyr/libzephyr.a(heap.c.obj)
                0x00000000000246f0                sys_heap_aligned_alloc
 .text.sys_heap_init
                0x00000000000247be       0x70 zephyr/libzephyr.a(heap.c.obj)
                0x00000000000247be                sys_heap_init
 .text.sys_slist_find_and_remove
                0x000000000002482e       0x36 zephyr/libzephyr.a(onoff.c.obj)
 .text.process_recheck
                0x0000000000024864       0x38 zephyr/libzephyr.a(onoff.c.obj)
 .text.validate_args
                0x000000000002489c       0x20 zephyr/libzephyr.a(onoff.c.obj)
 .text.notify_one
                0x00000000000248bc       0x2c zephyr/libzephyr.a(onoff.c.obj)
 .text.transition_complete
                0x00000000000248e8       0x1c zephyr/libzephyr.a(onoff.c.obj)
 .text.onoff_manager_init
                0x0000000000024904       0x26 zephyr/libzephyr.a(onoff.c.obj)
                0x0000000000024904                onoff_manager_init
 .text.onoff_request
                0x000000000002492a       0xb0 zephyr/libzephyr.a(onoff.c.obj)
                0x000000000002492a                onoff_request
 .text.onoff_release
                0x00000000000249da       0x4a zephyr/libzephyr.a(onoff.c.obj)
                0x00000000000249da                onoff_release
 .text.onoff_cancel
                0x0000000000024a24       0x38 zephyr/libzephyr.a(onoff.c.obj)
                0x0000000000024a24                onoff_cancel
 .text.sys_notify_validate
                0x0000000000024a5c       0x22 zephyr/libzephyr.a(notify.c.obj)
                0x0000000000024a5c                sys_notify_validate
 .text.sys_notify_finalize
                0x0000000000024a7e       0x1a zephyr/libzephyr.a(notify.c.obj)
                0x0000000000024a7e                sys_notify_finalize
 .text.encode_uint
                0x0000000000024a98       0x8c zephyr/libzephyr.a(cbprintf_complete.c.obj)
 .text.outs     0x0000000000024b24       0x2e zephyr/libzephyr.a(cbprintf_complete.c.obj)
 .text.ring_buf_put_claim
                0x0000000000024b52       0x3a zephyr/libzephyr.a(ring_buffer.c.obj)
                0x0000000000024b52                ring_buf_put_claim
 .text.ring_buf_put_finish
                0x0000000000024b8c       0x2a zephyr/libzephyr.a(ring_buffer.c.obj)
                0x0000000000024b8c                ring_buf_put_finish
 .text.ring_buf_put
                0x0000000000024bb6       0x3e zephyr/libzephyr.a(ring_buffer.c.obj)
                0x0000000000024bb6                ring_buf_put
 .text.ring_buf_get_claim
                0x0000000000024bf4       0x38 zephyr/libzephyr.a(ring_buffer.c.obj)
                0x0000000000024bf4                ring_buf_get_claim
 .text.ring_buf_get_finish
                0x0000000000024c2c       0x2a zephyr/libzephyr.a(ring_buffer.c.obj)
                0x0000000000024c2c                ring_buf_get_finish
 .text.ring_buf_get
                0x0000000000024c56       0x40 zephyr/libzephyr.a(ring_buffer.c.obj)
                0x0000000000024c56                ring_buf_get
 .text._ConfigAbsSyms
                0x0000000000024c96        0x2 zephyr/libzephyr.a(configs.c.obj)
                0x0000000000024c96                _ConfigAbsSyms
 .text.nordicsemi_nrf53_init
                0x0000000000024c98       0x56 zephyr/libzephyr.a(soc.c.obj)
 .text.pm_state_set
                0x0000000000024cee       0x18 zephyr/libzephyr.a(power.c.obj)
                0x0000000000024cee                pm_state_set
 .text.pm_state_exit_post_ops
                0x0000000000024d06        0xc zephyr/libzephyr.a(power.c.obj)
                0x0000000000024d06                pm_state_exit_post_ops
 .text.soc_secure_gpio_pin_mcu_select
                0x0000000000024d12        0xe zephyr/libzephyr.a(soc_secure.c.obj)
                0x0000000000024d12                soc_secure_gpio_pin_mcu_select
 .text.soc_secure_mem_read
                0x0000000000024d20       0x34 zephyr/libzephyr.a(soc_secure.c.obj)
                0x0000000000024d20                soc_secure_mem_read
 .text.get_ep_bm_from_addr
                0x0000000000024d54       0x1e zephyr/libzephyr.a(usb_device.c.obj)
 .text.usb_write
                0x0000000000024d72       0x30 zephyr/libzephyr.a(usb_device.c.obj)
                0x0000000000024d72                usb_write
 .text.usb_get_dev_data_by_cfg
                0x0000000000024da2       0x16 zephyr/libzephyr.a(usb_descriptor.c.obj)
                0x0000000000024da2                usb_get_dev_data_by_cfg
 .text.usb_get_dev_data_by_iface
                0x0000000000024db8       0x1a zephyr/libzephyr.a(usb_descriptor.c.obj)
                0x0000000000024db8                usb_get_dev_data_by_iface
 .text.usb_get_dev_data_by_ep
                0x0000000000024dd2       0x2c zephyr/libzephyr.a(usb_descriptor.c.obj)
                0x0000000000024dd2                usb_get_dev_data_by_ep
 .text.usb_transfer_is_busy
                0x0000000000024dfe       0x16 zephyr/libzephyr.a(usb_transfer.c.obj)
                0x0000000000024dfe                usb_transfer_is_busy
 .text.cdc_interface_config
                0x0000000000024e14       0x14 zephyr/libzephyr.a(cdc_acm.c.obj)
 .text.cdc_acm_irq_callback_work_handler
                0x0000000000024e28        0xa zephyr/libzephyr.a(cdc_acm.c.obj)
 .text.cdc_acm_irq_tx_disable
                0x0000000000024e32        0xa zephyr/libzephyr.a(cdc_acm.c.obj)
 .text.cdc_acm_irq_tx_ready
                0x0000000000024e3c        0xe zephyr/libzephyr.a(cdc_acm.c.obj)
 .text.cdc_acm_irq_rx_disable
                0x0000000000024e4a        0xa zephyr/libzephyr.a(cdc_acm.c.obj)
 .text.cdc_acm_irq_rx_ready
                0x0000000000024e54        0x8 zephyr/libzephyr.a(cdc_acm.c.obj)
 .text.cdc_acm_irq_is_pending
                0x0000000000024e5c       0x1e zephyr/libzephyr.a(cdc_acm.c.obj)
 .text.cdc_acm_irq_update
                0x0000000000024e7a        0x4 zephyr/libzephyr.a(cdc_acm.c.obj)
 .text.cdc_acm_irq_callback_set
                0x0000000000024e7e        0x8 zephyr/libzephyr.a(cdc_acm.c.obj)
 .text.cdc_acm_configure
                0x0000000000024e86        0x4 zephyr/libzephyr.a(cdc_acm.c.obj)
 .text.cdc_acm_config_get
                0x0000000000024e8a       0x58 zephyr/libzephyr.a(cdc_acm.c.obj)
 .text.cdc_acm_fifo_read
                0x0000000000024ee2       0x54 zephyr/libzephyr.a(cdc_acm.c.obj)
 .text.cdc_acm_poll_in
                0x0000000000024f36       0x12 zephyr/libzephyr.a(cdc_acm.c.obj)
 .text.z_arm_fatal_error
                0x0000000000024f48        0x4 zephyr/arch/arch/arm/core/aarch32/libarch__arm__core__aarch32.a(fatal.c.obj)
                0x0000000000024f48                z_arm_fatal_error
 .text.z_do_kernel_oops
                0x0000000000024f4c        0x8 zephyr/arch/arch/arm/core/aarch32/libarch__arm__core__aarch32.a(fatal.c.obj)
                0x0000000000024f4c                z_do_kernel_oops
 .text.z_irq_spurious
                0x0000000000024f54        0x8 zephyr/arch/arch/arm/core/aarch32/libarch__arm__core__aarch32.a(irq_manage.c.obj)
                0x0000000000024f54                z_irq_spurious
 .text.z_arm_nmi
                0x0000000000024f5c        0xe zephyr/arch/arch/arm/core/aarch32/libarch__arm__core__aarch32.a(nmi.c.obj)
                0x0000000000024f5c                z_arm_nmi
 .text.configure_builtin_stack_guard
                0x0000000000024f6a        0x8 zephyr/arch/arch/arm/core/aarch32/libarch__arm__core__aarch32.a(thread.c.obj)
                0x0000000000024f6a                configure_builtin_stack_guard
 .text.z_arm_save_fp_context
                0x0000000000024f72        0x2 zephyr/arch/arch/arm/core/aarch32/cortex_m/libarch__arm__core__aarch32__cortex_m.a(fpu.c.obj)
                0x0000000000024f72                z_arm_save_fp_context
 .text.z_arm_restore_fp_context
                0x0000000000024f74        0x2 zephyr/arch/arch/arm/core/aarch32/cortex_m/libarch__arm__core__aarch32__cortex_m.a(fpu.c.obj)
                0x0000000000024f74                z_arm_restore_fp_context
 .text.arm_cmse_mpu_region_get
                0x0000000000024f76       0x12 zephyr/arch/arch/arm/core/aarch32/cortex_m/cmse/libarch__arm__core__aarch32__cortex_m__cmse.a(arm_core_cmse.c.obj)
                0x0000000000024f76                arm_cmse_mpu_region_get
 .text.mpu_configure_region
                0x0000000000024f88       0x3a zephyr/arch/arch/arm/core/aarch32/mpu/libarch__arm__core__aarch32__mpu.a(arm_mpu.c.obj)
 .text.strlen   0x0000000000024fc2        0xe zephyr/lib/libc/minimal/liblib__libc__minimal.a(string.c.obj)
                0x0000000000024fc2                strlen
 .text.strnlen  0x0000000000024fd0       0x12 zephyr/lib/libc/minimal/liblib__libc__minimal.a(string.c.obj)
                0x0000000000024fd0                strnlen
 .text.memcpy   0x0000000000024fe2       0x16 zephyr/lib/libc/minimal/liblib__libc__minimal.a(string.c.obj)
                0x0000000000024fe2                memcpy
 .text.memset   0x0000000000024ff8       0x12 zephyr/lib/libc/minimal/liblib__libc__minimal.a(string.c.obj)
                0x0000000000024ff8                memset
 .text._stdout_hook_default
                0x000000000002500a        0x6 zephyr/lib/libc/minimal/liblib__libc__minimal.a(stdout_console.c.obj)
 .text.ep_ctx_reset
                0x0000000000025010       0x26 zephyr/drivers/usb/device/libdrivers__usb__device.a(usb_dc_nrfx.c.obj)
 .text.attached_evt_delay_handler
                0x0000000000025036        0x6 zephyr/drivers/usb/device/libdrivers__usb__device.a(usb_dc_nrfx.c.obj)
 .text.k_mutex_lock.constprop.0.isra.0
                0x000000000002503c        0x4 zephyr/drivers/usb/device/libdrivers__usb__device.a(usb_dc_nrfx.c.obj)
 .text.k_mutex_unlock.isra.0
                0x0000000000025040        0x4 zephyr/drivers/usb/device/libdrivers__usb__device.a(usb_dc_nrfx.c.obj)
 .text.usb_dc_ep_check_cap
                0x0000000000025044       0x30 zephyr/drivers/usb/device/libdrivers__usb__device.a(usb_dc_nrfx.c.obj)
                0x0000000000025044                usb_dc_ep_check_cap
 .text.usb_dc_ep_disable
                0x0000000000025074       0x32 zephyr/drivers/usb/device/libdrivers__usb__device.a(usb_dc_nrfx.c.obj)
                0x0000000000025074                usb_dc_ep_disable
 .text.usb_dc_ep_read
                0x00000000000250a6       0x1e zephyr/drivers/usb/device/libdrivers__usb__device.a(usb_dc_nrfx.c.obj)
                0x00000000000250a6                usb_dc_ep_read
 .text.get_status
                0x00000000000250c4       0x12 zephyr/drivers/clock_control/libdrivers__clock_control.a(clock_control_nrf.c.obj)
 .text.set_on_state
                0x00000000000250d6       0x26 zephyr/drivers/clock_control/libdrivers__clock_control.a(clock_control_nrf.c.obj)
 .text.stop     0x00000000000250fc       0x54 zephyr/drivers/clock_control/libdrivers__clock_control.a(clock_control_nrf.c.obj)
 .text.api_stop
                0x0000000000025150        0x6 zephyr/drivers/clock_control/libdrivers__clock_control.a(clock_control_nrf.c.obj)
 .text.async_start
                0x0000000000025156       0x5e zephyr/drivers/clock_control/libdrivers__clock_control.a(clock_control_nrf.c.obj)
 .text.api_start
                0x00000000000251b4        0xe zephyr/drivers/clock_control/libdrivers__clock_control.a(clock_control_nrf.c.obj)
 .text.onoff_started_callback
                0x00000000000251c2       0x12 zephyr/drivers/clock_control/libdrivers__clock_control.a(clock_control_nrf.c.obj)
 .text.hfclkaudio_start
                0x00000000000251d4        0x6 zephyr/drivers/clock_control/libdrivers__clock_control.a(clock_control_nrf.c.obj)
 .text.hfclk192m_start
                0x00000000000251da        0x6 zephyr/drivers/clock_control/libdrivers__clock_control.a(clock_control_nrf.c.obj)
 .text.lfclk_start
                0x00000000000251e0        0x6 zephyr/drivers/clock_control/libdrivers__clock_control.a(clock_control_nrf.c.obj)
 .text.hfclkaudio_stop
                0x00000000000251e6        0x6 zephyr/drivers/clock_control/libdrivers__clock_control.a(clock_control_nrf.c.obj)
 .text.hfclk192m_stop
                0x00000000000251ec        0x6 zephyr/drivers/clock_control/libdrivers__clock_control.a(clock_control_nrf.c.obj)
 .text.lfclk_stop
                0x00000000000251f2        0x6 zephyr/drivers/clock_control/libdrivers__clock_control.a(clock_control_nrf.c.obj)
 .text.blocking_start_callback
                0x00000000000251f8        0x6 zephyr/drivers/clock_control/libdrivers__clock_control.a(clock_control_nrf.c.obj)
 .text.entropy_psa_crypto_rng_get_entropy
                0x00000000000251fe       0x14 zephyr/drivers/entropy/libdrivers__entropy.a(entropy_psa_crypto.c.obj)
 .text.entropy_psa_crypto_rng_init
                0x0000000000025212       0x10 zephyr/drivers/entropy/libdrivers__entropy.a(entropy_psa_crypto.c.obj)
 .text.gpio_nrfx_port_get_raw
                0x0000000000025222        0xc zephyr/drivers/gpio/libdrivers__gpio.a(gpio_nrfx.c.obj)
 .text.gpio_nrfx_port_set_masked_raw
                0x000000000002522e       0x14 zephyr/drivers/gpio/libdrivers__gpio.a(gpio_nrfx.c.obj)
 .text.gpio_nrfx_port_set_bits_raw
                0x0000000000025242        0xa zephyr/drivers/gpio/libdrivers__gpio.a(gpio_nrfx.c.obj)
 .text.gpio_nrfx_port_clear_bits_raw
                0x000000000002524c        0xa zephyr/drivers/gpio/libdrivers__gpio.a(gpio_nrfx.c.obj)
 .text.gpio_nrfx_port_toggle_bits
                0x0000000000025256       0x14 zephyr/drivers/gpio/libdrivers__gpio.a(gpio_nrfx.c.obj)
 .text.gpio_nrfx_manage_callback
                0x000000000002526a       0x52 zephyr/drivers/gpio/libdrivers__gpio.a(gpio_nrfx.c.obj)
 .text.i2c_nrfx_twim_configure
                0x00000000000252bc       0x3a zephyr/drivers/i2c/libdrivers__i2c.a(i2c_nrfx_twim.c.obj)
 .text.irq_connect1
                0x00000000000252f6        0xa zephyr/drivers/i2c/libdrivers__i2c.a(i2c_nrfx_twim.c.obj)
 .text.pinctrl_apply_state.constprop.0
                0x0000000000025300       0x20 zephyr/drivers/i2c/libdrivers__i2c.a(i2c_nrfx_twim.c.obj)
 .text.pinctrl_lookup_state
                0x0000000000025320       0x26 zephyr/drivers/pinctrl/libdrivers__pinctrl.a(common.c.obj)
                0x0000000000025320                pinctrl_lookup_state
 .text.regulator_common_data_init
                0x0000000000025346       0x10 zephyr/drivers/regulator/libdrivers__regulator.a(regulator_common.c.obj)
                0x0000000000025346                regulator_common_data_init
 .text.regulator_is_enabled
                0x0000000000025356       0x30 zephyr/drivers/regulator/libdrivers__regulator.a(regulator_common.c.obj)
                0x0000000000025356                regulator_is_enabled
 .text.regulator_set_voltage
                0x0000000000025386       0x28 zephyr/drivers/regulator/libdrivers__regulator.a(regulator_common.c.obj)
                0x0000000000025386                regulator_set_voltage
 .text.regulator_set_mode
                0x00000000000253ae       0x3c zephyr/drivers/regulator/libdrivers__regulator.a(regulator_common.c.obj)
                0x00000000000253ae                regulator_set_mode
 .text.regulator_common_init
                0x00000000000253ea       0xa6 zephyr/drivers/regulator/libdrivers__regulator.a(regulator_common.c.obj)
                0x00000000000253ea                regulator_common_init
 .text.gpio_pin_set
                0x0000000000025490       0x20 zephyr/drivers/regulator/libdrivers__regulator.a(regulator_fixed.c.obj)
 .text.regulator_fixed_init
                0x00000000000254b0       0x76 zephyr/drivers/regulator/libdrivers__regulator.a(regulator_fixed.c.obj)
 .text.regulator_fixed_disable
                0x0000000000025526        0xe zephyr/drivers/regulator/libdrivers__regulator.a(regulator_fixed.c.obj)
 .text.irq_connect3
                0x0000000000025534        0xa zephyr/drivers/spi/libdrivers__spi.a(spi_nrfx_spim.c.obj)
 .text.irq_connect4
                0x000000000002553e        0xa zephyr/drivers/spi/libdrivers__spi.a(spi_nrfx_spim.c.obj)
 .text.spi_context_get_next_buf.constprop.0
                0x0000000000025548       0x26 zephyr/drivers/spi/libdrivers__spi.a(spi_nrfx_spim.c.obj)
 .text.gpio_pin_set_dt.isra.0
                0x000000000002556e       0x28 zephyr/drivers/spi/libdrivers__spi.a(spi_nrfx_spim.c.obj)
 .text._spi_context_cs_control
                0x0000000000025596       0x44 zephyr/drivers/spi/libdrivers__spi.a(spi_nrfx_spim.c.obj)
 .text.spi_context_unlock_unconditionally
                0x00000000000255da       0x20 zephyr/drivers/spi/libdrivers__spi.a(spi_nrfx_spim.c.obj)
 .text.spi_nrfx_release
                0x00000000000255fa       0x24 zephyr/drivers/spi/libdrivers__spi.a(spi_nrfx_spim.c.obj)
 .text.spi_nrfx_init
                0x000000000002561e       0xac zephyr/drivers/spi/libdrivers__spi.a(spi_nrfx_spim.c.obj)
 .text.finish_transaction.isra.0
                0x00000000000256ca       0x20 zephyr/drivers/spi/libdrivers__spi.a(spi_nrfx_spim.c.obj)
 .text.event_handler
                0x00000000000256ea       0x98 zephyr/drivers/spi/libdrivers__spi.a(spi_nrfx_spim.c.obj)
 .text.sys_clock_idle_exit
                0x0000000000025782        0x2 zephyr/drivers/timer/libdrivers__timer.a(sys_clock_init.c.obj)
                0x0000000000025782                sys_clock_idle_exit
 .text.event_clear
                0x0000000000025784       0x18 zephyr/drivers/timer/libdrivers__timer.a(nrf_rtc_timer.c.obj)
 .text.sys_clock_cycle_get_32
                0x000000000002579c        0x8 zephyr/drivers/timer/libdrivers__timer.a(nrf_rtc_timer.c.obj)
                0x000000000002579c                sys_clock_cycle_get_32
 .text.k_sys_fatal_error_handler
                0x00000000000257a4        0x8 modules/nrf/lib/fatal_error/lib..__nrf__lib__fatal_error.a(fatal_error.c.obj)
                0x00000000000257a4                k_sys_fatal_error_handler
 .text.ns_interface_init
                0x00000000000257ac        0x4 modules/trusted-firmware-m/libtfm_api.a(interface.c.obj)
 .text.psa_crypto_init
                0x00000000000257b0        0x4 modules/trusted-firmware-m/libtfm_api.a(tfm_crypto_api.c.obj)
                0x00000000000257b0                psa_crypto_init
 .text.tfm_platform_mem_read
                0x00000000000257b4       0x30 modules/trusted-firmware-m/libtfm_api.a(tfm_ioctl_core_ns_api.c.obj)
                0x00000000000257b4                tfm_platform_mem_read
 .text.tfm_platform_gpio_pin_mcu_select
                0x00000000000257e4       0x32 modules/trusted-firmware-m/libtfm_api.a(tfm_ioctl_core_ns_api.c.obj)
                0x00000000000257e4                tfm_platform_gpio_pin_mcu_select
 .text.SystemInit
                0x0000000000025816        0x2 modules/hal_nordic/nrfx/libmodules__hal_nordic__nrfx.a(system_nrf5340_application.c.obj)
                0x0000000000025816                SystemInit
 .text.nrfx_isr
                0x0000000000025818        0x2 modules/hal_nordic/nrfx/libmodules__hal_nordic__nrfx.a(nrfx_glue.c.obj)
                0x0000000000025818                nrfx_isr
 .text.nrfx_busy_wait
                0x000000000002581a        0x4 modules/hal_nordic/nrfx/libmodules__hal_nordic__nrfx.a(nrfx_glue.c.obj)
                0x000000000002581a                nrfx_busy_wait
 .text.nrfx_clock_stop
                0x000000000002581e        0x4 modules/hal_nordic/nrfx/libmodules__hal_nordic__nrfx.a(nrfx_clock.c.obj)
                0x000000000002581e                nrfx_clock_stop
 .text.nrf_gpio_reconfigure
                0x0000000000025822       0x92 modules/hal_nordic/nrfx/libmodules__hal_nordic__nrfx.a(nrfx_gpiote.c.obj)
 .text.nrf_gpio_cfg_sense_set
                0x00000000000258b4       0x1e modules/hal_nordic/nrfx/libmodules__hal_nordic__nrfx.a(nrfx_gpiote.c.obj)
 .text.nrfx_power_clock_irq_handler
                0x00000000000258d2        0xe modules/hal_nordic/nrfx/libmodules__hal_nordic__nrfx.a(nrfx_power.c.obj)
                0x00000000000258d2                nrfx_power_clock_irq_handler
 .text.spim_pin_uninit
                0x00000000000258e0       0x18 modules/hal_nordic/nrfx/libmodules__hal_nordic__nrfx.a(nrfx_spim.c.obj)
 .text.set_ss_pin_state
                0x00000000000258f8       0x20 modules/hal_nordic/nrfx/libmodules__hal_nordic__nrfx.a(nrfx_spim.c.obj)
 .text.finish_transfer
                0x0000000000025918       0x1e modules/hal_nordic/nrfx/libmodules__hal_nordic__nrfx.a(nrfx_spim.c.obj)
 .text.xfer_completeness_check
                0x0000000000025936       0x60 modules/hal_nordic/nrfx/libmodules__hal_nordic__nrfx.a(nrfx_twim.c.obj)
 .text.nrfx_usbd_consumer
                0x0000000000025996       0x32 modules/hal_nordic/nrfx/libmodules__hal_nordic__nrfx.a(nrfx_usbd.c.obj)
                0x0000000000025996                nrfx_usbd_consumer
 .text.nrfx_usbd_feeder_ram
                0x00000000000259c8       0x22 modules/hal_nordic/nrfx/libmodules__hal_nordic__nrfx.a(nrfx_usbd.c.obj)
                0x00000000000259c8                nrfx_usbd_feeder_ram
 .text.nrfx_usbd_feeder_ram_zlp
                0x00000000000259ea       0x2a modules/hal_nordic/nrfx/libmodules__hal_nordic__nrfx.a(nrfx_usbd.c.obj)
                0x00000000000259ea                nrfx_usbd_feeder_ram_zlp
 .text.ep2bit   0x0000000000025a14       0x10 modules/hal_nordic/nrfx/libmodules__hal_nordic__nrfx.a(nrfx_usbd.c.obj)
 .text.ev_started_handler
                0x0000000000025a24        0x2 modules/hal_nordic/nrfx/libmodules__hal_nordic__nrfx.a(nrfx_usbd.c.obj)
 .text.ev_dma_epin7_handler
                0x0000000000025a26        0x6 modules/hal_nordic/nrfx/libmodules__hal_nordic__nrfx.a(nrfx_usbd.c.obj)
 .text.ev_dma_epin6_handler
                0x0000000000025a2c        0x6 modules/hal_nordic/nrfx/libmodules__hal_nordic__nrfx.a(nrfx_usbd.c.obj)
 .text.ev_dma_epin5_handler
                0x0000000000025a32        0x6 modules/hal_nordic/nrfx/libmodules__hal_nordic__nrfx.a(nrfx_usbd.c.obj)
 .text.ev_dma_epin4_handler
                0x0000000000025a38        0x6 modules/hal_nordic/nrfx/libmodules__hal_nordic__nrfx.a(nrfx_usbd.c.obj)
 .text.ev_dma_epin3_handler
                0x0000000000025a3e        0x6 modules/hal_nordic/nrfx/libmodules__hal_nordic__nrfx.a(nrfx_usbd.c.obj)
 .text.ev_dma_epin2_handler
                0x0000000000025a44        0x6 modules/hal_nordic/nrfx/libmodules__hal_nordic__nrfx.a(nrfx_usbd.c.obj)
 .text.ev_dma_epin1_handler
                0x0000000000025a4a        0x6 modules/hal_nordic/nrfx/libmodules__hal_nordic__nrfx.a(nrfx_usbd.c.obj)
 .text.ev_dma_epin0_handler
                0x0000000000025a50        0x4 modules/hal_nordic/nrfx/libmodules__hal_nordic__nrfx.a(nrfx_usbd.c.obj)
 .text.nrfx_usbd_ep_max_packet_size_set
                0x0000000000025a54        0xa modules/hal_nordic/nrfx/libmodules__hal_nordic__nrfx.a(nrfx_usbd.c.obj)
                0x0000000000025a54                nrfx_usbd_ep_max_packet_size_set
 .text.nrfx_usbd_ep_status_get
                0x0000000000025a5e       0x2e modules/hal_nordic/nrfx/libmodules__hal_nordic__nrfx.a(nrfx_usbd.c.obj)
                0x0000000000025a5e                nrfx_usbd_ep_status_get
 .text.ev_dma_epout7_handler
                0x0000000000025a8c        0x6 modules/hal_nordic/nrfx/libmodules__hal_nordic__nrfx.a(nrfx_usbd.c.obj)
 .text.ev_dma_epout6_handler
                0x0000000000025a92        0x6 modules/hal_nordic/nrfx/libmodules__hal_nordic__nrfx.a(nrfx_usbd.c.obj)
 .text.ev_dma_epout5_handler
                0x0000000000025a98        0x6 modules/hal_nordic/nrfx/libmodules__hal_nordic__nrfx.a(nrfx_usbd.c.obj)
 .text.ev_dma_epout4_handler
                0x0000000000025a9e        0x6 modules/hal_nordic/nrfx/libmodules__hal_nordic__nrfx.a(nrfx_usbd.c.obj)
 .text.ev_dma_epout3_handler
                0x0000000000025aa4        0x6 modules/hal_nordic/nrfx/libmodules__hal_nordic__nrfx.a(nrfx_usbd.c.obj)
 .text.ev_dma_epout2_handler
                0x0000000000025aaa        0x6 modules/hal_nordic/nrfx/libmodules__hal_nordic__nrfx.a(nrfx_usbd.c.obj)
 .text.ev_dma_epout1_handler
                0x0000000000025ab0        0x6 modules/hal_nordic/nrfx/libmodules__hal_nordic__nrfx.a(nrfx_usbd.c.obj)
 .text.nrfx_usbd_ep_abort
                0x0000000000025ab6        0x4 modules/hal_nordic/nrfx/libmodules__hal_nordic__nrfx.a(nrfx_usbd.c.obj)
                0x0000000000025ab6                nrfx_usbd_ep_abort
 .text.nrf_gpio_pin_set
                0x0000000000025aba       0x18 modules/hal_nordic/nrfx/libmodules__hal_nordic__nrfx.a(nrfx_twi_twim.c.obj)
 .text.z_device_state_init
                0x0000000000025ad2        0x2 zephyr/kernel/libkernel.a(device.c.obj)
                0x0000000000025ad2                z_device_state_init
 .text.z_device_is_ready
                0x0000000000025ad4       0x16 zephyr/kernel/libkernel.a(device.c.obj)
                0x0000000000025ad4                z_device_is_ready
 .text.z_fatal_error
                0x0000000000025aea       0x36 zephyr/kernel/libkernel.a(fatal.c.obj)
                0x0000000000025aea                z_fatal_error
 .text.z_early_memset
                0x0000000000025b20        0x4 zephyr/kernel/libkernel.a(init.c.obj)
                0x0000000000025b20                z_early_memset
 .text.z_early_memcpy
                0x0000000000025b24        0x4 zephyr/kernel/libkernel.a(init.c.obj)
                0x0000000000025b24                z_early_memcpy
 .text.create_free_list
                0x0000000000025b28       0x2c zephyr/kernel/libkernel.a(mem_slab.c.obj)
 .text.k_mem_slab_free
                0x0000000000025b54       0x52 zephyr/kernel/libkernel.a(mem_slab.c.obj)
                0x0000000000025b54                k_mem_slab_free
 .text.k_is_in_isr
                0x0000000000025ba6        0xc zephyr/kernel/libkernel.a(thread.c.obj)
                0x0000000000025ba6                k_is_in_isr
 .text.z_impl_k_thread_name_set
                0x0000000000025bb2        0x6 zephyr/kernel/libkernel.a(thread.c.obj)
                0x0000000000025bb2                z_impl_k_thread_name_set
 .text.z_impl_k_thread_start
                0x0000000000025bb8        0x4 zephyr/kernel/libkernel.a(thread.c.obj)
                0x0000000000025bb8                z_impl_k_thread_start
 .text.z_pm_save_idle_exit
                0x0000000000025bbc        0xe zephyr/kernel/libkernel.a(idle.c.obj)
                0x0000000000025bbc                z_pm_save_idle_exit
 .text.adjust_owner_prio.isra.0
                0x0000000000025bca       0x10 zephyr/kernel/libkernel.a(mutex.c.obj)
 .text.z_impl_k_mutex_init
                0x0000000000025bda        0xe zephyr/kernel/libkernel.a(mutex.c.obj)
                0x0000000000025bda                z_impl_k_mutex_init
 .text.queue_insert
                0x0000000000025be8       0xc4 zephyr/kernel/libkernel.a(queue.c.obj)
 .text.z_queue_node_peek
                0x0000000000025cac       0x18 zephyr/kernel/libkernel.a(queue.c.obj)
                0x0000000000025cac                z_queue_node_peek
 .text.k_queue_append
                0x0000000000025cc4       0x16 zephyr/kernel/libkernel.a(queue.c.obj)
                0x0000000000025cc4                k_queue_append
 .text.z_impl_k_sem_init
                0x0000000000025cda       0x18 zephyr/kernel/libkernel.a(sem.c.obj)
                0x0000000000025cda                z_impl_k_sem_init
 .text.flag_test_and_clear
                0x0000000000025cf2       0x16 zephyr/kernel/libkernel.a(work.c.obj)
 .text.notify_queue_locked.isra.0
                0x0000000000025d08        0xe zephyr/kernel/libkernel.a(work.c.obj)
 .text.work_timeout
                0x0000000000025d16       0x3e zephyr/kernel/libkernel.a(work.c.obj)
 .text.k_work_init
                0x0000000000025d54       0x12 zephyr/kernel/libkernel.a(work.c.obj)
                0x0000000000025d54                k_work_init
 .text.z_work_submit_to_queue
                0x0000000000025d66       0x28 zephyr/kernel/libkernel.a(work.c.obj)
                0x0000000000025d66                z_work_submit_to_queue
 .text.k_work_submit_to_queue
                0x0000000000025d8e       0x22 zephyr/kernel/libkernel.a(work.c.obj)
                0x0000000000025d8e                k_work_submit_to_queue
 .text.k_work_init_delayable
                0x0000000000025db0       0x18 zephyr/kernel/libkernel.a(work.c.obj)
                0x0000000000025db0                k_work_init_delayable
 .text.sys_dlist_remove
                0x0000000000025dc8       0x10 zephyr/kernel/libkernel.a(sched.c.obj)
 .text.unpend_thread_no_timeout
                0x0000000000025dd8       0x14 zephyr/kernel/libkernel.a(sched.c.obj)
 .text.add_to_waitq_locked
                0x0000000000025dec       0x50 zephyr/kernel/libkernel.a(sched.c.obj)
 .text.z_ready_thread
                0x0000000000025e3c       0x20 zephyr/kernel/libkernel.a(sched.c.obj)
                0x0000000000025e3c                z_ready_thread
 .text.z_unpend_thread_no_timeout
                0x0000000000025e5c       0x24 zephyr/kernel/libkernel.a(sched.c.obj)
                0x0000000000025e5c                z_unpend_thread_no_timeout
 .text.z_sched_wake_thread
                0x0000000000025e80       0x44 zephyr/kernel/libkernel.a(sched.c.obj)
                0x0000000000025e80                z_sched_wake_thread
 .text.z_thread_timeout
                0x0000000000025ec4        0x8 zephyr/kernel/libkernel.a(sched.c.obj)
                0x0000000000025ec4                z_thread_timeout
 .text.z_unpend_first_thread
                0x0000000000025ecc       0x38 zephyr/kernel/libkernel.a(sched.c.obj)
                0x0000000000025ecc                z_unpend_first_thread
 .text.z_unpend_thread
                0x0000000000025f04       0x30 zephyr/kernel/libkernel.a(sched.c.obj)
                0x0000000000025f04                z_unpend_thread
 .text.z_reschedule_irqlock
                0x0000000000025f34       0x18 zephyr/kernel/libkernel.a(sched.c.obj)
                0x0000000000025f34                z_reschedule_irqlock
 .text.z_reschedule_unlocked
                0x0000000000025f4c       0x14 zephyr/kernel/libkernel.a(sched.c.obj)
 .text.z_unpend_all
                0x0000000000025f60       0x20 zephyr/kernel/libkernel.a(sched.c.obj)
                0x0000000000025f60                z_unpend_all
 .text.z_sched_wake
                0x0000000000025f80       0x46 zephyr/kernel/libkernel.a(sched.c.obj)
                0x0000000000025f80                z_sched_wake
 .text.z_abort_timeout
                0x0000000000025fc6       0x2c zephyr/kernel/libkernel.a(timeout.c.obj)
                0x0000000000025fc6                z_abort_timeout
 .text.z_get_next_timeout_expiry
                0x0000000000025ff2       0x20 zephyr/kernel/libkernel.a(timeout.c.obj)
                0x0000000000025ff2                z_get_next_timeout_expiry
 .text.sys_clock_tick_get_32
                0x0000000000026012        0x8 zephyr/kernel/libkernel.a(timeout.c.obj)
                0x0000000000026012                sys_clock_tick_get_32
 .text.z_impl_k_uptime_ticks
                0x000000000002601a        0x4 zephyr/kernel/libkernel.a(timeout.c.obj)
                0x000000000002601a                z_impl_k_uptime_ticks
 .text.z_impl_k_busy_wait
                0x000000000002601e        0x8 zephyr/kernel/libkernel.a(timeout.c.obj)
                0x000000000002601e                z_impl_k_busy_wait
 .text.sys_clock_timeout_end_calc
                0x0000000000026026       0x44 zephyr/kernel/libkernel.a(timeout.c.obj)
                0x0000000000026026                sys_clock_timeout_end_calc
 .text.k_free   0x000000000002606a        0xe zephyr/kernel/libkernel.a(mempool.c.obj)
                0x000000000002606a                k_free
 .text.k_heap_init
                0x0000000000026078       0x10 zephyr/kernel/libkernel.a(kheap.c.obj)
                0x0000000000026078                k_heap_init
 .text.k_heap_aligned_alloc
                0x0000000000026088       0x9a zephyr/kernel/libkernel.a(kheap.c.obj)
                0x0000000000026088                k_heap_aligned_alloc
 .text.k_heap_free
                0x0000000000026122       0x3a zephyr/kernel/libkernel.a(kheap.c.obj)
                0x0000000000026122                k_heap_free
 .text._OffsetAbsSyms
                0x000000000002615c        0x2 zephyr/CMakeFiles/offsets.dir/./arch/arm/core/offsets/offsets.c.obj
                0x000000000002615c                _OffsetAbsSyms
 *(SORT_BY_ALIGNMENT(.TEXT.*))
 *(SORT_BY_ALIGNMENT(.gnu.linkonce.t.*))
 *(SORT_BY_ALIGNMENT(.glue_7t))
 .glue_7t       0x000000000002615e        0x0 linker stubs
 *(SORT_BY_ALIGNMENT(.glue_7))
 .glue_7        0x000000000002615e        0x0 linker stubs
 *(SORT_BY_ALIGNMENT(.vfp11_veneer))
 .vfp11_veneer  0x000000000002615e        0x0 linker stubs
 *(SORT_BY_ALIGNMENT(.v4_bx))
 .v4_bx         0x000000000002615e        0x0 linker stubs
                0x0000000000026160                . = ALIGN (0x4)
 *fill*         0x000000000002615e        0x2 
                0x0000000000026160                __text_region_end = .

.ARM.exidx      0x0000000000026160        0x8
                0x0000000000026160                __exidx_start = .
 *(SORT_BY_ALIGNMENT(.ARM.exidx*) SORT_BY_ALIGNMENT(gnu.linkonce.armexidx.*))
 .ARM.exidx     0x0000000000026160        0x8 /home/siji/ncs/toolchains/1f9b40e71a/opt/zephyr-sdk/arm-zephyr-eabi/bin/../lib/gcc/arm-zephyr-eabi/12.2.0/thumb/v8-m.main/nofp/libgcc.a(_udivmoddi4.o)
                0x0000000000026168                __exidx_end = .
                0x0000000000026168                __rodata_region_start = .

initlevel       0x0000000000026168       0xa8
                0x0000000000026168                __init_start = .
                0x0000000000026168                __init_EARLY_start = .
 *(SORT_BY_NAME(SORT_BY_ALIGNMENT(.z_init_EARLY[0-9]_*)))
 *(SORT_BY_NAME(SORT_BY_ALIGNMENT(.z_init_EARLY[1-9][0-9]_*)))
                0x0000000000026168                __init_PRE_KERNEL_1_start = .
 *(SORT_BY_NAME(SORT_BY_ALIGNMENT(.z_init_PRE_KERNEL_1[0-9]_*)))
 .z_init_PRE_KERNEL_10_
                0x0000000000026168        0x8 zephyr/libzephyr.a(soc.c.obj)
 *(SORT_BY_NAME(SORT_BY_ALIGNMENT(.z_init_PRE_KERNEL_1[1-9][0-9]_*)))
 .z_init_PRE_KERNEL_130_