Archive member included to satisfy reference by file (symbol)

app/libapp.a(main.c.obj)      (--whole-archive)
zephyr/libzephyr.a(cbprintf_packaged.c.obj)
                              (--whole-archive)
zephyr/libzephyr.a(dec.c.obj)
                              (--whole-archive)
zephyr/libzephyr.a(fdtable.c.obj)
                              (--whole-archive)
zephyr/libzephyr.a(hex.c.obj)
                              (--whole-archive)
zephyr/libzephyr.a(printk.c.obj)
                              (--whole-archive)
zephyr/libzephyr.a(rb.c.obj)  (--whole-archive)
zephyr/libzephyr.a(sem.c.obj)
                              (--whole-archive)
zephyr/libzephyr.a(thread_entry.c.obj)
                              (--whole-archive)
zephyr/libzephyr.a(timeutil.c.obj)
                              (--whole-archive)
zephyr/libzephyr.a(heap.c.obj)
                              (--whole-archive)
zephyr/libzephyr.a(heap-validate.c.obj)
                              (--whole-archive)
zephyr/libzephyr.a(bitarray.c.obj)
                              (--whole-archive)
zephyr/libzephyr.a(multi_heap.c.obj)
                              (--whole-archive)
zephyr/libzephyr.a(onoff.c.obj)
                              (--whole-archive)
zephyr/libzephyr.a(notify.c.obj)
                              (--whole-archive)
zephyr/libzephyr.a(crc32c_sw.c.obj)
                              (--whole-archive)
zephyr/libzephyr.a(crc32_sw.c.obj)
                              (--whole-archive)
zephyr/libzephyr.a(crc16_sw.c.obj)
                              (--whole-archive)
zephyr/libzephyr.a(crc8_sw.c.obj)
                              (--whole-archive)
zephyr/libzephyr.a(crc7_sw.c.obj)
                              (--whole-archive)
zephyr/libzephyr.a(cbprintf_complete.c.obj)
                              (--whole-archive)
zephyr/libzephyr.a(cbprintf.c.obj)
                              (--whole-archive)
zephyr/libzephyr.a(assert.c.obj)
                              (--whole-archive)
zephyr/libzephyr.a(reboot.c.obj)
                              (--whole-archive)
zephyr/libzephyr.a(configs.c.obj)
                              (--whole-archive)
zephyr/libzephyr.a(soc.c.obj)
                              (--whole-archive)
zephyr/libzephyr.a(soc_nrf_common.S.obj)
                              (--whole-archive)
zephyr/libzephyr.a(validate_base_addresses.c.obj)
                              (--whole-archive)
zephyr/libzephyr.a(validate_enabled_instances.c.obj)
                              (--whole-archive)
zephyr/libzephyr.a(tracing_none.c.obj)
                              (--whole-archive)
zephyr/libzephyr.a(flash_map_partition_manager.c.obj)
                              (--whole-archive)
zephyr/arch/common/libarch__common.a(sw_isr_common.c.obj)
                              (--whole-archive)
zephyr/arch/arch/arm/core/aarch32/libarch__arm__core__aarch32.a(cpu_idle.S.obj)
                              (--whole-archive)
zephyr/arch/arch/arm/core/aarch32/libarch__arm__core__aarch32.a(fatal.c.obj)
                              (--whole-archive)
zephyr/arch/arch/arm/core/aarch32/libarch__arm__core__aarch32.a(irq_manage.c.obj)
                              (--whole-archive)
zephyr/arch/arch/arm/core/aarch32/libarch__arm__core__aarch32.a(nmi.c.obj)
                              (--whole-archive)
zephyr/arch/arch/arm/core/aarch32/libarch__arm__core__aarch32.a(nmi_on_reset.S.obj)
                              (--whole-archive)
zephyr/arch/arch/arm/core/aarch32/libarch__arm__core__aarch32.a(prep_c.c.obj)
                              (--whole-archive)
zephyr/arch/arch/arm/core/aarch32/libarch__arm__core__aarch32.a(swap.c.obj)
                              (--whole-archive)
zephyr/arch/arch/arm/core/aarch32/libarch__arm__core__aarch32.a(swap_helper.S.obj)
                              (--whole-archive)
zephyr/arch/arch/arm/core/aarch32/libarch__arm__core__aarch32.a(thread.c.obj)
                              (--whole-archive)
zephyr/arch/arch/arm/core/aarch32/libarch__arm__core__aarch32.a(isr_wrapper.S.obj)
                              (--whole-archive)
zephyr/arch/arch/arm/core/aarch32/cortex_m/libarch__arm__core__aarch32__cortex_m.a(exc_exit.S.obj)
                              (--whole-archive)
zephyr/arch/arch/arm/core/aarch32/cortex_m/libarch__arm__core__aarch32__cortex_m.a(fault.c.obj)
                              (--whole-archive)
zephyr/arch/arch/arm/core/aarch32/cortex_m/libarch__arm__core__aarch32__cortex_m.a(fault_s.S.obj)
                              (--whole-archive)
zephyr/arch/arch/arm/core/aarch32/cortex_m/libarch__arm__core__aarch32__cortex_m.a(fpu.c.obj)
                              (--whole-archive)
zephyr/arch/arch/arm/core/aarch32/cortex_m/libarch__arm__core__aarch32__cortex_m.a(irq_init.c.obj)
                              (--whole-archive)
zephyr/arch/arch/arm/core/aarch32/cortex_m/libarch__arm__core__aarch32__cortex_m.a(reset.S.obj)
                              (--whole-archive)
[...]
Memory Configuration

Name             Origin             Length             Attributes
FLASH            0x0000000001008800 0x0000000000037800 xr
RAM              0x0000000021000000 0x0000000000010000 xw
SRAM1            0x0000000021000000 0x0000000000010000
IDT_LIST         0x00000000fffff7ff 0x0000000000000800 xw
*default*        0x0000000000000000 0xffffffffffffffff

Linker script and memory map

LOAD zephyr/CMakeFiles/zephyr_pre1.dir/misc/empty_file.c.obj
LOAD zephyr/CMakeFiles/zephyr_pre1.dir/dev_handles.c.obj
LOAD app/libapp.a
LOAD zephyr/libzephyr.a
LOAD zephyr/arch/common/libarch__common.a
LOAD zephyr/arch/arch/arm/core/aarch32/libarch__arm__core__aarch32.a
LOAD zephyr/arch/arch/arm/core/aarch32/cortex_m/libarch__arm__core__aarch32__cortex_m.a
LOAD zephyr/arch/arch/arm/core/aarch32/cortex_m/cmse/libarch__arm__core__aarch32__cortex_m__cmse.a
LOAD zephyr/arch/arch/arm/core/aarch32/mpu/libarch__arm__core__aarch32__mpu.a
LOAD zephyr/lib/libc/minimal/liblib__libc__minimal.a
LOAD zephyr/soc/arm/common/cortex_m/libsoc__arm__common__cortex_m.a
LOAD zephyr/drivers/clock_control/libdrivers__clock_control.a
LOAD zephyr/drivers/gpio/libdrivers__gpio.a
LOAD zephyr/drivers/pinctrl/libdrivers__pinctrl.a
LOAD zephyr/drivers/timer/libdrivers__timer.a
LOAD modules/nrf/lib/fatal_error/lib..__nrf__lib__fatal_error.a
LOAD modules/nrf/subsys/fw_info/lib..__nrf__subsys__fw_info.a
LOAD modules/hal_nordic/nrfx/libmodules__hal_nordic__nrfx.a
LOAD zephyr/kernel/libkernel.a
LOAD zephyr/CMakeFiles/offsets.dir/./arch/arm/core/offsets/offsets.c.obj
LOAD /home/siji/ncs/toolchains/1f9b40e71a/opt/zephyr-sdk/arm-zephyr-eabi/bin/../lib/gcc/arm-zephyr-eabi/12.2.0/thumb/v8-m.main/nofp/libgcc.a
LOAD zephyr/arch/common/libisr_tables.a
                0x0000000000000020                _region_min_align = 0x20

.rel.plt        0x0000000001008800        0x0
 *(SORT_BY_ALIGNMENT(.rel.plt))
                [!provide]                        PROVIDE (__rel_iplt_start = .)
 *(SORT_BY_ALIGNMENT(.rel.iplt))
 .rel.iplt      0x0000000001008800        0x0 zephyr/libzephyr.a(cbprintf_packaged.c.obj)
                [!provide]                        PROVIDE (__rel_iplt_end = .)

.rela.plt       0x0000000000000000        0x0
 *(SORT_BY_ALIGNMENT(.rela.plt))
                [!provide]                        PROVIDE (__rela_iplt_start = .)
 *(SORT_BY_ALIGNMENT(.rela.iplt))
                [!provide]                        PROVIDE (__rela_iplt_end = .)

.rel.dyn
 *(SORT_BY_ALIGNMENT(.rel.*))

.rela.dyn
 *(SORT_BY_ALIGNMENT(.rela.*))

/DISCARD/
 *(SORT_BY_ALIGNMENT(.plt))

/DISCARD/
 *(SORT_BY_ALIGNMENT(.iplt))
                0x0000000001008800                __rom_region_start = 0x1008800

rom_start       0x0000000001008800      0x23c
                0x0000000000000000                . = 0x0
                0x0000000000000000                . = ALIGN (0x4)
                0x0000000000000000                . = ALIGN (0x80)
                0x0000000000000000                . = ALIGN (0x100)
                0x0000000001008800                _vector_start = .
 *(SORT_BY_ALIGNMENT(.exc_vector_table))
 *(SORT_BY_ALIGNMENT(.exc_vector_table.*))
 .exc_vector_table._vector_table_section
                0x0000000001008800       0x40 zephyr/arch/arch/arm/core/aarch32/cortex_m/libarch__arm__core__aarch32__cortex_m.a(vector_table.S.obj)
                0x0000000001008800                _vector_table
 *(SORT_BY_ALIGNMENT(.vectors))
                0x00000000010088b8                _vector_end = .
                0x0000000001008840                . = ALIGN (0x4)
 *(SORT_BY_ALIGNMENT(.gnu.linkonce.irq_vector_table*))
 .gnu.linkonce.irq_vector_table
                0x0000000001008840       0x78 zephyr/arch/common/libisr_tables.a(isr_tables.c.obj)
                0x0000000001008840                _irq_vector_table
                0x00000000010088b8                _vector_end = .
                0x0000000000000200                . = 0x200
 *fill*         0x00000000010088b8      0x148 
                0x0000000001008a00                _fw_info_start = .
 *(SORT_BY_NAME(SORT_BY_ALIGNMENT(.firmware_info*)))
 .firmware_info
                0x0000000001008a00       0x3c modules/nrf/subsys/fw_info/lib..__nrf__subsys__fw_info.a(fw_info.c.obj)
                0x0000000001008a00                m_firmware_info
                0x000000000000003c                _fw_info_size = ABSOLUTE ((. - _fw_info_start))

text            0x0000000001008a3c     0x3e54
                0x0000000001008a3c                __text_region_start = .
 *(SORT_BY_ALIGNMENT(.text))
 .text          0x0000000001008a3c       0x30 /home/siji/ncs/toolchains/1f9b40e71a/opt/zephyr-sdk/arm-zephyr-eabi/bin/../lib/gcc/arm-zephyr-eabi/12.2.0/thumb/v8-m.main/nofp/libgcc.a(_aeabi_uldivmod.o)
                0x0000000001008a3c                __aeabi_uldivmod
 .text          0x0000000001008a6c        0x4 /home/siji/ncs/toolchains/1f9b40e71a/opt/zephyr-sdk/arm-zephyr-eabi/bin/../lib/gcc/arm-zephyr-eabi/12.2.0/thumb/v8-m.main/nofp/libgcc.a(_dvmd_tls.o)
                0x0000000001008a6c                __aeabi_ldiv0
                0x0000000001008a6c                __aeabi_idiv0
 .text          0x0000000001008a70      0x29c /home/siji/ncs/toolchains/1f9b40e71a/opt/zephyr-sdk/arm-zephyr-eabi/bin/../lib/gcc/arm-zephyr-eabi/12.2.0/thumb/v8-m.main/nofp/libgcc.a(_udivmoddi4.o)
                0x0000000001008a70                __udivmoddi4
 *(SORT_BY_ALIGNMENT(.text.*))
 .text.char_out
                0x0000000001008d0c        0xc zephyr/libzephyr.a(printk.c.obj)
 .text.vprintk  0x0000000001008d18       0x1c zephyr/libzephyr.a(printk.c.obj)
                0x0000000001008d18                vprintk
 .text.process_event
                0x0000000001008d34      0x21c zephyr/libzephyr.a(onoff.c.obj)
 .text.z_cbvprintf_impl
                0x0000000001008f50      0x764 zephyr/libzephyr.a(cbprintf_complete.c.obj)
                0x0000000001008f50                z_cbvprintf_impl
 .text.nordicsemi_nrf53_init
                0x00000000010096b4       0x28 zephyr/libzephyr.a(soc.c.obj)
 .text.z_arm_on_enter_cpu_idle
                0x00000000010096dc       0x68 zephyr/libzephyr.a(soc.c.obj)
                0x00000000010096dc                z_arm_on_enter_cpu_idle
 .text.arch_busy_wait
                0x0000000001009744       0x14 zephyr/libzephyr.a(soc.c.obj)
                0x0000000001009744                arch_busy_wait
 .text.z_arm_platform_init
                0x0000000001009758        0x4 zephyr/libzephyr.a(soc_nrf_common.S.obj)
                0x0000000001009758                z_arm_platform_init
 .text.z_arm_cpu_idle_init
                0x000000000100975c        0xc zephyr/arch/arch/arm/core/aarch32/libarch__arm__core__aarch32.a(cpu_idle.S.obj)
                0x000000000100975c                z_arm_cpu_idle_init
 .text.arch_cpu_idle
                0x0000000001009768       0x30 zephyr/arch/arch/arm/core/aarch32/libarch__arm__core__aarch32.a(cpu_idle.S.obj)
                0x0000000001009768                arch_cpu_idle
 .text.arch_cpu_atomic_idle
                0x0000000001009798       0x2c zephyr/arch/arch/arm/core/aarch32/libarch__arm__core__aarch32.a(cpu_idle.S.obj)
                0x0000000001009798                arch_cpu_atomic_idle
 .text.arch_irq_enable
                0x00000000010097c4       0x1c zephyr/arch/arch/arm/core/aarch32/libarch__arm__core__aarch32.a(irq_manage.c.obj)
                0x00000000010097c4                arch_irq_enable
 .text.arch_irq_is_enabled
                0x00000000010097e0       0x1c zephyr/arch/arch/arm/core/aarch32/libarch__arm__core__aarch32.a(irq_manage.c.obj)
                0x00000000010097e0                arch_irq_is_enabled
 .text.z_arm_irq_priority_set
                0x00000000010097fc       0x2c zephyr/arch/arch/arm/core/aarch32/libarch__arm__core__aarch32.a(irq_manage.c.obj)
                0x00000000010097fc                z_arm_irq_priority_set
 .text.z_SysNmiOnReset
                0x0000000001009828        0x8 zephyr/arch/arch/arm/core/aarch32/libarch__arm__core__aarch32.a(nmi_on_reset.S.obj)
                0x0000000001009828                z_SysNmiOnReset
 .text.z_arm_prep_c
                0x0000000001009830       0x2c zephyr/arch/arch/arm/core/aarch32/libarch__arm__core__aarch32.a(prep_c.c.obj)
                0x0000000001009830                z_arm_prep_c
 .text.arch_swap
                0x000000000100985c       0x34 zephyr/arch/arch/arm/core/aarch32/libarch__arm__core__aarch32.a(swap.c.obj)
                0x000000000100985c                arch_swap
 .text.z_arm_pendsv
                0x0000000001009890       0x58 zephyr/arch/arch/arm/core/aarch32/libarch__arm__core__aarch32.a(swap_helper.S.obj)
                0x0000000001009890                z_arm_pendsv
 .text.z_arm_svc
                0x00000000010098e8       0x20 zephyr/arch/arch/arm/core/aarch32/libarch__arm__core__aarch32.a(swap_helper.S.obj)
                0x00000000010098e8                z_arm_svc
 .text.arch_new_thread
                0x0000000001009908       0x38 zephyr/arch/arch/arm/core/aarch32/libarch__arm__core__aarch32.a(thread.c.obj)
                0x0000000001009908                arch_new_thread
 .text.arch_switch_to_main_thread
                0x0000000001009940       0x28 zephyr/arch/arch/arm/core/aarch32/libarch__arm__core__aarch32.a(thread.c.obj)
                0x0000000001009940                arch_switch_to_main_thread
 .text._isr_wrapper
                0x0000000001009968       0x28 zephyr/arch/arch/arm/core/aarch32/libarch__arm__core__aarch32.a(isr_wrapper.S.obj)
                0x0000000001009968                _isr_wrapper
 .text._HandlerModeExit
                0x0000000001009990       0x1c zephyr/arch/arch/arm/core/aarch32/cortex_m/libarch__arm__core__aarch32__cortex_m.a(exc_exit.S.obj)
                0x0000000001009990                z_arm_exc_exit
                0x0000000001009990                z_arm_int_exit
 .text.usage_fault.constprop.0
                0x00000000010099ac       0x5c zephyr/arch/arch/arm/core/aarch32/cortex_m/libarch__arm__core__aarch32__cortex_m.a(fault.c.obj)
 .text.bus_fault.constprop.0
                0x0000000001009a08       0x60 zephyr/arch/arch/arm/core/aarch32/cortex_m/libarch__arm__core__aarch32__cortex_m.a(fault.c.obj)
 .text.mem_manage_fault.constprop.0
                0x0000000001009a68       0x5c zephyr/arch/arch/arm/core/aarch32/cortex_m/libarch__arm__core__aarch32__cortex_m.a(fault.c.obj)
 .text.z_arm_fault
                0x0000000001009ac4      0x118 zephyr/arch/arch/arm/core/aarch32/cortex_m/libarch__arm__core__aarch32__cortex_m.a(fault.c.obj)
                0x0000000001009ac4                z_arm_fault
 .text.z_arm_fault_init
                0x0000000001009bdc       0x18 zephyr/arch/arch/arm/core/aarch32/cortex_m/libarch__arm__core__aarch32__cortex_m.a(fault.c.obj)
                0x0000000001009bdc                z_arm_fault_init
 .text.__fault  0x0000000001009bf4       0x14 zephyr/arch/arch/arm/core/aarch32/cortex_m/libarch__arm__core__aarch32__cortex_m.a(fault_s.S.obj)
                0x0000000001009bf4                z_arm_bus_fault
                0x0000000001009bf4                z_arm_usage_fault
                0x0000000001009bf4                z_arm_mpu_fault
                0x0000000001009bf4                z_arm_exc_spurious
                0x0000000001009bf4                z_arm_debug_monitor
                0x0000000001009bf4                z_arm_hard_fault
 .text.z_arm_interrupt_init
                0x0000000001009c08       0x18 zephyr/arch/arch/arm/core/aarch32/cortex_m/libarch__arm__core__aarch32__cortex_m.a(irq_init.c.obj)
                0x0000000001009c08                z_arm_interrupt_init
 .text._reset_section
                0x0000000001009c20       0x60 zephyr/arch/arch/arm/core/aarch32/cortex_m/libarch__arm__core__aarch32__cortex_m.a(reset.S.obj)
                0x0000000001009c20                z_arm_reset
                0x0000000001009c20                __start
 .text.sys_arch_reboot
                0x0000000001009c80       0x24 zephyr/arch/arch/arm/core/aarch32/cortex_m/libarch__arm__core__aarch32__cortex_m.a(scb.c.obj)
                0x0000000001009c80                sys_arch_reboot
 .text.z_arm_clear_arm_mpu_config
                0x0000000001009ca4       0x24 zephyr/arch/arch/arm/core/aarch32/cortex_m/libarch__arm__core__aarch32__cortex_m.a(scb.c.obj)
                0x0000000001009ca4                z_arm_clear_arm_mpu_config
 .text.z_arm_init_arch_hw_at_boot
                0x0000000001009cc8       0x4c zephyr/arch/arch/arm/core/aarch32/cortex_m/libarch__arm__core__aarch32__cortex_m.a(scb.c.obj)
                0x0000000001009cc8                z_arm_init_arch_hw_at_boot
 .text.z_impl_k_thread_abort
                0x0000000001009d14       0x2c zephyr/arch/arch/arm/core/aarch32/cortex_m/libarch__arm__core__aarch32__cortex_m.a(thread_abort.c.obj)
                0x0000000001009d14                z_impl_k_thread_abort
 .text.z_arm_configure_static_mpu_regions
                0x0000000001009d40       0x38 zephyr/arch/arch/arm/core/aarch32/mpu/libarch__arm__core__aarch32__mpu.a(arm_core_mpu.c.obj)
                0x0000000001009d40                z_arm_configure_static_mpu_regions
 .text.region_init
                0x0000000001009d78       0x34 zephyr/arch/arch/arm/core/aarch32/mpu/libarch__arm__core__aarch32__mpu.a(arm_mpu.c.obj)
 .text.mpu_configure_regions_and_partition.constprop.0
                0x0000000001009dac      0x14c zephyr/arch/arch/arm/core/aarch32/mpu/libarch__arm__core__aarch32__mpu.a(arm_mpu.c.obj)
 .text.arm_core_mpu_enable
                0x0000000001009ef8       0x18 zephyr/arch/arch/arm/core/aarch32/mpu/libarch__arm__core__aarch32__mpu.a(arm_mpu.c.obj)
                0x0000000001009ef8                arm_core_mpu_enable
 .text.arm_core_mpu_disable
                0x0000000001009f10       0x14 zephyr/arch/arch/arm/core/aarch32/mpu/libarch__arm__core__aarch32__mpu.a(arm_mpu.c.obj)
                0x0000000001009f10                arm_core_mpu_disable
 .text.arm_core_mpu_configure_static_mpu_regions
                0x0000000001009f24       0x14 zephyr/arch/arch/arm/core/aarch32/mpu/libarch__arm__core__aarch32__mpu.a(arm_mpu.c.obj)
                0x0000000001009f24                arm_core_mpu_configure_static_mpu_regions
 .text.arm_core_mpu_mark_areas_for_dynamic_regions
                0x0000000001009f38       0xb8 zephyr/arch/arch/arm/core/aarch32/mpu/libarch__arm__core__aarch32__mpu.a(arm_mpu.c.obj)
                0x0000000001009f38                arm_core_mpu_mark_areas_for_dynamic_regions
 .text.z_arm_mpu_init
                0x0000000001009ff0       0x4c zephyr/arch/arch/arm/core/aarch32/mpu/libarch__arm__core__aarch32__mpu.a(arm_mpu.c.obj)
                0x0000000001009ff0                z_arm_mpu_init
 .text.onoff_stop
                0x000000000100a03c       0x30 zephyr/drivers/clock_control/libdrivers__clock_control.a(clock_control_nrf.c.obj)
 .text.onoff_start
                0x000000000100a06c       0x44 zephyr/drivers/clock_control/libdrivers__clock_control.a(clock_control_nrf.c.obj)
 .text.clk_init
                0x000000000100a0b0       0x58 zephyr/drivers/clock_control/libdrivers__clock_control.a(clock_control_nrf.c.obj)
 .text.clkstarted_handle.constprop.0
                0x000000000100a108       0x34 zephyr/drivers/clock_control/libdrivers__clock_control.a(clock_control_nrf.c.obj)
 .text.clock_event_handler
                0x000000000100a13c       0x1c zephyr/drivers/clock_control/libdrivers__clock_control.a(clock_control_nrf.c.obj)
 .text.generic_hfclk_start
                0x000000000100a158       0x64 zephyr/drivers/clock_control/libdrivers__clock_control.a(clock_control_nrf.c.obj)
 .text.api_blocking_start
                0x000000000100a1bc       0x34 zephyr/drivers/clock_control/libdrivers__clock_control.a(clock_control_nrf.c.obj)
 .text.generic_hfclk_stop
                0x000000000100a1f0       0x34 zephyr/drivers/clock_control/libdrivers__clock_control.a(clock_control_nrf.c.obj)
 .text.z_nrf_clock_control_lf_on
                0x000000000100a224       0xf8 zephyr/drivers/clock_control/libdrivers__clock_control.a(clock_control_nrf.c.obj)
                0x000000000100a224                z_nrf_clock_control_lf_on
 .text.gpio_nrfx_pin_interrupt_configure
                0x000000000100a31c       0xd8 zephyr/drivers/gpio/libdrivers__gpio.a(gpio_nrfx.c.obj)
 .text.gpio_nrfx_init
                0x000000000100a3f4       0x38 zephyr/drivers/gpio/libdrivers__gpio.a(gpio_nrfx.c.obj)
 .text.nrfx_gpio_handler
                0x000000000100a42c       0x4c zephyr/drivers/gpio/libdrivers__gpio.a(gpio_nrfx.c.obj)
 .text.gpio_nrfx_pin_configure
                0x000000000100a478      0x124 zephyr/drivers/gpio/libdrivers__gpio.a(gpio_nrfx.c.obj)
 .text.compare_int_lock
                0x000000000100a59c       0x40 zephyr/drivers/timer/libdrivers__timer.a(nrf_rtc_timer.c.obj)
 .text.sys_clock_timeout_handler
                0x000000000100a5dc       0x48 zephyr/drivers/timer/libdrivers__timer.a(nrf_rtc_timer.c.obj)
 .text.compare_int_unlock
                0x000000000100a624       0x4c zephyr/drivers/timer/libdrivers__timer.a(nrf_rtc_timer.c.obj)
 .text.z_nrf_rtc_timer_read
                0x000000000100a670       0x44 zephyr/drivers/timer/libdrivers__timer.a(nrf_rtc_timer.c.obj)
                0x000000000100a670                z_nrf_rtc_timer_read
 .text.compare_set
                0x000000000100a6b4      0x114 zephyr/drivers/timer/libdrivers__timer.a(nrf_rtc_timer.c.obj)
 .text.sys_clock_driver_init
                0x000000000100a7c8       0x8c zephyr/drivers/timer/libdrivers__timer.a(nrf_rtc_timer.c.obj)
 .text.rtc_nrf_isr
                0x000000000100a854       0xd0 zephyr/drivers/timer/libdrivers__timer.a(nrf_rtc_timer.c.obj)
                0x000000000100a854                rtc_nrf_isr
 .text.sys_clock_set_timeout
                0x000000000100a924       0x64 zephyr/drivers/timer/libdrivers__timer.a(nrf_rtc_timer.c.obj)
                0x000000000100a924                sys_clock_set_timeout
 .text.sys_clock_elapsed
                0x000000000100a988       0x14 zephyr/drivers/timer/libdrivers__timer.a(nrf_rtc_timer.c.obj)
                0x000000000100a988                sys_clock_elapsed
 .text.check_ext_api_requests
                0x000000000100a99c       0xa0 modules/nrf/subsys/fw_info/lib..__nrf__subsys__fw_info.a(fw_info.c.obj)
 .text.SystemInit
                0x000000000100aa3c       0xd0 modules/hal_nordic/nrfx/libmodules__hal_nordic__nrfx.a(system_nrf5340_network.c.obj)
                0x000000000100aa3c                SystemInit
 .text.nrfx_flag32_alloc
                0x000000000100ab0c       0x38 modules/hal_nordic/nrfx/libmodules__hal_nordic__nrfx.a(nrfx_flag32_allocator.c.obj)
                0x000000000100ab0c                nrfx_flag32_alloc
 .text.nrfx_flag32_free
                0x000000000100ab44       0x38 modules/hal_nordic/nrfx/libmodules__hal_nordic__nrfx.a(nrfx_flag32_allocator.c.obj)
                0x000000000100ab44                nrfx_flag32_free
 .text.clock_stop
                0x000000000100ab7c       0xb4 modules/hal_nordic/nrfx/libmodules__hal_nordic__nrfx.a(nrfx_clock.c.obj)
 .text.nrfx_clock_init
                0x000000000100ac30       0x20 modules/hal_nordic/nrfx/libmodules__hal_nordic__nrfx.a(nrfx_clock.c.obj)
                0x000000000100ac30                nrfx_clock_init
 .text.nrfx_clock_enable
                0x000000000100ac50       0x24 modules/hal_nordic/nrfx/libmodules__hal_nordic__nrfx.a(nrfx_clock.c.obj)
                0x000000000100ac50                nrfx_clock_enable
 .text.nrfx_clock_start
                0x000000000100ac74       0x80 modules/hal_nordic/nrfx/libmodules__hal_nordic__nrfx.a(nrfx_clock.c.obj)
                0x000000000100ac74                nrfx_clock_start
 .text.nrfx_power_clock_irq_handler
                0x000000000100acf4       0x68 modules/hal_nordic/nrfx/libmodules__hal_nordic__nrfx.a(nrfx_clock.c.obj)
                0x000000000100acf4                nrfx_power_clock_irq_handler
 .text.nrf_gpio_pin_port_decode
                0x000000000100ad5c       0x20 modules/hal_nordic/nrfx/libmodules__hal_nordic__nrfx.a(nrfx_gpiote.c.obj)
 .text.pin_in_use_by_te
                0x000000000100ad7c       0x14 modules/hal_nordic/nrfx/libmodules__hal_nordic__nrfx.a(nrfx_gpiote.c.obj)
 .text.call_handler
                0x000000000100ad90       0x3c modules/hal_nordic/nrfx/libmodules__hal_nordic__nrfx.a(nrfx_gpiote.c.obj)
 .text.release_handler
                0x000000000100adcc       0x54 modules/hal_nordic/nrfx/libmodules__hal_nordic__nrfx.a(nrfx_gpiote.c.obj)
 .text.pin_handler_trigger_uninit
                0x000000000100ae20       0x3c modules/hal_nordic/nrfx/libmodules__hal_nordic__nrfx.a(nrfx_gpiote.c.obj)
 .text.nrfx_gpiote_input_configure
                0x000000000100ae5c      0x160 modules/hal_nordic/nrfx/libmodules__hal_nordic__nrfx.a(nrfx_gpiote.c.obj)
                0x000000000100ae5c                nrfx_gpiote_input_configure
 .text.nrfx_gpiote_output_configure
                0x000000000100afbc       0xe8 modules/hal_nordic/nrfx/libmodules__hal_nordic__nrfx.a(nrfx_gpiote.c.obj)
                0x000000000100afbc                nrfx_gpiote_output_configure
 .text.nrfx_gpiote_global_callback_set
                0x000000000100b0a4        0xc modules/hal_nordic/nrfx/libmodules__hal_nordic__nrfx.a(nrfx_gpiote.c.obj)
                0x000000000100b0a4                nrfx_gpiote_global_callback_set
 .text.nrfx_gpiote_channel_get
                0x000000000100b0b0       0x2c modules/hal_nordic/nrfx/libmodules__hal_nordic__nrfx.a(nrfx_gpiote.c.obj)
                0x000000000100b0b0                nrfx_gpiote_channel_get
 .text.nrfx_gpiote_init
                0x000000000100b0dc       0x50 modules/hal_nordic/nrfx/libmodules__hal_nordic__nrfx.a(nrfx_gpiote.c.obj)
                0x000000000100b0dc                nrfx_gpiote_init
 .text.nrfx_gpiote_is_init
                0x000000000100b12c       0x14 modules/hal_nordic/nrfx/libmodules__hal_nordic__nrfx.a(nrfx_gpiote.c.obj)
                0x000000000100b12c                nrfx_gpiote_is_init
 .text.nrfx_gpiote_channel_free
                0x000000000100b140        0xc modules/hal_nordic/nrfx/libmodules__hal_nordic__nrfx.a(nrfx_gpiote.c.obj)
                0x000000000100b140                nrfx_gpiote_channel_free
 .text.nrfx_gpiote_channel_alloc
                0x000000000100b14c        0xc modules/hal_nordic/nrfx/libmodules__hal_nordic__nrfx.a(nrfx_gpiote.c.obj)
                0x000000000100b14c                nrfx_gpiote_channel_alloc
 .text.nrfx_gpiote_trigger_enable
                0x000000000100b158       0x8c modules/hal_nordic/nrfx/libmodules__hal_nordic__nrfx.a(nrfx_gpiote.c.obj)
                0x000000000100b158                nrfx_gpiote_trigger_enable
 .text.nrfx_gpiote_trigger_disable
                0x000000000100b1e4       0x50 modules/hal_nordic/nrfx/libmodules__hal_nordic__nrfx.a(nrfx_gpiote.c.obj)
                0x000000000100b1e4                nrfx_gpiote_trigger_disable
 .text.nrfx_gpiote_pin_uninit
                0x000000000100b234       0x50 modules/hal_nordic/nrfx/libmodules__hal_nordic__nrfx.a(nrfx_gpiote.c.obj)
                0x000000000100b234                nrfx_gpiote_pin_uninit
 .text.nrfx_gpiote_irq_handler
                0x000000000100b284      0x1b8 modules/hal_nordic/nrfx/libmodules__hal_nordic__nrfx.a(nrfx_gpiote.c.obj)
                0x000000000100b284                nrfx_gpiote_irq_handler
 .text.z_sys_init_run_level
                0x000000000100b43c       0x48 zephyr/kernel/libkernel.a(init.c.obj)
 .text.bg_thread_main
                0x000000000100b484       0x34 zephyr/kernel/libkernel.a(init.c.obj)
 .text.z_bss_zero
                0x000000000100b4b8       0x18 zephyr/kernel/libkernel.a(init.c.obj)
                0x000000000100b4b8                z_bss_zero
 .text.z_init_cpu
                0x000000000100b4d0       0x68 zephyr/kernel/libkernel.a(init.c.obj)
                0x000000000100b4d0                z_init_cpu
 .text.z_cstart
                0x000000000100b538       0xdc zephyr/kernel/libkernel.a(init.c.obj)
                0x000000000100b538                z_cstart
 .text.z_setup_new_thread
                0x000000000100b614       0x60 zephyr/kernel/libkernel.a(thread.c.obj)
                0x000000000100b614                z_setup_new_thread
 .text.z_init_static_threads
                0x000000000100b674       0xb8 zephyr/kernel/libkernel.a(thread.c.obj)
                0x000000000100b674                z_init_static_threads
 .text.z_impl_k_sem_give
                0x000000000100b72c       0x40 zephyr/kernel/libkernel.a(sem.c.obj)
                0x000000000100b72c                z_impl_k_sem_give
 .text.z_impl_k_sem_take
                0x000000000100b76c       0x50 zephyr/kernel/libkernel.a(sem.c.obj)
                0x000000000100b76c                z_impl_k_sem_take
 .text.sliceable
                0x000000000100b7bc       0x3c zephyr/kernel/libkernel.a(sched.c.obj)
 .text.slice_timeout
                0x000000000100b7f8       0x20 zephyr/kernel/libkernel.a(sched.c.obj)
 .text.z_reset_time_slice
                0x000000000100b818       0x50 zephyr/kernel/libkernel.a(sched.c.obj)
                0x000000000100b818                z_reset_time_slice
 .text.update_cache
                0x000000000100b868       0x3c zephyr/kernel/libkernel.a(sched.c.obj)
 .text.move_thread_to_end_of_prio_q
                0x000000000100b8a4       0x74 zephyr/kernel/libkernel.a(sched.c.obj)
 .text.ready_thread
                0x000000000100b918       0x68 zephyr/kernel/libkernel.a(sched.c.obj)
 .text.unready_thread
                0x000000000100b980       0x30 zephyr/kernel/libkernel.a(sched.c.obj)
 .text.pend_locked
                0x000000000100b9b0       0x30 zephyr/kernel/libkernel.a(sched.c.obj)
 .text.z_time_slice
                0x000000000100b9e0       0x60 zephyr/kernel/libkernel.a(sched.c.obj)
                0x000000000100b9e0                z_time_slice
 .text.z_pend_curr
                0x000000000100ba40       0x3c zephyr/kernel/libkernel.a(sched.c.obj)
                0x000000000100ba40                z_pend_curr
 .text.z_reschedule
                0x000000000100ba7c       0x24 zephyr/kernel/libkernel.a(sched.c.obj)
                0x000000000100ba7c                z_reschedule
 .text.z_sched_start
                0x000000000100baa0       0x3c zephyr/kernel/libkernel.a(sched.c.obj)
                0x000000000100baa0                z_sched_start
 .text.z_impl_k_thread_suspend
                0x000000000100badc       0x64 zephyr/kernel/libkernel.a(sched.c.obj)
                0x000000000100badc                z_impl_k_thread_suspend
 .text.k_sched_lock
                0x000000000100bb40       0x28 zephyr/kernel/libkernel.a(sched.c.obj)
                0x000000000100bb40                k_sched_lock
 .text.k_sched_unlock
                0x000000000100bb68       0x38 zephyr/kernel/libkernel.a(sched.c.obj)
                0x000000000100bb68                k_sched_unlock
 .text.z_sched_init
                0x000000000100bba0       0x10 zephyr/kernel/libkernel.a(sched.c.obj)
                0x000000000100bba0                z_sched_init
 .text.z_impl_k_yield
                0x000000000100bbb0       0x7c zephyr/kernel/libkernel.a(sched.c.obj)
                0x000000000100bbb0                z_impl_k_yield
 .text.z_tick_sleep
                0x000000000100bc2c       0x88 zephyr/kernel/libkernel.a(sched.c.obj)
 .text.z_impl_k_sleep
                0x000000000100bcb4       0x34 zephyr/kernel/libkernel.a(sched.c.obj)
                0x000000000100bcb4                z_impl_k_sleep
 .text.z_impl_z_current_get
                0x000000000100bce8        0xc zephyr/kernel/libkernel.a(sched.c.obj)
                0x000000000100bce8                z_impl_z_current_get
 .text.z_thread_abort
                0x000000000100bcf4       0xc0 zephyr/kernel/libkernel.a(sched.c.obj)
                0x000000000100bcf4                z_thread_abort
 .text.z_data_copy
                0x000000000100bdb4       0x34 zephyr/kernel/libkernel.a(xip.c.obj)
                0x000000000100bdb4                z_data_copy
 .text.elapsed  0x000000000100bde8       0x14 zephyr/kernel/libkernel.a(timeout.c.obj)
 .text.next_timeout
                0x000000000100bdfc       0x40 zephyr/kernel/libkernel.a(timeout.c.obj)
 .text.remove_timeout
                0x000000000100be3c       0x38 zephyr/kernel/libkernel.a(timeout.c.obj)
 .text.z_add_timeout
                0x000000000100be74       0xec zephyr/kernel/libkernel.a(timeout.c.obj)
                0x000000000100be74                z_add_timeout
 .text.sys_clock_announce
                0x000000000100bf60       0xd4 zephyr/kernel/libkernel.a(timeout.c.obj)
                0x000000000100bf60                sys_clock_announce
 .text.sys_clock_tick_get
                0x000000000100c034       0x34 zephyr/kernel/libkernel.a(timeout.c.obj)
                0x000000000100c034                sys_clock_tick_get
 .text.boot_banner
                0x000000000100c068        0xc zephyr/kernel/libkernel.a(banner.c.obj)
                0x000000000100c068                boot_banner
 .text.main     0x000000000100c074        0x4 app/libapp.a(main.c.obj)
                0x000000000100c074                main
 .text.arch_printk_char_out
                0x000000000100c078        0x4 zephyr/libzephyr.a(printk.c.obj)
                0x000000000100c078                arch_printk_char_out
 .text.printk   0x000000000100c07c       0x1a zephyr/libzephyr.a(printk.c.obj)
                0x000000000100c07c                printk
 .text.z_thread_entry
                0x000000000100c096       0x14 zephyr/libzephyr.a(thread_entry.c.obj)
                0x000000000100c096                z_thread_entry
 .text.process_recheck
                0x000000000100c0aa       0x38 zephyr/libzephyr.a(onoff.c.obj)
 .text.validate_args
                0x000000000100c0e2       0x20 zephyr/libzephyr.a(onoff.c.obj)
 .text.notify_one
                0x000000000100c102       0x2c zephyr/libzephyr.a(onoff.c.obj)
 .text.transition_complete
                0x000000000100c12e       0x1c zephyr/libzephyr.a(onoff.c.obj)
 .text.onoff_manager_init
                0x000000000100c14a       0x26 zephyr/libzephyr.a(onoff.c.obj)
                0x000000000100c14a                onoff_manager_init
 .text.onoff_request
                0x000000000100c170       0xb0 zephyr/libzephyr.a(onoff.c.obj)
                0x000000000100c170                onoff_request
 .text.sys_notify_validate
                0x000000000100c220       0x22 zephyr/libzephyr.a(notify.c.obj)
                0x000000000100c220                sys_notify_validate
 .text.sys_notify_finalize
                0x000000000100c242       0x1a zephyr/libzephyr.a(notify.c.obj)
                0x000000000100c242                sys_notify_finalize
 .text.encode_uint
                0x000000000100c25c       0x8c zephyr/libzephyr.a(cbprintf_complete.c.obj)
 .text.outs     0x000000000100c2e8       0x2e zephyr/libzephyr.a(cbprintf_complete.c.obj)
 .text._ConfigAbsSyms
                0x000000000100c316        0x2 zephyr/libzephyr.a(configs.c.obj)
                0x000000000100c316                _ConfigAbsSyms
 .text.z_arm_fatal_error
                0x000000000100c318        0x4 zephyr/arch/arch/arm/core/aarch32/libarch__arm__core__aarch32.a(fatal.c.obj)
                0x000000000100c318                z_arm_fatal_error
 .text.z_do_kernel_oops
                0x000000000100c31c        0x8 zephyr/arch/arch/arm/core/aarch32/libarch__arm__core__aarch32.a(fatal.c.obj)
                0x000000000100c31c                z_do_kernel_oops
 .text.z_irq_spurious
                0x000000000100c324        0x8 zephyr/arch/arch/arm/core/aarch32/libarch__arm__core__aarch32.a(irq_manage.c.obj)
                0x000000000100c324                z_irq_spurious
 .text.z_arm_nmi
                0x000000000100c32c        0xe zephyr/arch/arch/arm/core/aarch32/libarch__arm__core__aarch32.a(nmi.c.obj)
                0x000000000100c32c                z_arm_nmi
 .text.configure_builtin_stack_guard
                0x000000000100c33a        0x8 zephyr/arch/arch/arm/core/aarch32/libarch__arm__core__aarch32.a(thread.c.obj)
                0x000000000100c33a                configure_builtin_stack_guard
 .text.arm_cmse_mpu_region_get
                0x000000000100c342       0x12 zephyr/arch/arch/arm/core/aarch32/cortex_m/cmse/libarch__arm__core__aarch32__cortex_m__cmse.a(arm_core_cmse.c.obj)
                0x000000000100c342                arm_cmse_mpu_region_get
 .text.mpu_configure_region
                0x000000000100c354       0x3a zephyr/arch/arch/arm/core/aarch32/mpu/libarch__arm__core__aarch32__mpu.a(arm_mpu.c.obj)
 .text.strlen   0x000000000100c38e        0xe zephyr/lib/libc/minimal/liblib__libc__minimal.a(string.c.obj)
                0x000000000100c38e                strlen
 .text.strnlen  0x000000000100c39c       0x12 zephyr/lib/libc/minimal/liblib__libc__minimal.a(string.c.obj)
                0x000000000100c39c                strnlen
 .text.memcmp   0x000000000100c3ae       0x20 zephyr/lib/libc/minimal/liblib__libc__minimal.a(string.c.obj)
                0x000000000100c3ae                memcmp
 .text.memcpy   0x000000000100c3ce       0x16 zephyr/lib/libc/minimal/liblib__libc__minimal.a(string.c.obj)
                0x000000000100c3ce                memcpy
 .text.memset   0x000000000100c3e4       0x12 zephyr/lib/libc/minimal/liblib__libc__minimal.a(string.c.obj)
                0x000000000100c3e4                memset
 .text.get_status
                0x000000000100c3f6       0x12 zephyr/drivers/clock_control/libdrivers__clock_control.a(clock_control_nrf.c.obj)
 .text.set_on_state
                0x000000000100c408       0x26 zephyr/drivers/clock_control/libdrivers__clock_control.a(clock_control_nrf.c.obj)
 .text.stop     0x000000000100c42e       0x54 zephyr/drivers/clock_control/libdrivers__clock_control.a(clock_control_nrf.c.obj)
 .text.api_stop
                0x000000000100c482        0x6 zephyr/drivers/clock_control/libdrivers__clock_control.a(clock_control_nrf.c.obj)
 .text.async_start
                0x000000000100c488       0x5e zephyr/drivers/clock_control/libdrivers__clock_control.a(clock_control_nrf.c.obj)
 .text.api_start
                0x000000000100c4e6        0xe zephyr/drivers/clock_control/libdrivers__clock_control.a(clock_control_nrf.c.obj)
 .text.onoff_started_callback
                0x000000000100c4f4       0x12 zephyr/drivers/clock_control/libdrivers__clock_control.a(clock_control_nrf.c.obj)
 .text.lfclk_start
                0x000000000100c506        0x6 zephyr/drivers/clock_control/libdrivers__clock_control.a(clock_control_nrf.c.obj)
 .text.lfclk_stop
                0x000000000100c50c        0x6 zephyr/drivers/clock_control/libdrivers__clock_control.a(clock_control_nrf.c.obj)
 .text.blocking_start_callback
                0x000000000100c512        0x6 zephyr/drivers/clock_control/libdrivers__clock_control.a(clock_control_nrf.c.obj)
 .text.gpio_nrfx_port_get_raw
                0x000000000100c518        0xc zephyr/drivers/gpio/libdrivers__gpio.a(gpio_nrfx.c.obj)
 .text.gpio_nrfx_port_set_masked_raw
                0x000000000100c524       0x14 zephyr/drivers/gpio/libdrivers__gpio.a(gpio_nrfx.c.obj)
 .text.gpio_nrfx_port_set_bits_raw
                0x000000000100c538        0xa zephyr/drivers/gpio/libdrivers__gpio.a(gpio_nrfx.c.obj)
 .text.gpio_nrfx_port_clear_bits_raw
                0x000000000100c542        0xa zephyr/drivers/gpio/libdrivers__gpio.a(gpio_nrfx.c.obj)
 .text.gpio_nrfx_port_toggle_bits
                0x000000000100c54c       0x14 zephyr/drivers/gpio/libdrivers__gpio.a(gpio_nrfx.c.obj)
 .text.gpio_nrfx_manage_callback
                0x000000000100c560       0x52 zephyr/drivers/gpio/libdrivers__gpio.a(gpio_nrfx.c.obj)
 .text.event_clear
                0x000000000100c5b2       0x18 zephyr/drivers/timer/libdrivers__timer.a(nrf_rtc_timer.c.obj)
 .text.sys_clock_cycle_get_32
                0x000000000100c5ca        0x8 zephyr/drivers/timer/libdrivers__timer.a(nrf_rtc_timer.c.obj)
                0x000000000100c5ca                sys_clock_cycle_get_32
 .text.k_sys_fatal_error_handler
                0x000000000100c5d2        0x8 modules/nrf/lib/fatal_error/lib..__nrf__lib__fatal_error.a(fatal_error.c.obj)
                0x000000000100c5d2                k_sys_fatal_error_handler
 .text.skip_ext_apis
                0x000000000100c5da       0x16 modules/nrf/subsys/fw_info/lib..__nrf__subsys__fw_info.a(fw_info.c.obj)
                0x000000000100c5da                skip_ext_apis
 .text.nrfx_isr
                0x000000000100c5f0        0x2 modules/hal_nordic/nrfx/libmodules__hal_nordic__nrfx.a(nrfx_glue.c.obj)
                0x000000000100c5f0                nrfx_isr
 .text.nrfx_busy_wait
                0x000000000100c5f2        0x4 modules/hal_nordic/nrfx/libmodules__hal_nordic__nrfx.a(nrfx_glue.c.obj)
                0x000000000100c5f2                nrfx_busy_wait
 .text.nrfx_clock_stop
                0x000000000100c5f6        0x4 modules/hal_nordic/nrfx/libmodules__hal_nordic__nrfx.a(nrfx_clock.c.obj)
                0x000000000100c5f6                nrfx_clock_stop
 .text.nrf_gpio_reconfigure
                0x000000000100c5fa       0x92 modules/hal_nordic/nrfx/libmodules__hal_nordic__nrfx.a(nrfx_gpiote.c.obj)
 .text.nrf_gpio_cfg_sense_set
                0x000000000100c68c       0x1e modules/hal_nordic/nrfx/libmodules__hal_nordic__nrfx.a(nrfx_gpiote.c.obj)
 .text.z_fatal_error
                0x000000000100c6aa       0x36 zephyr/kernel/libkernel.a(fatal.c.obj)
                0x000000000100c6aa                z_fatal_error
 .text.z_early_memset
                0x000000000100c6e0        0x4 zephyr/kernel/libkernel.a(init.c.obj)
                0x000000000100c6e0                z_early_memset
 .text.z_early_memcpy
                0x000000000100c6e4        0x4 zephyr/kernel/libkernel.a(init.c.obj)
                0x000000000100c6e4                z_early_memcpy
 .text.k_is_in_isr
                0x000000000100c6e8        0xc zephyr/kernel/libkernel.a(thread.c.obj)
                0x000000000100c6e8                k_is_in_isr
 .text.idle     0x000000000100c6f4       0x18 zephyr/kernel/libkernel.a(idle.c.obj)
                0x000000000100c6f4                idle
 .text.sys_dlist_remove
                0x000000000100c70c       0x10 zephyr/kernel/libkernel.a(sched.c.obj)
 .text.unpend_thread_no_timeout
                0x000000000100c71c       0x14 zephyr/kernel/libkernel.a(sched.c.obj)
 .text.add_to_waitq_locked
                0x000000000100c730       0x50 zephyr/kernel/libkernel.a(sched.c.obj)
 .text.z_ready_thread
                0x000000000100c780       0x20 zephyr/kernel/libkernel.a(sched.c.obj)
                0x000000000100c780                z_ready_thread
 .text.z_sched_wake_thread
                0x000000000100c7a0       0x44 zephyr/kernel/libkernel.a(sched.c.obj)
                0x000000000100c7a0                z_sched_wake_thread
 .text.z_thread_timeout
                0x000000000100c7e4        0x8 zephyr/kernel/libkernel.a(sched.c.obj)
                0x000000000100c7e4                z_thread_timeout
 .text.z_unpend_first_thread
                0x000000000100c7ec       0x38 zephyr/kernel/libkernel.a(sched.c.obj)
                0x000000000100c7ec                z_unpend_first_thread
 .text.z_reschedule_irqlock
                0x000000000100c824       0x18 zephyr/kernel/libkernel.a(sched.c.obj)
                0x000000000100c824                z_reschedule_irqlock
 .text.z_reschedule_unlocked
                0x000000000100c83c       0x14 zephyr/kernel/libkernel.a(sched.c.obj)
 .text.z_abort_timeout
                0x000000000100c850       0x2c zephyr/kernel/libkernel.a(timeout.c.obj)
                0x000000000100c850                z_abort_timeout
 .text.sys_clock_tick_get_32
                0x000000000100c87c        0x8 zephyr/kernel/libkernel.a(timeout.c.obj)
                0x000000000100c87c                sys_clock_tick_get_32
 .text.z_impl_k_busy_wait
                0x000000000100c884        0x8 zephyr/kernel/libkernel.a(timeout.c.obj)
                0x000000000100c884                z_impl_k_busy_wait
 .text.z_device_state_init
                0x000000000100c88c        0x2 zephyr/kernel/libkernel.a(device.c.obj)
                0x000000000100c88c                z_device_state_init
 .text._OffsetAbsSyms
                0x000000000100c88e        0x2 zephyr/CMakeFiles/offsets.dir/./arch/arm/core/offsets/offsets.c.obj
                0x000000000100c88e                _OffsetAbsSyms
 *(SORT_BY_ALIGNMENT(.TEXT.*))
 *(SORT_BY_ALIGNMENT(.gnu.linkonce.t.*))
 *(SORT_BY_ALIGNMENT(.glue_7t))
 .glue_7t       0x000000000100c890        0x0 linker stubs
 *(SORT_BY_ALIGNMENT(.glue_7))
 .glue_7        0x000000000100c890        0x0 linker stubs
 *(SORT_BY_ALIGNMENT(.vfp11_veneer))
 .vfp11_veneer  0x000000000100c890        0x0 linker stubs
 *(SORT_BY_ALIGNMENT(.v4_bx))
 .v4_bx         0x000000000100c890        0x0 linker stubs
                0x000000000100c890                . = ALIGN (0x4)
                0x000000000100c890                __text_region_end = .

.ARM.exidx      0x000000000100c890        0x8
                0x000000000100c890                __exidx_start = .
 *(SORT_BY_ALIGNMENT(.ARM.exidx*) SORT_BY_ALIGNMENT(gnu.linkonce.armexidx.*))
 .ARM.exidx     0x000000000100c890        0x8 /home/siji/ncs/toolchains/1f9b40e71a/opt/zephyr-sdk/arm-zephyr-eabi/bin/../lib/gcc/arm-zephyr-eabi/12.2.0/thumb/v8-m.main/nofp/libgcc.a(_udivmoddi4.o)
                0x000000000100c898                __exidx_end = .
                0x000000000100c898                __rodata_region_start = .

initlevel       0x000000000100c898       0x30
                0x000000000100c898                __init_start = .
                0x000000000100c898                __init_EARLY_start = .
 *(SORT_BY_NAME(SORT_BY_ALIGNMENT(.z_init_EARLY[0-9]_*)))
 *(SORT_BY_NAME(SORT_BY_ALIGNMENT(.z_init_EARLY[1-9][0-9]_*)))
                0x000000000100c898                __init_PRE_KERNEL_1_start = .
 *(SORT_BY_NAME(SORT_BY_ALIGNMENT(.z_init_PRE_KERNEL_1[0-9]_*)))
 .z_init_PRE_KERNEL_10_
                0x000000000100c898        0x8 zephyr/libzephyr.a(soc.c.obj)
 *(SORT_BY_NAME(SORT_BY_ALIGNMENT(.z_init_PRE_KERNEL_1[1-9][0-9]_*)))
 .z_init_PRE_KERNEL_130_
                0x000000000100c8a0        0x8 zephyr/drivers/clock_control/libdrivers__clock_control.a(clock_control_nrf.c.obj)
 .z_init_PRE_KERNEL_140_
                0x000000000100c8a8       0x10 zephyr/drivers/gpio/libdrivers__gpio.a(gpio_nrfx.c.obj)
                0x000000000100c8b8                __init_PRE_KERNEL_2_start = .
 *(SORT_BY_NAME(SORT_BY_ALIGNMENT(.z_init_PRE_KERNEL_2[0-9]_*)))
 .z_init_PRE_KERNEL_20_
                0x000000000100c8b8        0x8 zephyr/drivers/timer/libdrivers__timer.a(nrf_rtc_timer.c.obj)
 *(SORT_BY_NAME(SORT_BY_ALIGNMENT(.z_init_PRE_KERNEL_2[1-9][0-9]_*)))
                0x000000000100c8c0                __init_POST_KERNEL_start = .
 *(SORT_BY_NAME(SORT_BY_ALIGNMENT(.z_init_POST_KERNEL[0-9]_*)))
 *(SORT_BY_NAME(SORT_BY_ALIGNMENT(.z_init_POST_KERNEL[1-9][0-9]_*)))
 .z_init_POST_KERNEL90_
                0x000000000100c8c0        0x8 modules/nrf/subsys/fw_info/lib..__nrf__subsys__fw_info.a(fw_info.c.obj)
                0x000000000100c8c8                __init_APPLICATION_start = .
 *(SORT_BY_NAME(SORT_BY_ALIGNMENT(.z_init_APPLICATION[0-9]_*)))
 *(SORT_BY_NAME(SORT_BY_ALIGNMENT(.z_init_APPLICATION[1-9][0-9]_*)))
                0x000000000100c8c8                __init_SMP_start = .
 *(SORT_BY_NAME(SORT_BY_ALIGNMENT(.z_init_SMP[0-9]_*)))
 *(SORT_BY_NAME(SORT_BY_ALIGNMENT(.z_init_SMP[1-9][0-9]_*)))
                0x000000000100c8c8                __init_end = .

devices         0x000000000100c8c8       0x48
                0x000000000100c8c8                __device_start = .
                0x000000000100c8c8                __device_EARLY_start = .
 *(SORT_BY_NAME(SORT_BY_ALIGNMENT(.z_device_EARLY[0-9]_*)))
 *(SORT_BY_NAME(SORT_BY_ALIGNMENT(.z_device_EARLY[1-9][0-9]_*)))
                0x000000000100c8c8                __device_PRE_KERNEL_1_start = .
 *(SORT_BY_NAME(SORT_BY_ALIGNMENT(.z_device_PRE_KERNEL_1[0-9]_*)))
 *(SORT_BY_NAME(SORT_BY_ALIGNMENT(.z_device_PRE_KERNEL_1[1-9][0-9]_*)))
 .z_device_PRE_KERNEL_130_
                0x000000000100c8c8       0x18 zephyr/drivers/clock_control/libdrivers__clock_control.a(clock_control_nrf.c.obj)
                0x000000000100c8c8                __device_dts_ord_31
 .z_device_PRE_KERNEL_140_
                0x000000000100c8e0       0x30 zephyr/drivers/gpio/libdrivers__gpio.a(gpio_nrfx.c.obj)
                0x000000000100c8e0                __device_dts_ord_6
                0x000000000100c8f8                __device_dts_ord_5
                0x000000000100c910                __device_PRE_KERNEL_2_start = .
 *(SORT_BY_NAME(SORT_BY_ALIGNMENT(.z_device_PRE_KERNEL_2[0-9]_*)))
 *(SORT_BY_NAME(SORT_BY_ALIGNMENT(.z_device_PRE_KERNEL_2[1-9][0-9]_*)))
                0x000000000100c910                __device_POST_KERNEL_start = .
 *(SORT_BY_NAME(SORT_BY_ALIGNMENT(.z_device_POST_KERNEL[0-9]_*)))
 *(SORT_BY_NAME(SORT_BY_ALIGNMENT(.z_device_POST_KERNEL[1-9][0-9]_*)))
                0x000000000100c910                __device_APPLICATION_start = .
 *(SORT_BY_NAME(SORT_BY_ALIGNMENT(.z_device_APPLICATION[0-9]_*)))
 *(SORT_BY_NAME(SORT_BY_ALIGNMENT(.z_device_APPLICATION[1-9][0-9]_*)))
                0x000000000100c910                __device_SMP_start = .
 *(SORT_BY_NAME(SORT_BY_ALIGNMENT(.z_device_SMP[0-9]_*)))
 *(SORT_BY_NAME(SORT_BY_ALIGNMENT(.z_device_SMP[1-9][0-9]_*)))
                0x000000000100c910                __device_end = .

sw_isr_table    0x000000000100c910       0xf0
                0x000000000100c910                . = ALIGN (0x4)
 *(SORT_BY_ALIGNMENT(.gnu.linkonce.sw_isr_table*))
 .gnu.linkonce.sw_isr_table
                0x000000000100c910       0xf0 zephyr/arch/common/libisr_tables.a(isr_tables.c.obj)
                0x000000000100c910                _sw_isr_table

initlevel_error
                0x000000000100c898        0x0
 *(SORT_BY_NAME(SORT_BY_ALIGNMENT(.z_init_[_A-Z0-9]*)))
                0x0000000000000001                ASSERT ((SIZEOF (initlevel_error) == 0x0), Undefined initialization levels used.)

app_shmem_regions
                0x000000000100ca00        0x0
                0x000000000100ca00                __app_shmem_regions_start = .
 *(SORT_BY_NAME(SORT_BY_ALIGNMENT(.app_regions.*)))
                0x000000000100ca00                __app_shmem_regions_end = .

k_p4wq_initparam_area
                0x000000000100ca00        0x0
                0x000000000100ca00                _k_p4wq_initparam_list_start = .
 *(SORT_BY_NAME(SORT_BY_ALIGNMENT(._k_p4wq_initparam.static.*)))
                0x000000000100ca00                _k_p4wq_initparam_list_end = .

_static_thread_data_area
                0x000000000100ca00        0x0
                0x000000000100ca00                __static_thread_data_list_start = .
 *(SORT_BY_NAME(SORT_BY_ALIGNMENT(.__static_thread_data.static.*)))
                0x000000000100ca00                __static_thread_data_list_end = .

device_handles  0x000000000100ca00       0x12
                0x000000000100ca00                __device_handles_start = .
 *(SORT_BY_NAME(SORT_BY_ALIGNMENT(.__device_handles_pass2*)))
 .__device_handles_pass2
                0x000000000100ca00       0x12 zephyr/CMakeFiles/zephyr_pre1.dir/dev_handles.c.obj
                0x000000000100ca00                __devicehdl_dts_ord_5
                0x000000000100ca06                __devicehdl_dts_ord_6
                0x000000000100ca0c                __devicehdl_dts_ord_31
                0x000000000100ca12                __device_handles_end = .

ztest           0x000000000100ca12        0x0
                0x000000000100ca12                _ztest_expected_result_entry_list_start = .
 *(SORT_BY_NAME(SORT_BY_ALIGNMENT(._ztest_expected_result_entry.static.*)))
                0x000000000100ca12                _ztest_expected_result_entry_list_end = .
                0x000000000100ca12                _ztest_suite_node_list_start = .
 *(SORT_BY_NAME(SORT_BY_ALIGNMENT(._ztest_suite_node.static.*)))
                0x000000000100ca12                _ztest_suite_node_list_end = .
                0x000000000100ca12                _ztest_unit_test_list_start = .
 *(SORT_BY_NAME(SORT_BY_ALIGNMENT(._ztest_unit_test.static.*)))
                0x000000000100ca12                _ztest_unit_test_list_end = .
                0x000000000100ca12                _ztest_test_rule_list_start = .
 *(SORT_BY_NAME(SORT_BY_ALIGNMENT(._ztest_test_rule.static.*)))
                0x000000000100ca12                _ztest_test_rule_list_end = .

bt_l2cap_fixed_chan_area
                0x000000000100ca12        0x0
                0x000000000100ca12                _bt_l2cap_fixed_chan_list_start = .
 *(SORT_BY_NAME(SORT_BY_ALIGNMENT(._bt_l2cap_fixed_chan.static.*)))
                0x000000000100ca12                _bt_l2cap_fixed_chan_list_end = .

bt_gatt_service_static_area
                0x000000000100ca12        0x0
                0x000000000100ca12                _bt_gatt_service_static_list_start = .
 *(SORT_BY_NAME(SORT_BY_ALIGNMENT(._bt_gatt_service_static.static.*)))
                0x000000000100ca12                _bt_gatt_service_static_list_end = .

log_strings_sections
                0x000000000100ca12        0x0
                0x000000000100ca12                __log_strings_start = .
 *(SORT_BY_NAME(SORT_BY_ALIGNMENT(.log_strings*)))
                0x000000000100ca12                __log_strings_end = .

log_const_sections
                0x000000000100ca14       0x40
                0x000000000100ca14                __log_const_start = .
 *(SORT_BY_NAME(SORT_BY_ALIGNMENT(.log_const_*)))
 .log_const_NRFX_CLOCK
                0x000000000100ca14        0x8 modules/hal_nordic/nrfx/libmodules__hal_nordic__nrfx.a(nrfx_clock.c.obj)
                0x000000000100ca14                log_const_NRFX_CLOCK
 .log_const_NRFX_GPIOTE
                0x000000000100ca1c        0x8 modules/hal_nordic/nrfx/libmodules__hal_nordic__nrfx.a(nrfx_gpiote.c.obj)
                0x000000000100ca1c                log_const_NRFX_GPIOTE
 .log_const_cbprintf_package
                0x000000000100ca24        0x8 zephyr/libzephyr.a(cbprintf_packaged.c.obj)
                0x000000000100ca24                log_const_cbprintf_package
 .log_const_clock_control
                0x000000000100ca2c        0x8 zephyr/drivers/clock_control/libdrivers__clock_control.a(clock_control_nrf.c.obj)
                0x000000000100ca2c                log_const_clock_control
 .log_const_fatal_error
                0x000000000100ca34        0x8 modules/nrf/lib/fatal_error/lib..__nrf__lib__fatal_error.a(fatal_error.c.obj)
                0x000000000100ca34                log_const_fatal_error
 .log_const_mpu
                0x000000000100ca3c        0x8 zephyr/arch/arch/arm/core/aarch32/mpu/libarch__arm__core__aarch32__mpu.a(arm_core_mpu.c.obj)
                0x000000000100ca3c                log_const_mpu
 .log_const_os  0x000000000100ca44        0x8 zephyr/kernel/libkernel.a(init.c.obj)
                0x000000000100ca44                log_const_os
 .log_const_soc
                0x000000000100ca4c        0x8 zephyr/libzephyr.a(soc.c.obj)
                0x000000000100ca4c                log_const_soc
                0x000000000100ca54                __log_const_end = .

log_backend_area
                0x000000000100ca54        0x0
                0x000000000100ca54                _log_backend_list_start = .
 *(SORT_BY_NAME(SORT_BY_ALIGNMENT(._log_backend.static.*)))
                0x000000000100ca54                _log_backend_list_end = .

log_link_area   0x000000000100ca54        0x0
                0x000000000100ca54                _log_link_list_start = .
 *(SORT_BY_NAME(SORT_BY_ALIGNMENT(._log_link.static.*)))
                0x000000000100ca54                _log_link_list_end = .

tracing_backend_area
                0x000000000100ca54        0x0
                0x000000000100ca54                _tracing_backend_list_start = .
 *(SORT_BY_NAME(SORT_BY_ALIGNMENT(._tracing_backend.static.*)))
                0x000000000100ca54                _tracing_backend_list_end = .

zephyr_dbg_info
 *(SORT_BY_ALIGNMENT(.dbg_thread_info))

symbol_to_keep  0x000000000100ca54        0x0
                0x000000000100ca54                __symbol_to_keep_start = .
 *(SORT_BY_NAME(SORT_BY_ALIGNMENT(.symbol_to_keep*)))
                0x000000000100ca54                __symbol_to_keep_end = .

shell_area      0x000000000100ca54        0x0
                0x000000000100ca54                _shell_list_start = .
 *(SORT_BY_NAME(SORT_BY_ALIGNMENT(._shell.static.*)))
                0x000000000100ca54                _shell_list_end = .

shell_root_cmds_sections
                0x000000000100ca54        0x0
                0x000000000100ca54                __shell_root_cmds_start = .
 *(SORT_BY_NAME(SORT_BY_ALIGNMENT(.shell_root_cmd_*)))
                0x000000000100ca54                __shell_root_cmds_end = .

shell_subcmds_sections
                0x000000000100ca54        0x0
                0x000000000100ca54                __shell_subcmds_start = .
 *(SORT_BY_NAME(SORT_BY_ALIGNMENT(.shell_subcmd_*)))
                0x000000000100ca54                __shell_subcmds_end = .

shell_dynamic_subcmds_sections
                0x000000000100ca54        0x0
                0x000000000100ca54                __shell_dynamic_subcmds_start = .
 *(SORT_BY_NAME(SORT_BY_ALIGNMENT(.shell_dynamic_subcmd_*)))
                0x000000000100ca54                __shell_dynamic_subcmds_end = .

font_entry_sections
                0x000000000100ca54        0x0
                0x000000000100ca54                __font_entry_start = .
 *(SORT_BY_NAME(SORT_BY_ALIGNMENT(._cfb_font.*)))
                0x000000000100ca54                __font_entry_end = .

rodata          0x000000000100ca60      0x220
 *(SORT_BY_ALIGNMENT(.rodata))
 .rodata        0x000000000100ca60       0x18 modules/nrf/subsys/fw_info/lib..__nrf__subsys__fw_info.a(fw_info.c.obj)
 *(SORT_BY_ALIGNMENT(.rodata.*))
 *fill*         0x000000000100ca78        0x8 
 .rodata.delay_machine_code.0
                0x000000000100ca80        0x6 zephyr/libzephyr.a(soc.c.obj)
 *fill*         0x000000000100ca86        0x2 
 .rodata.static_regions
                0x000000000100ca88        0xc zephyr/arch/arch/arm/core/aarch32/mpu/libarch__arm__core__aarch32__mpu.a(arm_core_mpu.c.obj)
 .rodata.mpu_config
                0x000000000100ca94        0x8 zephyr/soc/arm/common/cortex_m/libsoc__arm__common__cortex_m.a(arm_mpu_regions.c.obj)
                0x000000000100ca94                mpu_config
 .rodata.mpu_regions
                0x000000000100ca9c       0x20 zephyr/soc/arm/common/cortex_m/libsoc__arm__common__cortex_m.a(arm_mpu_regions.c.obj)
 .rodata.transitions.0
                0x000000000100cabc        0xc zephyr/drivers/clock_control/libdrivers__clock_control.a(clock_control_nrf.c.obj)
 .rodata.config
                0x000000000100cac8       0x10 zephyr/drivers/clock_control/libdrivers__clock_control.a(clock_control_nrf.c.obj)
 .rodata.clock_control_api
                0x000000000100cad8       0x1c zephyr/drivers/clock_control/libdrivers__clock_control.a(clock_control_nrf.c.obj)
 .rodata.gpio_nrfx_p1_cfg
                0x000000000100caf4       0x10 zephyr/drivers/gpio/libdrivers__gpio.a(gpio_nrfx.c.obj)
 .rodata.gpio_nrfx_p0_cfg
                0x000000000100cb04       0x10 zephyr/drivers/gpio/libdrivers__gpio.a(gpio_nrfx.c.obj)
 .rodata.gpio_nrfx_drv_api_funcs
                0x000000000100cb14       0x24 zephyr/drivers/gpio/libdrivers__gpio.a(gpio_nrfx.c.obj)
 .rodata._k_neg_eagain
                0x000000000100cb38        0x4 zephyr/kernel/libkernel.a(errno.c.obj)
                0x000000000100cb38                _k_neg_eagain
 .rodata.levels.0
                0x000000000100cb3c       0x18 zephyr/kernel/libkernel.a(init.c.obj)
 .rodata.str1.1
                0x000000000100cb54       0x11 zephyr/libzephyr.a(cbprintf_packaged.c.obj)
 .rodata.z_cbvprintf_impl.str1.1
                0x000000000100cb65        0x6 zephyr/libzephyr.a(cbprintf_complete.c.obj)
 .rodata.str1.1
                0x000000000100cb6b        0x4 zephyr/libzephyr.a(soc.c.obj)
 .rodata.str1.1
                0x000000000100cb6f        0x4 zephyr/arch/arch/arm/core/aarch32/mpu/libarch__arm__core__aarch32__mpu.a(arm_core_mpu.c.obj)
 .rodata.str1.1
                0x000000000100cb73        0xf zephyr/soc/arm/common/cortex_m/libsoc__arm__common__cortex_m.a(arm_mpu_regions.c.obj)
 .rodata.str1.1
                0x000000000100cb82       0x1d zephyr/drivers/clock_control/libdrivers__clock_control.a(clock_control_nrf.c.obj)
 .rodata.str1.1
                0x000000000100cb9f       0x1c zephyr/drivers/gpio/libdrivers__gpio.a(gpio_nrfx.c.obj)
 .rodata.str1.1
                0x000000000100cbbb        0xc modules/nrf/lib/fatal_error/lib..__nrf__lib__fatal_error.a(fatal_error.c.obj)
 .rodata.check_ext_api_requests.str1.1
                0x000000000100cbc7       0x5c modules/nrf/subsys/fw_info/lib..__nrf__subsys__fw_info.a(fw_info.c.obj)
 .rodata.CSWTCH.4
                0x000000000100cc23        0x4 modules/hal_nordic/nrfx/libmodules__hal_nordic__nrfx.a(system_nrf5340_network.c.obj)
 .rodata.CSWTCH.1
                0x000000000100cc27        0x4 modules/hal_nordic/nrfx/libmodules__hal_nordic__nrfx.a(system_nrf5340_network.c.obj)
 .rodata.str1.1
                0x000000000100cc2b        0xb modules/hal_nordic/nrfx/libmodules__hal_nordic__nrfx.a(nrfx_clock.c.obj)
 .rodata.str1.1
                0x000000000100cc36        0xc modules/hal_nordic/nrfx/libmodules__hal_nordic__nrfx.a(nrfx_gpiote.c.obj)
 .rodata.z_cstart.str1.1
                0x000000000100cc42        0x5 zephyr/kernel/libkernel.a(init.c.obj)
 .rodata.str1.1
                0x000000000100cc47        0x3 zephyr/kernel/libkernel.a(init.c.obj)
 .rodata.boot_banner.str1.1
                0x000000000100cc4a       0x30 zephyr/kernel/libkernel.a(banner.c.obj)
 *(SORT_BY_ALIGNMENT(.gnu.linkonce.r.*))
                0x000000000100cc7c                . = ALIGN (0x4)
 *fill*         0x000000000100cc7a        0x2 
                0x000000000100cc7c                _fw_info_images_start = .
 *(SORT_BY_ALIGNMENT(.fw_info_images))
 .fw_info_images
                0x000000000100cc7c        0x4 modules/nrf/subsys/fw_info/lib..__nrf__subsys__fw_info.a(fw_info.c.obj)
                0x000000000100cc7c                self_image
                0x0000000000000001                _fw_info_images_size = ABSOLUTE (((. - _fw_info_images_start) / 0x4))
                0x000000000100cc80                _ext_apis_start = .
 *(SORT_BY_ALIGNMENT(.ext_apis))
                0x0000000000000000                _ext_apis_size = ABSOLUTE ((. - _ext_apis_start))
                0x000000000100cc80                _ext_apis_req_start = .
 *(SORT_BY_ALIGNMENT(.ext_apis_req))
                0x0000000000000000                _ext_apis_req_size = ABSOLUTE ((. - _ext_apis_req_start))
                0x000000000100cc80                . = ALIGN (0x4)
                0x000000000100cc80                __rodata_region_end = .
                0x000000000100cc80                . = ALIGN (_region_min_align)
                0x000000000100cc80                __rom_region_end = ((__rom_region_start + .) - ADDR (rom_start))

/DISCARD/
 *(SORT_BY_ALIGNMENT(.got.plt))
 *(SORT_BY_ALIGNMENT(.igot.plt))
 *(SORT_BY_ALIGNMENT(.got))
 *(SORT_BY_ALIGNMENT(.igot))
                0x0000000021000000                . = 0x21000000
                0x0000000021000000                . = ALIGN (_region_min_align)
                0x0000000021000000                _image_ram_start = .

.ramfunc        0x0000000021000000        0x0 load address 0x000000000100cc80
                0x0000000021000000                . = ALIGN (_region_min_align)
                0x0000000021000000                __ramfunc_start = .
 *(SORT_BY_ALIGNMENT(.ramfunc))
 *(SORT_BY_ALIGNMENT(.ramfunc.*))
                0x0000000021000000                . = ALIGN (_region_min_align)
                0x0000000021000000                __ramfunc_end = .
                0x0000000000000000                __ramfunc_size = (__ramfunc_end - __ramfunc_start)
                0x000000000100cc80                __ramfunc_load_start = LOADADDR (.ramfunc)

datas           0x0000000021000000       0x88 load address 0x000000000100cc80
                0x0000000021000000                __data_region_start = .
                0x0000000021000000                __data_start = .
 *(SORT_BY_ALIGNMENT(.data))
 *(SORT_BY_ALIGNMENT(.data.*))
 .data._char_out
                0x0000000021000000        0x4 zephyr/libzephyr.a(printk.c.obj)
                0x0000000021000000                _char_out
 .data.m_cb     0x0000000021000004       0x7c modules/hal_nordic/nrfx/libmodules__hal_nordic__nrfx.a(nrfx_gpiote.c.obj)
 .data.timeout_list
                0x0000000021000080        0x8 zephyr/kernel/libkernel.a(timeout.c.obj)
 *(SORT_BY_ALIGNMENT(.kernel.*))
                0x0000000021000088                __data_end = .
                0x0000000000000088                __data_size = (__data_end - __data_start)
                0x000000000100cc80                __data_load_start = LOADADDR (datas)
                0x000000000100cc80                __data_region_load_start = LOADADDR (datas)

device_states   0x0000000021000088        0x6 load address 0x000000000100cd08
                0x0000000021000088                __device_states_start = .
 *(SORT_BY_ALIGNMENT(.z_devstate))
 .z_devstate    0x0000000021000088        0x2 zephyr/drivers/clock_control/libdrivers__clock_control.a(clock_control_nrf.c.obj)
 .z_devstate    0x000000002100008a        0x4 zephyr/drivers/gpio/libdrivers__gpio.a(gpio_nrfx.c.obj)
 *(SORT_BY_ALIGNMENT(.z_devstate.*))
                0x000000002100008e                __device_states_end = .

initshell       0x000000002100008e        0x0 load address 0x000000000100cd0e
                0x000000002100008e                __shell_module_start = .
 *(SORT_BY_ALIGNMENT(.shell_module_*))
                0x000000002100008e                __shell_module_end = .
                0x000000002100008e                __shell_cmd_start = .
 *(SORT_BY_ALIGNMENT(.shell_cmd_*))
                0x000000002100008e                __shell_cmd_end = .

log_mpsc_pbuf_area
                0x000000002100008e        0x0 load address 0x000000000100cd0e
                0x000000002100008e                _log_mpsc_pbuf_list_start = .
 *(SORT_BY_NAME(SORT_BY_ALIGNMENT(._log_mpsc_pbuf.static.*)))
                0x000000002100008e                _log_mpsc_pbuf_list_end = .

log_msg_ptr_area
                0x000000002100008e        0x0 load address 0x000000000100cd0e
                0x000000002100008e                _log_msg_ptr_list_start = .
 *(SORT_BY_NAME(SORT_BY_ALIGNMENT(._log_msg_ptr.static.*)))
                0x000000002100008e                _log_msg_ptr_list_end = .

log_dynamic_sections
                0x000000002100008e        0x0 load address 0x000000000100cd0e
                0x000000002100008e                __log_dynamic_start = .
 *(SORT_BY_NAME(SORT_BY_ALIGNMENT(.log_dynamic_*)))
                0x000000002100008e                __log_dynamic_end = .

k_timer_area    0x000000002100008e        0x0 load address 0x000000000100cd0e
                0x000000002100008e                _k_timer_list_start = .
 *(SORT_BY_NAME(SORT_BY_ALIGNMENT(._k_timer.static.*)))
                0x000000002100008e                _k_timer_list_end = .

k_mem_slab_area
                0x000000002100008e        0x0 load address 0x000000000100cd0e
                0x000000002100008e                _k_mem_slab_list_start = .
 *(SORT_BY_NAME(SORT_BY_ALIGNMENT(._k_mem_slab.static.*)))
                0x000000002100008e                _k_mem_slab_list_end = .

k_heap_area     0x000000002100008e        0x0 load address 0x000000000100cd0e
                0x000000002100008e                _k_heap_list_start = .
 *(SORT_BY_NAME(SORT_BY_ALIGNMENT(._k_heap.static.*)))
                0x000000002100008e                _k_heap_list_end = .

k_mutex_area    0x000000002100008e        0x0 load address 0x000000000100cd0e
                0x000000002100008e                _k_mutex_list_start = .
 *(SORT_BY_NAME(SORT_BY_ALIGNMENT(._k_mutex.static.*)))
                0x000000002100008e                _k_mutex_list_end = .

k_stack_area    0x000000002100008e        0x0 load address 0x000000000100cd0e
                0x000000002100008e                _k_stack_list_start = .
 *(SORT_BY_NAME(SORT_BY_ALIGNMENT(._k_stack.static.*)))
                0x000000002100008e                _k_stack_list_end = .

k_msgq_area     0x000000002100008e        0x0 load address 0x000000000100cd0e
                0x000000002100008e                _k_msgq_list_start = .
 *(SORT_BY_NAME(SORT_BY_ALIGNMENT(._k_msgq.static.*)))
                0x000000002100008e                _k_msgq_list_end = .

k_mbox_area     0x000000002100008e        0x0 load address 0x000000000100cd0e
                0x000000002100008e                _k_mbox_list_start = .
 *(SORT_BY_NAME(SORT_BY_ALIGNMENT(._k_mbox.static.*)))
                0x000000002100008e                _k_mbox_list_end = .

k_pipe_area     0x000000002100008e        0x0 load address 0x000000000100cd0e
                0x000000002100008e                _k_pipe_list_start = .
 *(SORT_BY_NAME(SORT_BY_ALIGNMENT(._k_pipe.static.*)))
                0x000000002100008e                _k_pipe_list_end = .

k_sem_area      0x000000002100008e        0x0 load address 0x000000000100cd0e
                0x000000002100008e                _k_sem_list_start = .
 *(SORT_BY_NAME(SORT_BY_ALIGNMENT(._k_sem.static.*)))
                0x000000002100008e                _k_sem_list_end = .

k_event_area    0x000000002100008e        0x0 load address 0x000000000100cd0e
                0x000000002100008e                _k_event_list_start = .
 *(SORT_BY_NAME(SORT_BY_ALIGNMENT(._k_event.static.*)))
                0x000000002100008e                _k_event_list_end = .

k_queue_area    0x000000002100008e        0x0 load address 0x000000000100cd0e
                0x000000002100008e                _k_queue_list_start = .
 *(SORT_BY_NAME(SORT_BY_ALIGNMENT(._k_queue.static.*)))
                0x000000002100008e                _k_queue_list_end = .

k_condvar_area  0x000000002100008e        0x0 load address 0x000000000100cd0e
                0x000000002100008e                _k_condvar_list_start = .
 *(SORT_BY_NAME(SORT_BY_ALIGNMENT(._k_condvar.static.*)))
                0x000000002100008e                _k_condvar_list_end = .

_net_buf_pool_area
                0x000000002100008e        0x0 load address 0x000000000100cd0e
                0x000000002100008e                _net_buf_pool_list = .
 *(SORT_BY_NAME(SORT_BY_ALIGNMENT(._net_buf_pool.static.*)))
                0x000000002100008e                __data_region_end = .

bss             0x0000000021000090      0x231
                0x0000000021000090                . = ALIGN (0x4)
                0x0000000021000090                __bss_start = .
                0x0000000021000090                __kernel_ram_start = .
 *(SORT_BY_ALIGNMENT(.bss))
 *(SORT_BY_ALIGNMENT(.bss.*))
 .bss.cc_data   0x0000000021000090       0x10 zephyr/drivers/timer/libdrivers__timer.a(nrf_rtc_timer.c.obj)
 .bss.last_count
                0x00000000210000a0        0x8 zephyr/drivers/timer/libdrivers__timer.a(nrf_rtc_timer.c.obj)
 .bss.anchor    0x00000000210000a8        0x8 zephyr/drivers/timer/libdrivers__timer.a(nrf_rtc_timer.c.obj)
 .bss.z_idle_threads
                0x00000000210000b0       0x80 zephyr/kernel/libkernel.a(init.c.obj)
                0x00000000210000b0                z_idle_threads
 .bss.z_main_thread
                0x0000000021000130       0x80 zephyr/kernel/libkernel.a(init.c.obj)
                0x0000000021000130                z_main_thread
 .bss.slice_timeouts
                0x00000000210001b0       0x18 zephyr/kernel/libkernel.a(sched.c.obj)
 .bss.curr_tick
                0x00000000210001c8        0x8 zephyr/kernel/libkernel.a(timeout.c.obj)
 .bss.timestamps.1
                0x00000000210001d0       0x14 zephyr/libzephyr.a(soc.c.obj)
 .bss.dyn_reg_info
                0x00000000210001e4       0x14 zephyr/arch/arch/arm/core/aarch32/mpu/libarch__arm__core__aarch32__mpu.a(arm_mpu.c.obj)
 .bss.cli.1     0x00000000210001f8       0x10 zephyr/drivers/clock_control/libdrivers__clock_control.a(clock_control_nrf.c.obj)
 .bss.on.2      0x0000000021000208        0x4 zephyr/drivers/clock_control/libdrivers__clock_control.a(clock_control_nrf.c.obj)
 .bss.data      0x000000002100020c       0x50 zephyr/drivers/clock_control/libdrivers__clock_control.a(clock_control_nrf.c.obj)
 .bss.hfclk_users
                0x000000002100025c        0x4 zephyr/drivers/clock_control/libdrivers__clock_control.a(clock_control_nrf.c.obj)
 .bss.gpio_nrfx_p1_data
                0x0000000021000260        0xc zephyr/drivers/gpio/libdrivers__gpio.a(gpio_nrfx.c.obj)
 .bss.gpio_nrfx_p0_data
                0x000000002100026c        0xc zephyr/drivers/gpio/libdrivers__gpio.a(gpio_nrfx.c.obj)
 .bss.force_isr_mask
                0x0000000021000278        0x4 zephyr/drivers/timer/libdrivers__timer.a(nrf_rtc_timer.c.obj)
 .bss.int_mask  0x000000002100027c        0x4 zephyr/drivers/timer/libdrivers__timer.a(nrf_rtc_timer.c.obj)
 .bss.overflow_cnt
                0x0000000021000280        0x4 zephyr/drivers/timer/libdrivers__timer.a(nrf_rtc_timer.c.obj)
 .bss.m_clock_cb
                0x0000000021000284        0x8 modules/hal_nordic/nrfx/libmodules__hal_nordic__nrfx.a(nrfx_clock.c.obj)
 .bss._kernel   0x000000002100028c       0x20 zephyr/kernel/libkernel.a(init.c.obj)
                0x000000002100028c                _kernel
 .bss.pending_current
                0x00000000210002ac        0x4 zephyr/kernel/libkernel.a(sched.c.obj)
 .bss.slice_max_prio
                0x00000000210002b0        0x4 zephyr/kernel/libkernel.a(sched.c.obj)
 .bss.slice_ticks
                0x00000000210002b4        0x4 zephyr/kernel/libkernel.a(sched.c.obj)
 .bss.announce_remaining
                0x00000000210002b8        0x4 zephyr/kernel/libkernel.a(timeout.c.obj)
 .bss.timestamps_filled.2
                0x00000000210002bc        0x1 zephyr/libzephyr.a(soc.c.obj)
 .bss.current.3
                0x00000000210002bd        0x1 zephyr/libzephyr.a(soc.c.obj)
 .bss.static_regions_num
                0x00000000210002be        0x1 zephyr/arch/arch/arm/core/aarch32/mpu/libarch__arm__core__aarch32__mpu.a(arm_mpu.c.obj)
 .bss.z_sys_post_kernel
                0x00000000210002bf        0x1 zephyr/kernel/libkernel.a(init.c.obj)
                0x00000000210002bf                z_sys_post_kernel
 .bss.lock      0x00000000210002c0        0x0 zephyr/kernel/libkernel.a(sem.c.obj)
 .bss.slice_expired
                0x00000000210002c0        0x1 zephyr/kernel/libkernel.a(sched.c.obj)
 .bss.sched_spinlock
                0x00000000210002c1        0x0 zephyr/kernel/libkernel.a(sched.c.obj)
                0x00000000210002c1                sched_spinlock
 *(SORT_BY_ALIGNMENT(COMMON))
 *(SORT_BY_ALIGNMENT(.kernel_bss.*))
                0x00000000210002c4                __bss_end = ALIGN (0x4)

noinit          0x00000000210002c8      0xd00
 *(SORT_BY_ALIGNMENT(.noinit))
 *(SORT_BY_ALIGNMENT(.noinit.*))
 .noinit."WEST_TOPDIR/zephyr/kernel/init.c".2
                0x00000000210002c8      0x800 zephyr/kernel/libkernel.a(init.c.obj)
                0x00000000210002c8                z_interrupt_stacks
 .noinit."WEST_TOPDIR/zephyr/kernel/init.c".1
                0x0000000021000ac8      0x100 zephyr/kernel/libkernel.a(init.c.obj)
 .noinit."WEST_TOPDIR/zephyr/kernel/init.c".0
                0x0000000021000bc8      0x400 zephyr/kernel/libkernel.a(init.c.obj)
                0x0000000021000bc8                z_main_stack
 *(SORT_BY_ALIGNMENT(.kernel_noinit.*))
                0x0000000021000fc8                _image_ram_end = .
                0x0000000021000fc8                _end = .
                0x0000000021010000                __kernel_ram_end = 0x21010000
                0x000000000000ff70                __kernel_ram_size = (__kernel_ram_end - __kernel_ram_start)

.intList        0x00000000fffff800       0x38
 *(SORT_BY_ALIGNMENT(.irq_info*))
 .irq_info      0x00000000fffff800        0x8 zephyr/arch/common/libisr_tables.a(isr_tables.c.obj)
                0x00000000fffff800                _iheader
 *(SORT_BY_ALIGNMENT(.intList*))
 .intList       0x00000000fffff808       0x10 zephyr/drivers/clock_control/libdrivers__clock_control.a(clock_control_nrf.c.obj)
 .intList       0x00000000fffff818       0x10 zephyr/drivers/gpio/libdrivers__gpio.a(gpio_nrfx.c.obj)
 .intList       0x00000000fffff828       0x10 zephyr/drivers/timer/libdrivers__timer.a(nrf_rtc_timer.c.obj)

.stab
 *(SORT_BY_ALIGNMENT(.stab))

.stabstr
 *(SORT_BY_ALIGNMENT(.stabstr))

.stab.excl
 *(SORT_BY_ALIGNMENT(.stab.excl))

.stab.exclstr
 *(SORT_BY_ALIGNMENT(.stab.exclstr))

.stab.index
 *(SORT_BY_ALIGNMENT(.stab.index))

.stab.indexstr
 *(SORT_BY_ALIGNMENT(.stab.indexstr))

.gnu.build.attributes
 *(SORT_BY_ALIGNMENT(.gnu.build.attributes) SORT_BY_ALIGNMENT(.gnu.build.attributes.*))

.comment        0x0000000000000000       0x20
 *(SORT_BY_ALIGNMENT(.comment))
 .comment       0x0000000000000000       0x20 zephyr/CMakeFiles/zephyr_pre1.dir/dev_handles.c.obj
                                         0x21 (size before relaxing)
 .comment       0x0000000000000020       0x21 app/libapp.a(main.c.obj)
 .comment       0x0000000000000020       0x21 zephyr/libzephyr.a(cbprintf_packaged.c.obj)
 .comment       0x0000000000000020       0x21 zephyr/libzephyr.a(printk.c.obj)
 .comment       0x0000000000000020       0x21 zephyr/libzephyr.a(thread_entry.c.obj)
 .comment       0x0000000000000020       0x21 zephyr/libzephyr.a(onoff.c.obj)
 .comment       0x0000000000000020       0x21 zephyr/libzephyr.a(notify.c.obj)
 .comment       0x0000000000000020       0x21 zephyr/libzephyr.a(cbprintf_complete.c.obj)
 .comment       0x0000000000000020       0x21 zephyr/libzephyr.a(configs.c.obj)
 .comment       0x0000000000000020       0x21 zephyr/libzephyr.a(soc.c.obj)
 .comment       0x0000000000000020       0x21 zephyr/arch/arch/arm/core/aarch32/libarch__arm__core__aarch32.a(fatal.c.obj)
 .comment       0x0000000000000020       0x21 zephyr/arch/arch/arm/core/aarch32/libarch__arm__core__aarch32.a(irq_manage.c.obj)
 .comment       0x0000000000000020       0x21 zephyr/arch/arch/arm/core/aarch32/libarch__arm__core__aarch32.a(nmi.c.obj)
 .comment       0x0000000000000020       0x21 zephyr/arch/arch/arm/core/aarch32/libarch__arm__core__aarch32.a(prep_c.c.obj)
 .comment       0x0000000000000020       0x21 zephyr/arch/arch/arm/core/aarch32/libarch__arm__core__aarch32.a(swap.c.obj)
 .comment       0x0000000000000020       0x21 zephyr/arch/arch/arm/core/aarch32/libarch__arm__core__aarch32.a(thread.c.obj)
 .comment       0x0000000000000020       0x21 zephyr/arch/arch/arm/core/aarch32/cortex_m/libarch__arm__core__aarch32__cortex_m.a(fault.c.obj)
 .comment       0x0000000000000020       0x21 zephyr/arch/arch/arm/core/aarch32/cortex_m/libarch__arm__core__aarch32__cortex_m.a(irq_init.c.obj)
 .comment       0x0000000000000020       0x21 zephyr/arch/arch/arm/core/aarch32/cortex_m/libarch__arm__core__aarch32__cortex_m.a(scb.c.obj)
 .comment       0x0000000000000020       0x21 zephyr/arch/arch/arm/core/aarch32/cortex_m/libarch__arm__core__aarch32__cortex_m.a(thread_abort.c.obj)
 .comment       0x0000000000000020       0x21 zephyr/arch/arch/arm/core/aarch32/cortex_m/cmse/libarch__arm__core__aarch32__cortex_m__cmse.a(arm_core_cmse.c.obj)
 .comment       0x0000000000000020       0x21 zephyr/arch/arch/arm/core/aarch32/mpu/libarch__arm__core__aarch32__mpu.a(arm_core_mpu.c.obj)
 .comment       0x0000000000000020       0x21 zephyr/arch/arch/arm/core/aarch32/mpu/libarch__arm__core__aarch32__mpu.a(arm_mpu.c.obj)
 .comment       0x0000000000000020       0x21 zephyr/lib/libc/minimal/liblib__libc__minimal.a(string.c.obj)
 .comment       0x0000000000000020       0x21 zephyr/soc/arm/common/cortex_m/libsoc__arm__common__cortex_m.a(arm_mpu_regions.c.obj)
 .comment       0x0000000000000020       0x21 zephyr/drivers/clock_control/libdrivers__clock_control.a(clock_control_nrf.c.obj)
 .comment       0x0000000000000020       0x21 zephyr/drivers/gpio/libdrivers__gpio.a(gpio_nrfx.c.obj)
 .comment       0x0000000000000020       0x21 zephyr/drivers/timer/libdrivers__timer.a(nrf_rtc_timer.c.obj)
 .comment       0x0000000000000020       0x21 modules/nrf/lib/fatal_error/lib..__nrf__lib__fatal_error.a(fatal_error.c.obj)
 .comment       0x0000000000000020       0x21 modules/nrf/subsys/fw_info/lib..__nrf__subsys__fw_info.a(fw_info.c.obj)
 .comment       0x0000000000000020       0x21 modules/hal_nordic/nrfx/libmodules__hal_nordic__nrfx.a(system_nrf5340_network.c.obj)
 .comment       0x0000000000000020       0x21 modules/hal_nordic/nrfx/libmodules__hal_nordic__nrfx.a(nrfx_glue.c.obj)
 .comment       0x0000000000000020       0x21 modules/hal_nordic/nrfx/libmodules__hal_nordic__nrfx.a(nrfx_flag32_allocator.c.obj)
 .comment       0x0000000000000020       0x21 modules/hal_nordic/nrfx/libmodules__hal_nordic__nrfx.a(nrfx_clock.c.obj)
 .comment       0x0000000000000020       0x21 modules/hal_nordic/nrfx/libmodules__hal_nordic__nrfx.a(nrfx_gpiote.c.obj)
 .comment       0x0000000000000020       0x21 zephyr/kernel/libkernel.a(errno.c.obj)
 .comment       0x0000000000000020       0x21 zephyr/kernel/libkernel.a(fatal.c.obj)
 .comment       0x0000000000000020       0x21 zephyr/kernel/libkernel.a(init.c.obj)
 .comment       0x0000000000000020       0x21 zephyr/kernel/libkernel.a(thread.c.obj)
 .comment       0x0000000000000020       0x21 zephyr/kernel/libkernel.a(idle.c.obj)
 .comment       0x0000000000000020       0x21 zephyr/kernel/libkernel.a(sem.c.obj)
 .comment       0x0000000000000020       0x21 zephyr/kernel/libkernel.a(sched.c.obj)
 .comment       0x0000000000000020       0x21 zephyr/kernel/libkernel.a(xip.c.obj)
 .comment       0x0000000000000020       0x21 zephyr/kernel/libkernel.a(timeout.c.obj)
 .comment       0x0000000000000020       0x21 zephyr/kernel/libkernel.a(banner.c.obj)
 .comment       0x0000000000000020       0x21 zephyr/kernel/libkernel.a(device.c.obj)
 .comment       0x0000000000000020       0x21 zephyr/CMakeFiles/offsets.dir/./arch/arm/core/offsets/offsets.c.obj
 .comment       0x0000000000000020       0x21 zephyr/arch/common/libisr_tables.a(isr_tables.c.obj)

.debug
 *(SORT_BY_ALIGNMENT(.debug))

.line
 *(SORT_BY_ALIGNMENT(.line))

.debug_srcinfo
 *(SORT_BY_ALIGNMENT(.debug_srcinfo))

.debug_sfnames
 *(SORT_BY_ALIGNMENT(.debug_sfnames))

.debug_aranges  0x0000000000000000     0x1090
 *(SORT_BY_ALIGNMENT(.debug_aranges))
 .debug_aranges
                0x0000000000000000       0x20 zephyr/libzephyr.a(soc_nrf_common.S.obj)
 .debug_aranges
                0x0000000000000020       0x30 zephyr/arch/arch/arm/core/aarch32/libarch__arm__core__aarch32.a(cpu_idle.S.obj)
 .debug_aranges
                0x0000000000000050       0x20 zephyr/arch/arch/arm/core/aarch32/libarch__arm__core__aarch32.a(nmi_on_reset.S.obj)
 .debug_aranges
                0x0000000000000070       0x28 zephyr/arch/arch/arm/core/aarch32/libarch__arm__core__aarch32.a(swap_helper.S.obj)
 .debug_aranges
                0x0000000000000098       0x20 zephyr/arch/arch/arm/core/aarch32/libarch__arm__core__aarch32.a(isr_wrapper.S.obj)
 .debug_aranges
                0x00000000000000b8       0x20 zephyr/arch/arch/arm/core/aarch32/cortex_m/libarch__arm__core__aarch32__cortex_m.a(exc_exit.S.obj)
 .debug_aranges
                0x00000000000000d8       0x20 zephyr/arch/arch/arm/core/aarch32/cortex_m/libarch__arm__core__aarch32__cortex_m.a(fault_s.S.obj)
 .debug_aranges
                0x00000000000000f8       0x20 zephyr/arch/arch/arm/core/aarch32/cortex_m/libarch__arm__core__aarch32__cortex_m.a(reset.S.obj)
 .debug_aranges
                0x0000000000000118       0x18 zephyr/CMakeFiles/zephyr_pre1.dir/dev_handles.c.obj
 .debug_aranges
                0x0000000000000130       0x20 app/libapp.a(main.c.obj)
 .debug_aranges
                0x0000000000000150       0x40 zephyr/libzephyr.a(cbprintf_packaged.c.obj)
 .debug_aranges
                0x0000000000000190       0x68 zephyr/libzephyr.a(printk.c.obj)
 .debug_aranges
                0x00000000000001f8       0x20 zephyr/libzephyr.a(thread_entry.c.obj)
 .debug_aranges
                0x0000000000000218       0x90 zephyr/libzephyr.a(onoff.c.obj)
 .debug_aranges
                0x00000000000002a8       0x28 zephyr/libzephyr.a(notify.c.obj)
 .debug_aranges
                0x00000000000002d0       0x30 zephyr/libzephyr.a(cbprintf_complete.c.obj)
 .debug_aranges
                0x0000000000000300       0x20 zephyr/libzephyr.a(configs.c.obj)
 .debug_aranges
                0x0000000000000320       0x30 zephyr/libzephyr.a(soc.c.obj)
 .debug_aranges
                0x0000000000000350       0x30 zephyr/arch/arch/arm/core/aarch32/libarch__arm__core__aarch32.a(fatal.c.obj)
 .debug_aranges
                0x0000000000000380       0x40 zephyr/arch/arch/arm/core/aarch32/libarch__arm__core__aarch32.a(irq_manage.c.obj)
 .debug_aranges
                0x00000000000003c0       0x20 zephyr/arch/arch/arm/core/aarch32/libarch__arm__core__aarch32.a(nmi.c.obj)
 .debug_aranges
                0x00000000000003e0       0x20 zephyr/arch/arch/arm/core/aarch32/libarch__arm__core__aarch32.a(prep_c.c.obj)
 .debug_aranges
                0x0000000000000400       0x20 zephyr/arch/arch/arm/core/aarch32/libarch__arm__core__aarch32.a(swap.c.obj)
 .debug_aranges
                0x0000000000000420       0x30 zephyr/arch/arch/arm/core/aarch32/libarch__arm__core__aarch32.a(thread.c.obj)
 .debug_aranges
                0x0000000000000450       0x40 zephyr/arch/arch/arm/core/aarch32/cortex_m/libarch__arm__core__aarch32__cortex_m.a(fault.c.obj)
 .debug_aranges
                0x0000000000000490       0x20 zephyr/arch/arch/arm/core/aarch32/cortex_m/libarch__arm__core__aarch32__cortex_m.a(irq_init.c.obj)
 .debug_aranges
                0x00000000000004b0       0x30 zephyr/arch/arch/arm/core/aarch32/cortex_m/libarch__arm__core__aarch32__cortex_m.a(scb.c.obj)
 .debug_aranges
                0x00000000000004e0       0x20 zephyr/arch/arch/arm/core/aarch32/cortex_m/libarch__arm__core__aarch32__cortex_m.a(thread_abort.c.obj)
 .debug_aranges
                0x0000000000000500       0x40 zephyr/arch/arch/arm/core/aarch32/cortex_m/cmse/libarch__arm__core__aarch32__cortex_m__cmse.a(arm_core_cmse.c.obj)
 .debug_aranges
                0x0000000000000540       0x28 zephyr/arch/arch/arm/core/aarch32/mpu/libarch__arm__core__aarch32__mpu.a(arm_core_mpu.c.obj)
 .debug_aranges
                0x0000000000000568       0x60 zephyr/arch/arch/arm/core/aarch32/mpu/libarch__arm__core__aarch32__mpu.a(arm_mpu.c.obj)
 .debug_aranges
                0x00000000000005c8       0x98 zephyr/lib/libc/minimal/liblib__libc__minimal.a(string.c.obj)
 .debug_aranges
                0x0000000000000660       0x18 zephyr/soc/arm/common/cortex_m/libsoc__arm__common__cortex_m.a(arm_mpu_regions.c.obj)
 .debug_aranges
                0x0000000000000678       0xc8 zephyr/drivers/clock_control/libdrivers__clock_control.a(clock_control_nrf.c.obj)
 .debug_aranges
                0x0000000000000740       0x68 zephyr/drivers/gpio/libdrivers__gpio.a(gpio_nrfx.c.obj)
 .debug_aranges
                0x00000000000007a8       0xd0 zephyr/drivers/timer/libdrivers__timer.a(nrf_rtc_timer.c.obj)
 .debug_aranges
                0x0000000000000878       0x20 modules/nrf/lib/fatal_error/lib..__nrf__lib__fatal_error.a(fatal_error.c.obj)
 .debug_aranges
                0x0000000000000898       0x38 modules/nrf/subsys/fw_info/lib..__nrf__subsys__fw_info.a(fw_info.c.obj)
 .debug_aranges
                0x00000000000008d0       0x28 modules/hal_nordic/nrfx/libmodules__hal_nordic__nrfx.a(system_nrf5340_network.c.obj)
 .debug_aranges
                0x00000000000008f8       0x30 modules/hal_nordic/nrfx/libmodules__hal_nordic__nrfx.a(nrfx_glue.c.obj)
 .debug_aranges
                0x0000000000000928       0x30 modules/hal_nordic/nrfx/libmodules__hal_nordic__nrfx.a(nrfx_flag32_allocator.c.obj)
 .debug_aranges
                0x0000000000000958       0x78 modules/hal_nordic/nrfx/libmodules__hal_nordic__nrfx.a(nrfx_clock.c.obj)
 .debug_aranges
                0x00000000000009d0      0x180 modules/hal_nordic/nrfx/libmodules__hal_nordic__nrfx.a(nrfx_gpiote.c.obj)
 .debug_aranges
                0x0000000000000b50       0x20 zephyr/kernel/libkernel.a(errno.c.obj)
 .debug_aranges
                0x0000000000000b70       0x60 zephyr/kernel/libkernel.a(fatal.c.obj)
 .debug_aranges
                0x0000000000000bd0       0x50 zephyr/kernel/libkernel.a(init.c.obj)
 .debug_aranges
                0x0000000000000c20       0xb8 zephyr/kernel/libkernel.a(thread.c.obj)
 .debug_aranges
                0x0000000000000cd8       0x28 zephyr/kernel/libkernel.a(idle.c.obj)
 .debug_aranges
                0x0000000000000d00       0x38 zephyr/kernel/libkernel.a(sem.c.obj)
 .debug_aranges
                0x0000000000000d38      0x200 zephyr/kernel/libkernel.a(sched.c.obj)
 .debug_aranges
                0x0000000000000f38       0x20 zephyr/kernel/libkernel.a(xip.c.obj)
 .debug_aranges
                0x0000000000000f58       0x90 zephyr/kernel/libkernel.a(timeout.c.obj)
 .debug_aranges
                0x0000000000000fe8       0x20 zephyr/kernel/libkernel.a(banner.c.obj)
 .debug_aranges
                0x0000000000001008       0x50 zephyr/kernel/libkernel.a(device.c.obj)
 .debug_aranges
                0x0000000000001058       0x20 zephyr/CMakeFiles/offsets.dir/./arch/arm/core/offsets/offsets.c.obj
 .debug_aranges
                0x0000000000001078       0x18 zephyr/arch/common/libisr_tables.a(isr_tables.c.obj)

.debug_pubnames
 *(SORT_BY_ALIGNMENT(.debug_pubnames))

.debug_info     0x0000000000000000    0x451a0
 *(SORT_BY_ALIGNMENT(.debug_info) SORT_BY_ALIGNMENT(.gnu.linkonce.wi.*))
 .debug_info    0x0000000000000000       0xe4 zephyr/CMakeFiles/zephyr_pre1.dir/dev_handles.c.obj
 .debug_info    0x00000000000000e4       0x97 app/libapp.a(main.c.obj)
 .debug_info    0x000000000000017b     0x1e10 zephyr/libzephyr.a(cbprintf_packaged.c.obj)
 .debug_info    0x0000000000001f8b      0x6de zephyr/libzephyr.a(printk.c.obj)
 .debug_info    0x0000000000002669      0x621 zephyr/libzephyr.a(thread_entry.c.obj)
 .debug_info    0x0000000000002c8a     0x21f2 zephyr/libzephyr.a(onoff.c.obj)
 .debug_info    0x0000000000004e7c      0x311 zephyr/libzephyr.a(notify.c.obj)
 .debug_info    0x000000000000518d     0x1063 zephyr/libzephyr.a(cbprintf_complete.c.obj)
 .debug_info    0x00000000000061f0       0x38 zephyr/libzephyr.a(configs.c.obj)
 .debug_info    0x0000000000006228      0xb95 zephyr/libzephyr.a(soc.c.obj)
 .debug_info    0x0000000000006dbd       0x23 zephyr/libzephyr.a(soc_nrf_common.S.obj)
 .debug_info    0x0000000000006de0       0x22 zephyr/arch/arch/arm/core/aarch32/libarch__arm__core__aarch32.a(cpu_idle.S.obj)
 .debug_info    0x0000000000006e02     0x254e zephyr/arch/arch/arm/core/aarch32/libarch__arm__core__aarch32.a(fatal.c.obj)
 .debug_info    0x0000000000009350      0x9b5 zephyr/arch/arch/arm/core/aarch32/libarch__arm__core__aarch32.a(irq_manage.c.obj)
 .debug_info    0x0000000000009d05       0xb6 zephyr/arch/arch/arm/core/aarch32/libarch__arm__core__aarch32.a(nmi.c.obj)
 .debug_info    0x0000000000009dbb       0x23 zephyr/arch/arch/arm/core/aarch32/libarch__arm__core__aarch32.a(nmi_on_reset.S.obj)
 .debug_info    0x0000000000009dde      0x49c zephyr/arch/arch/arm/core/aarch32/libarch__arm__core__aarch32.a(prep_c.c.obj)
 .debug_info    0x000000000000a27a      0x923 zephyr/arch/arch/arm/core/aarch32/libarch__arm__core__aarch32.a(swap.c.obj)
 .debug_info    0x000000000000ab9d       0x22 zephyr/arch/arch/arm/core/aarch32/libarch__arm__core__aarch32.a(swap_helper.S.obj)
 .debug_info    0x000000000000abbf      0x8b7 zephyr/arch/arch/arm/core/aarch32/libarch__arm__core__aarch32.a(thread.c.obj)
 .debug_info    0x000000000000b476       0x23 zephyr/arch/arch/arm/core/aarch32/libarch__arm__core__aarch32.a(isr_wrapper.S.obj)
 .debug_info    0x000000000000b499       0x23 zephyr/arch/arch/arm/core/aarch32/cortex_m/libarch__arm__core__aarch32__cortex_m.a(exc_exit.S.obj)
 .debug_info    0x000000000000b4bc     0xb71f zephyr/arch/arch/arm/core/aarch32/cortex_m/libarch__arm__core__aarch32__cortex_m.a(fault.c.obj)
 .debug_info    0x0000000000016bdb       0x23 zephyr/arch/arch/arm/core/aarch32/cortex_m/libarch__arm__core__aarch32__cortex_m.a(fault_s.S.obj)
 .debug_info    0x0000000000016bfe      0x65e zephyr/arch/arch/arm/core/aarch32/cortex_m/libarch__arm__core__aarch32__cortex_m.a(irq_init.c.obj)
 .debug_info    0x000000000001725c       0x23 zephyr/arch/arch/arm/core/aarch32/cortex_m/libarch__arm__core__aarch32__cortex_m.a(reset.S.obj)
 .debug_info    0x000000000001727f      0x882 zephyr/arch/arch/arm/core/aarch32/cortex_m/libarch__arm__core__aarch32__cortex_m.a(scb.c.obj)
 .debug_info    0x0000000000017b01      0x963 zephyr/arch/arch/arm/core/aarch32/cortex_m/libarch__arm__core__aarch32__cortex_m.a(thread_abort.c.obj)
 .debug_info    0x0000000000018464      0x624 zephyr/arch/arch/arm/core/aarch32/cortex_m/cmse/libarch__arm__core__aarch32__cortex_m__cmse.a(arm_core_cmse.c.obj)
 .debug_info    0x0000000000018a88      0x806 zephyr/arch/arch/arm/core/aarch32/mpu/libarch__arm__core__aarch32__mpu.a(arm_core_mpu.c.obj)
 .debug_info    0x000000000001928e     0x4897 zephyr/arch/arch/arm/core/aarch32/mpu/libarch__arm__core__aarch32__mpu.a(arm_mpu.c.obj)
 .debug_info    0x000000000001db25      0x730 zephyr/lib/libc/minimal/liblib__libc__minimal.a(string.c.obj)
 .debug_info    0x000000000001e255      0x1d9 zephyr/soc/arm/common/cortex_m/libsoc__arm__common__cortex_m.a(arm_mpu_regions.c.obj)
 .debug_info    0x000000000001e42e     0x47e7 zephyr/drivers/clock_control/libdrivers__clock_control.a(clock_control_nrf.c.obj)
 .debug_info    0x0000000000022c15     0x2274 zephyr/drivers/gpio/libdrivers__gpio.a(gpio_nrfx.c.obj)
 .debug_info    0x0000000000024e89     0x278e zephyr/drivers/timer/libdrivers__timer.a(nrf_rtc_timer.c.obj)
 .debug_info    0x0000000000027617     0x10b4 modules/nrf/lib/fatal_error/lib..__nrf__lib__fatal_error.a(fatal_error.c.obj)
 .debug_info    0x00000000000286cb      0x9f3 modules/nrf/subsys/fw_info/lib..__nrf__subsys__fw_info.a(fw_info.c.obj)
 .debug_info    0x00000000000290be      0x8a4 modules/hal_nordic/nrfx/libmodules__hal_nordic__nrfx.a(system_nrf5340_network.c.obj)
 .debug_info    0x0000000000029962      0x248 modules/hal_nordic/nrfx/libmodules__hal_nordic__nrfx.a(nrfx_glue.c.obj)
 .debug_info    0x0000000000029baa      0x339 modules/hal_nordic/nrfx/libmodules__hal_nordic__nrfx.a(nrfx_flag32_allocator.c.obj)
 .debug_info    0x0000000000029ee3     0x4a92 modules/hal_nordic/nrfx/libmodules__hal_nordic__nrfx.a(nrfx_clock.c.obj)
 .debug_info    0x000000000002e975     0x5803 modules/hal_nordic/nrfx/libmodules__hal_nordic__nrfx.a(nrfx_gpiote.c.obj)
 .debug_info    0x0000000000034178      0x670 zephyr/kernel/libkernel.a(errno.c.obj)
 .debug_info    0x00000000000347e8     0x27f8 zephyr/kernel/libkernel.a(fatal.c.obj)
 .debug_info    0x0000000000036fe0     0x1a41 zephyr/kernel/libkernel.a(init.c.obj)
 .debug_info    0x0000000000038a21     0x2776 zephyr/kernel/libkernel.a(thread.c.obj)
 .debug_info    0x000000000003b197      0x230 zephyr/kernel/libkernel.a(idle.c.obj)
 .debug_info    0x000000000003b3c7      0xbf8 zephyr/kernel/libkernel.a(sem.c.obj)
 .debug_info    0x000000000003bfbf     0x712b zephyr/kernel/libkernel.a(sched.c.obj)
 .debug_info    0x00000000000430ea      0x139 zephyr/kernel/libkernel.a(xip.c.obj)
 .debug_info    0x0000000000043223     0x154d zephyr/kernel/libkernel.a(timeout.c.obj)
 .debug_info    0x0000000000044770       0xc5 zephyr/kernel/libkernel.a(banner.c.obj)
 .debug_info    0x0000000000044835      0x6d8 zephyr/kernel/libkernel.a(device.c.obj)
 .debug_info    0x0000000000044f0d       0xdc zephyr/CMakeFiles/offsets.dir/./arch/arm/core/offsets/offsets.c.obj
 .debug_info    0x0000000000044fe9      0x1b7 zephyr/arch/common/libisr_tables.a(isr_tables.c.obj)

.debug_abbrev   0x0000000000000000     0x8c99
 *(SORT_BY_ALIGNMENT(.debug_abbrev))
 .debug_abbrev  0x0000000000000000       0x64 zephyr/CMakeFiles/zephyr_pre1.dir/dev_handles.c.obj
 .debug_abbrev  0x0000000000000064       0x46 app/libapp.a(main.c.obj)
 .debug_abbrev  0x00000000000000aa      0x4e8 zephyr/libzephyr.a(cbprintf_packaged.c.obj)
 .debug_abbrev  0x0000000000000592      0x322 zephyr/libzephyr.a(printk.c.obj)
 .debug_abbrev  0x00000000000008b4      0x23a zephyr/libzephyr.a(thread_entry.c.obj)
 .debug_abbrev  0x0000000000000aee      0x514 zephyr/libzephyr.a(onoff.c.obj)
 .debug_abbrev  0x0000000000001002      0x1bf zephyr/libzephyr.a(notify.c.obj)
 .debug_abbrev  0x00000000000011c1      0x3f1 zephyr/libzephyr.a(cbprintf_complete.c.obj)
 .debug_abbrev  0x00000000000015b2       0x2e zephyr/libzephyr.a(configs.c.obj)
 .debug_abbrev  0x00000000000015e0      0x3fb zephyr/libzephyr.a(soc.c.obj)
 .debug_abbrev  0x00000000000019db       0x14 zephyr/libzephyr.a(soc_nrf_common.S.obj)
 .debug_abbrev  0x00000000000019ef       0x12 zephyr/arch/arch/arm/core/aarch32/libarch__arm__core__aarch32.a(cpu_idle.S.obj)
 .debug_abbrev  0x0000000000001a01      0x2c9 zephyr/arch/arch/arm/core/aarch32/libarch__arm__core__aarch32.a(fatal.c.obj)
 .debug_abbrev  0x0000000000001cca      0x27d zephyr/arch/arch/arm/core/aarch32/libarch__arm__core__aarch32.a(irq_manage.c.obj)
 .debug_abbrev  0x0000000000001f47       0x70 zephyr/arch/arch/arm/core/aarch32/libarch__arm__core__aarch32.a(nmi.c.obj)
 .debug_abbrev  0x0000000000001fb7       0x14 zephyr/arch/arch/arm/core/aarch32/libarch__arm__core__aarch32.a(nmi_on_reset.S.obj)
 .debug_abbrev  0x0000000000001fcb      0x160 zephyr/arch/arch/arm/core/aarch32/libarch__arm__core__aarch32.a(prep_c.c.obj)
 .debug_abbrev  0x000000000000212b      0x1ea zephyr/arch/arch/arm/core/aarch32/libarch__arm__core__aarch32.a(swap.c.obj)
 .debug_abbrev  0x0000000000002315       0x12 zephyr/arch/arch/arm/core/aarch32/libarch__arm__core__aarch32.a(swap_helper.S.obj)
 .debug_abbrev  0x0000000000002327      0x25d zephyr/arch/arch/arm/core/aarch32/libarch__arm__core__aarch32.a(thread.c.obj)
 .debug_abbrev  0x0000000000002584       0x14 zephyr/arch/arch/arm/core/aarch32/libarch__arm__core__aarch32.a(isr_wrapper.S.obj)